INFO     : ~~~~~~~~~~~~~~~~~~~~~~~~~~~~~~~~~~~~~~~~~~~~~~~~~~~~~~~~~~~~~~~~~~~~~~~~~~~~~~~~
INFO     : Router Setup
INFO     : ~~~~~~~~~~~~~~~~~~~~~~~~~~~~~~~~~~~~~~~~~~~~~~~~~~~~~~~~~~~~~~~~~~~~~~~~~~~~~~~~
INFO     : [Setup Parallel Routing Scheduler]
INFO     : ~~~~~~~~~~~~~~~~~~~~~~~~~~~~~~~~~~~~~~~~~~~~~~~~~~~~~~~~~~~~~~~~~~~~~~~~~~~~~~~~
INFO     : Route Circuit with 4 threads
INFO     : ~~~~~~~~~~~~~~~~~~~~~~~~~~~~~~~~~~~~~~~~~~~~~~~~~~~~~~~~~~~~~~~~~~~~~~~~~~~~~~~~
INFO     : Beneficial skew enabled! Optimizing clock skews ... 
INFO     : Non-legalized beneficial skew improved geomean CPD by 0.00% (from 2185ps to 2185ps)
INFO     : CSS improved CPD of clock gpio_clk_27m by 0.00% (from 2185ps to 2185ps)
INFO     : Discretized beneficial skew improved geomean CPD by 0.00% (from 2185ps to 2185ps in 4 iterations and 0.0 sec)
INFO     : ~~~~~~~~~~~~~~~~~~~~~~~~~~~~~~~~~~~~~~~~~~~~~~~~~~~~~~~~~~~~~~~~~~~~~~~~~~~~~~~~
INFO     : Overridding delay budgets for 52 synchronizer-related pins
INFO     : Iter  1: overlap=688     heapops=80602      (0%) cpd=2185  frr=1.00  msec=86
INFO     : [Setup Delay Budgets | 18.0 ms]
INFO     : ~~~~~~~~~~~~~~~~~~~~~~~~~~~~~~~~~~~~~~~~~~~~~~~~~~~~~~~~~~~~~~~~~~~~~~~~~~~~~~~~
INFO     : Hold Fixing
INFO     : ~~~~~~~~~~~~~~~~~~~~~~~~~~~~~~~~~~~~~~~~~~~~~~~~~~~~~~~~~~~~~~~~~~~~~~~~~~~~~~~~
INFO     : Total min wire delay:     85429
INFO     : Hold fix wire delay:          0
INFO     : Hold fix delay ratio:     0.00%
INFO     : Pins requiring hold fix:  0.00%
INFO     : ~~~~~~~~~~~~~~~~~~~~~~~~~~~~~~~~~~~~~~~~~~~~~~~~~~~~~~~~~~~~~~~~~~~~~~~~~~~~~~~~
INFO     : Iter  2: overlap=211     heapops=51046      (49%) cpd=2225  frr=1.02  msec=29
INFO     : [Rebuild Parallel Routing Scheduler]
INFO     : Iter  3: overlap=74      heapops=29835      (69%) cpd=2325  frr=1.06  msec=24
INFO     : Iter  4: overlap=12      heapops=13803      (78%) cpd=2325  frr=1.06  msec=21
INFO     : Iter  5: overlap=3       heapops=5446       (82%) cpd=2325  frr=1.06  msec=17
INFO     : ~~~~~~~~~~~~~~~~~~~~~~~~~~~~~~~~~~~~~~~~~~~~~~~~~~~~~~~~~~~~~~~~~~~~~~~~~~~~~~~~
INFO     : Beneficial skew enabled! Optimizing clock skews ... 
INFO     : Non-legalized beneficial skew improved geomean CPD by 0.00% (from 2325ps to 2325ps)
INFO     : CSS improved CPD of clock gpio_clk_27m by 0.00% (from 2325ps to 2325ps)
INFO     : Discretized beneficial skew improved geomean CPD by 0.00% (from 2325ps to 2325ps in 1 iterations and 0.0 sec)
INFO     : ~~~~~~~~~~~~~~~~~~~~~~~~~~~~~~~~~~~~~~~~~~~~~~~~~~~~~~~~~~~~~~~~~~~~~~~~~~~~~~~~
INFO     : Iter  6: overlap=0       heapops=4704       (83%) cpd=2325  frr=1.06  msec=54
INFO     : ~~~~~~~~~~~~~~~~~~~~~~~~~~~~~~~~~~~~~~~~~~~~~~~~~~~~~~~~~~~~~~~~~~~~~~~~~~~~~~~~
INFO     : Routing Result
INFO     : ~~~~~~~~~~~~~~~~~~~~~~~~~~~~~~~~~~~~~~~~~~~~~~~~~~~~~~~~~~~~~~~~~~~~~~~~~~~~~~~~
INFO     : Routing Succeeded in 0.53 seconds taking 6 iterations! 
INFO     : 
INFO     : First iteration critical path delay = 2.185 ns 
INFO     : Last iteration critical path delay  = 2.325 ns (ratio = 1.06)
INFO     : Max Routing Heap Size = 655
INFO     : Routing trace written to file 'outflow/iris_ws.troutingtraces' 
INFO     : ~~~~~~~~~~~~~~~~~~~~~~~~~~~~~~~~~~~~~~~~~~~~~~~~~~~~~~~~~~~~~~~~~~~~~~~~~~~~~~~~
INFO     : Routing took 7.903770851 seconds [FlowMsg::StageDuration]
INFO     :     Routing took 9.11 seconds (approximately) in total CPU time [FlowMsg::StageDuration::CPUTime]
INFO     : Routing virtual memory usage: begin = 314.356 MB, end = 506.86 MB, delta = 192.504 MB [FlowMsg::VMUsage]
INFO     : Routing resident set memory usage: begin = 145.888 MB, end = 249.528 MB, delta = 103.64 MB [FlowMsg::RSSUsage]
INFO     :     Routing peak resident set memory usage = 348.884 MB [FlowMsg::RSSUsage::Peak]
           ***** Beginning stage final timing analysis ... *****
INFO     : SDC file 'iris_ws.pt.sdc' parsed successfully.
Maximum possible analyzed clocks frequency
 Clock Name  Period (ns)  Frequency (MHz)     Edge
gpio_clk_27m    2.451        407.997         (R-R)

Geomean max period: 2.451

Setup (Max) Clock Relationship
  Launch Clock    Capture Clock   Constraint (ns)     Slack (ns)          Edge
  gpio_clk_27m     gpio_clk_27m        37.037           34.586           (R-R)

Hold (Min) Clock Relationship
  Launch Clock    Capture Clock   Constraint (ns)     Slack (ns)          Edge
  gpio_clk_27m     gpio_clk_27m        0.000            0.085            (R-R)

INFO     : Write Timing Report to "outflow/iris_ws.timing.rpt" ...
INFO     : final timing analysis took 4.716074562 seconds [FlowMsg::StageDuration]
INFO     :     final timing analysis took 4.69 seconds (approximately) in total CPU time [FlowMsg::StageDuration::CPUTime]
INFO     : final timing analysis virtual memory usage: begin = 506.86 MB, end = 506.86 MB, delta = 0 MB [FlowMsg::VMUsage]
INFO     : final timing analysis resident set memory usage: begin = 248.104 MB, end = 248.872 MB, delta = 0.768 MB [FlowMsg::RSSUsage]
INFO     :     final timing analysis peak resident set memory usage = 348.884 MB [FlowMsg::RSSUsage::Peak]
           ***** Ending stage final timing analysis *****
           
           ***** Beginning stage bitstream generation ... *****
INFO     : Reading core interface constraints file "outflow/iris_ws.interface.csv" [DBMsg::CoreInterfaceConstraintsFileReading]
INFO     : Successfully read core interface constraints file "outflow/iris_ws.interface.csv" [DBMsg::CoreInterfaceConstraintsFileLoadSuccess]
INFO     : Finished writing bitstream file work_pnr/iris_ws.lbf.
INFO     : Bitstream generation took 1.582370775 seconds [FlowMsg::StageDuration]
INFO     :     Bitstream generation took 1.53 seconds (approximately) in total CPU time [FlowMsg::StageDuration::CPUTime]
INFO     : Bitstream generation virtual memory usage: begin = 506.86 MB, end = 541.1 MB, delta = 34.24 MB [FlowMsg::VMUsage]
INFO     : Bitstream generation resident set memory usage: begin = 247.944 MB, end = 303.048 MB, delta = 55.104 MB [FlowMsg::RSSUsage]
INFO     :     Bitstream generation peak resident set memory usage = 348.884 MB [FlowMsg::RSSUsage::Peak]
INFO     : The entire flow of EFX_PNR took 28.6594795 seconds [FlowMsg::StageDuration]
INFO     :     The entire flow of EFX_PNR took 32.88 seconds (approximately) in total CPU time [FlowMsg::StageDuration::CPUTime]
INFO     : The entire flow of EFX_PNR virtual memory usage: begin = 133.904 MB, end = 541.1 MB, delta = 407.196 MB [FlowMsg::VMUsage]
INFO     : The entire flow of EFX_PNR resident set memory usage: begin = 43.012 MB, end = 303.048 MB, delta = 260.036 MB [FlowMsg::RSSUsage]
INFO     :     The entire flow of EFX_PNR peak resident set memory usage = 348.884 MB [FlowMsg::RSSUsage::Peak]
