           
           Elitestek FPGA Placement and Routing.
           Version: 2026.1.132.4.5 
           Compiled: May 29 2026.
           
           Copyright (C) 2013 - 2026 Efinix, Inc. All rights reserved.

           
           The Tool Is Based on VPR of University of Toronto,
           a free open source code under MIT license.
           
INFO     : Reading core interface constraints file "outflow/iris_ws.interface.csv" [DBMsg::CoreInterfaceConstraintsFileReading]
INFO     : Successfully read core interface constraints file "outflow/iris_ws.interface.csv" [DBMsg::CoreInterfaceConstraintsFileLoadSuccess]
INFO     : Creating interface clock pin CLK_25M [DBMsg::NetlistInterfaceClockPinCreated]
INFO     : Creating interface clock pin hdmi_tx_fast_clk [DBMsg::NetlistInterfaceClockPinCreated]
INFO     : Reading core interface constraints file "outflow/iris_ws.interface.csv" [DBMsg::CoreInterfaceConstraintsFileReading]
INFO     : Successfully read core interface constraints file "outflow/iris_ws.interface.csv" [DBMsg::CoreInterfaceConstraintsFileLoadSuccess]
INFO     : XLR count after merging: 614
INFO     : Netlist has 327 luts, 274 ffs and 165 adders [PackerMsg::NetlistStatistics]
INFO     : Packed into 614 clusters with 2.387622(0.93485343) inputs(outputs) per cluster for a total of 1466(574) inputs(outputs) [PackerMsg::ClusterPackingStatistics]
INFO     : Packed into 614 xlrs with 2.387622(0.93485343) inputs(outputs) per xlr for a total of 1466(574) inputs(outputs) [PackerMsg::XLRPackingStatistics]
INFO     : Packed 0 fracturable DSPs into 0 clusters [PackerMsg::DSPPackingStatistics]
INFO     : Packing took 0.874283617 seconds [FlowMsg::StageDuration]
INFO     :     Packing took 0.85 seconds (approximately) in total CPU time [FlowMsg::StageDuration::CPUTime]
INFO     : Packing virtual memory usage: begin = 177.368 MB, end = 254.572 MB, delta = 77.204 MB [FlowMsg::VMUsage]
INFO     : Packing resident set memory usage: begin = 87.748 MB, end = 160.444 MB, delta = 72.696 MB [FlowMsg::RSSUsage]
INFO     :     Packing peak resident set memory usage = 160.444 MB [FlowMsg::RSSUsage::Peak]
INFO     : SDC file 'iris_ws.pt.sdc' parsed successfully.
INFO     : Reading core interface constraints file "outflow/iris_ws.interface.csv" [DBMsg::CoreInterfaceConstraintsFileReading]
INFO     : Successfully read core interface constraints file "outflow/iris_ws.interface.csv" [DBMsg::CoreInterfaceConstraintsFileLoadSuccess]
WARNING  : Synchronizer chain starting at cell inst_rst/r_srst_1P[0]~FF is driven by a non-sequential source VCC:O [FlowMsg::SyncHeadDrivenByNonSeq]
WARNING  : Synchronizer chain starting at cell DC_FIFO_inst/WrClkRstGen[1]~FF is driven by a non-sequential source LUT__1865:O [FlowMsg::SyncHeadDrivenByNonSeq]
WARNING  : Synchronizer chain starting at cell DC_FIFO_inst/WrClkRstGen[0]~FF is driven by a non-sequential source LUT__1864:O [FlowMsg::SyncHeadDrivenByNonSeq]
INFO     : Starting Global Placer with 4 threads ...
            ----------     -------  --------------     -------
             Iteration       WHPWL Worst Slack (ps) Convergence
            ----------     -------  --------------     -------
INFO     :           1       33870           35165         3.0%
INFO     :           2       26982           35165         4.3%
INFO     :           3       20947           35165         6.6%
INFO     :           4       18541           35197         8.2%
INFO     :           5       15961           35266        12.4%
INFO     :           6       13074           35266        19.3%
INFO     :           7       12169           35169        24.4%
INFO     :           8       10852           35169        25.9%
INFO     :           9       10549           35169        29.5%
INFO     :          10        9413           35169        34.3%
INFO     :          11        8850           35174        40.0%
INFO     :          12        8602           35141        43.0%
INFO     :          13        8448           35141        46.9%
INFO     :          14        8479           35127        48.9%
INFO     :          15        8339           35127        50.1%
INFO     :          16        8146           35127        51.2%
INFO     :          17        8042           35112        52.2%
INFO     :          18        8047           35220        53.7%
INFO     :          19        8223           35230        54.3%
INFO     :          20        8085           35153        54.3%
INFO     :          21        8045           35120        56.3%
INFO     :          22        8086           35120        57.5%
INFO     :          23        8027           35127        58.5%
INFO     :          24        8176           35112        59.6%
INFO     :          25        8136           35105        59.6%
INFO     :          26        8215           35129        59.6%
INFO     :          27        8121           35129        61.2%
INFO     :          28        8140           35008        63.2%
INFO     :          29        8180           35019        63.2%
INFO     :          30        7964           35027        64.7%
INFO     :          31        7899           35008        66.4%
INFO     :          32        7963           35008        66.4%
INFO     :          33        7932           35008        67.0%
INFO     :          34        7913           35010        68.4%
INFO     :          35        7902           35010        69.0%
INFO     :          36        7943           35004        69.0%
INFO     :          37        7940           35010        70.4%
INFO     :          38        7901           35004        71.9%
INFO     :          39        8043           35027        71.9%
INFO     :          40        7860           35004        72.1%
INFO     :          41        7895           35004        73.1%
INFO     :          42        8017           35004        73.1%
INFO     :          43        8023           35004        73.1%
INFO     :          44        7998           35004        75.2%
INFO     :          45        8023           35010        76.0%
INFO     :          46        7919           35001        79.2%
INFO     :          47        7850           34946        80.1%
INFO     :          48        7840           35008        81.4%
INFO     :          49        7769           35010        82.8%
INFO     :          50        7711           35008        83.0%
INFO     :          51        7754           35008        84.8%
INFO     :          52        7825           35004        84.8%
INFO     :          53        7804           35004        85.6%
INFO     :          54        7760           35004        85.7%
INFO     :          55        7877           35004        86.3%
INFO     :          56        7875           35004        87.6%
INFO     :          57        7856           35004        89.1%
INFO     :          58        7817           35004        89.9%
INFO     :          59        7757           35004        91.4%
INFO     :          60        7851           35004        92.0%
INFO     :          61        7774           35004        92.6%
INFO     :          62        7720           34954        93.9%
INFO     :          63        7581           34954        93.9%
INFO     :          64        7545           34954        96.0%
INFO     :          65        7569           34954        98.0%
INFO     :          66        7550           34954        98.3%
INFO     :          67        7573           34954        98.7%
INFO     :          68        7576           34954        99.0%
INFO     :          69        7585           34954        99.7%
INFO     : GP: best_placement: wpd: 0
INFO     : Starting Annealer
            ----------     -------  --------------     -------
             Iteration       WHPWL  Delay Max (ps)     R Limit
            ----------     -------  --------------     -------
INFO     :           0        2489            1957        30.0
INFO     :           1        2636            2115        29.7
INFO     :           2        2760            2300        28.7
INFO     :           3        2687            2012        27.4
INFO     :           4        2540            2339        25.8
INFO     :           5        2400            1984        24.4
INFO     :           6        2499            2021        22.8
INFO     :           7        2469            2221        21.3
INFO     :           8        2439            1898        19.8
INFO     :           9        2338            1963        18.4
INFO     :          10        2301            2017        16.9
INFO     :          11        2216            1978        15.5
INFO     :          12        2156            2130        14.3
INFO     :          13        2125            2097        13.1
INFO     :          14        2065            2060        12.0
INFO     :          15        2052            2091        10.9
INFO     :          16        2052            1987        10.0
INFO     :          17        2037            1971         9.1
INFO     :          18        2002            2077         8.3
INFO     :          19        1996            2094         7.5
INFO     :          20        1970            2153         6.9
INFO     :          21        1989            2068         6.2
INFO     :          22        1974            2199         5.7
INFO     :          23        1951            2199         5.1
INFO     :          24        1931            2199         4.5
INFO     : DP: best_placement: wpd: 0
INFO     : Placement successful: 615 cells are placed
INFO     : Peak congestion smeared over 4x4 of the chip is 0.453017 at 44,48
INFO     : Peak congestion smeared over 1/16 of the chip is 0.19397 at 219,182
INFO     : Peak congestion smeared over 1/4 of the chip is 0.0473406 at 3,2
INFO     : Congestion-weighted HPWL per net: 6.57046
INFO     : Post-placement cluster-level checks is successful
INFO     : Post-placement primitive-level checks is successful
INFO     : Placement took 7.941680404 seconds [FlowMsg::StageDuration]
INFO     :     Placement took 11.12 seconds (approximately) in total CPU time [FlowMsg::StageDuration::CPUTime]
INFO     : Placement virtual memory usage: begin = 254.572 MB, end = 314.356 MB, delta = 59.784 MB [FlowMsg::VMUsage]
INFO     : Placement resident set memory usage: begin = 95.652 MB, end = 163.404 MB, delta = 67.752 MB [FlowMsg::RSSUsage]
INFO     :     Placement peak resident set memory usage = 186.792 MB [FlowMsg::RSSUsage::Peak]
INFO     : SDC file 'iris_ws.pt.sdc' parsed successfully.
Maximum possible analyzed clocks frequency
 Clock Name  Period (ns)  Frequency (MHz)     Edge
gpio_clk_27m    2.325        430.108         (R-R)

Geomean max period: 2.325

Setup (Max) Clock Relationship
  Launch Clock    Capture Clock   Constraint (ns)     Slack (ns)          Edge
  gpio_clk_27m     gpio_clk_27m        37.037           34.712           (R-R)

Hold (Min) Clock Relationship
  Launch Clock    Capture Clock   Constraint (ns)     Slack (ns)          Edge
  gpio_clk_27m     gpio_clk_27m        0.000            0.179            (R-R)

INFO     : Write Timing Report to "outflow/iris_ws.place.timing.rpt" ...
