INFO     : Elitestek FPGA Synthesis.
INFO     : Version: 2026.1.132.4.5
INFO     : Compiled: Aug 31 2026.
INFO     : 
INFO     : Copyright (C) 2013 - 2026 Efinix, Inc. All rights reserved.

INFO     : Reading project database "/home/fr/Program/FPGA/Iris/iris_ws/iris_ws.xml" [FlowMsg::ProjectDatabaseReading]
INFO     : Maximum concurrency has been set to 4 [FlowMsg::MaxThreads]
INFO     : Reading project database "/home/fr/Program/FPGA/Iris/iris_ws/iris_ws.xml" [FlowMsg::ProjectDatabaseReading]
INFO     : ***** Beginning Analysis ... *****
INFO     : default VHDL library search path is now "/home/fr/efinity/2026.1/sim_models/vhdl/packages/vhdl_2008" [VHDL-1504]
INFO     : Restoring all Verilog modules from file '/home/fr/efinity/2026.1/sim_models/maplib/perilib_efxlib_parsetree.vdb' [VERI-2484]
INFO     : Restoring all Verilog modules from file '/home/fr/efinity/2026.1/sim_models/maplib/maplib_efxlib_parsetree.vdb' [VERI-2484]
INFO     : Analyzing Verilog file '/home/fr/efinity/2026.1/sim_models/maplib/efinix_maplib.v' [VERI-1482]
INFO     : Analyzing Verilog file '/home/fr/efinity/2026.1/sim_models/maplib/efinix_peri_lib.v' [VERI-1482]
INFO     : Analyzing Verilog file '/home/fr/Program/FPGA/Iris/iris_ws/src/top.v' [VERI-1482]
INFO     : Analyzing Verilog file '/home/fr/Program/FPGA/Iris/iris_ws/src/hdmi/color_bar_rgb.v' [VERI-1482]
INFO     : Analyzing Verilog file '/home/fr/Program/FPGA/Iris/iris_ws/src/hdmi/dvi_encoder.v' [VERI-1482]
INFO     : Analyzing Verilog file '/home/fr/Program/FPGA/Iris/iris_ws/src/hdmi/encode.v' [VERI-1482]
INFO     : Analyzing Verilog file '/home/fr/Program/FPGA/Iris/iris_ws/src/hdmi/reset.v' [VERI-1482]
INFO     : Analyzing Verilog file '/home/fr/Program/FPGA/Iris/iris_ws/src/uart/uart_rx.v' [VERI-1482]
INFO     : Analyzing Verilog file '/home/fr/Program/FPGA/Iris/iris_ws/src/uart/uart_tx.v' [VERI-1482]
INFO     : Analyzing Verilog file '/home/fr/Program/FPGA/Iris/iris_ws/src/uart/uart_rx_tx.v' [VERI-1482]
INFO     : /home/fr/Program/FPGA/Iris/iris_ws/src/uart/uart_rx_tx.v(35): undeclared symbol 'tx_over', assumed default net type 'wire' [VERI-2561]
INFO     : /home/fr/Program/FPGA/Iris/iris_ws/src/uart/uart_rx_tx.v(36): undeclared symbol 'tx_busy', assumed default net type 'wire' [VERI-2561]
INFO     : /home/fr/Program/FPGA/Iris/iris_ws/src/uart/uart_rx_tx.v(53): undeclared symbol 'frame_error', assumed default net type 'wire' [VERI-2561]
INFO     : /home/fr/Program/FPGA/Iris/iris_ws/src/uart/uart_rx_tx.v(54): undeclared symbol 'checksum_error', assumed default net type 'wire' [VERI-2561]
INFO     : Analyzing Verilog file '/home/fr/Program/FPGA/Iris/iris_ws/src/uart/DC_FIFO_v3p7.v' [VERI-1482]
WARNING  : /home/fr/Program/FPGA/Iris/iris_ws/src/uart/DC_FIFO_v3p7.v(778): parameter 'TCo_C' becomes localparam in 'GrayDecode' with formal parameter declaration list [VERI-1199]
INFO     : Analysis took 0.027215865 seconds [FlowMsg::StageDuration]
INFO     :     Analysis took 0.03 seconds (approximately) in total CPU time [FlowMsg::StageDuration::CPUTime]
INFO     : Analysis virtual memory usage: begin = 151.744 MB, end = 151.744 MB, delta = 0 MB [FlowMsg::VMUsage]
INFO     : Analysis resident set memory usage: begin = 82.448 MB, end = 86.724 MB, delta = 4.276 MB [FlowMsg::RSSUsage]
INFO     :     Analysis peak resident set memory usage = 86.724 MB [FlowMsg::RSSUsage::Peak]
INFO     : ***** Ending Analysis ... *****
INFO     : ***** Beginning Elaboration ... *****
WARNING  : /home/fr/Program/FPGA/Iris/iris_ws/src/top.v(164): port 'i_cfg_vid' remains unconnected for this instance [VERI-1927]
INFO     : /home/fr/Program/FPGA/Iris/iris_ws/src/top.v(5): compiling module 'top' [VERI-1018]
INFO     : /home/fr/Program/FPGA/Iris/iris_ws/src/uart/DC_FIFO_v3p7.v(114): compiling module 'DC_FIFO(DATA_WIDTH=8)' [VERI-1018]
INFO     : /home/fr/Program/FPGA/Iris/iris_ws/src/uart/DC_FIFO_v3p7.v(211): extracting RAM for identifier 'FifoBuff' [VERI-2571]
INFO     : /home/fr/Program/FPGA/Iris/iris_ws/src/uart/DC_FIFO_v3p7.v(571): compiling module 'FifoAddrCnt(CounterWidth_C=7)' [VERI-1018]
INFO     : /home/fr/Program/FPGA/Iris/iris_ws/src/uart/DC_FIFO_v3p7.v(663): compiling module 'GrayCnt(CounterWidth_C=7)' [VERI-1018]
INFO     : /home/fr/Program/FPGA/Iris/iris_ws/src/uart/DC_FIFO_v3p7.v(767): compiling module 'GrayDecode(DataWidht_C=7)' [VERI-1018]
INFO     : /home/fr/Program/FPGA/Iris/iris_ws/src/uart/uart_rx_tx.v(1): compiling module 'uart_rx_tx(STOP_BIT_W=1)' [VERI-1018]
INFO     : /home/fr/Program/FPGA/Iris/iris_ws/src/uart/uart_tx.v(3): compiling module 'uart_tx(BPS_CNT=234,STOP_BIT_W=1)' [VERI-1018]
INFO     : /home/fr/Program/FPGA/Iris/iris_ws/src/uart/uart_rx.v(3): compiling module 'uart_rx(BPS_CNT=234)' [VERI-1018]
WARNING  : /home/fr/Program/FPGA/Iris/iris_ws/src/uart/uart_rx.v(68): expression size 17 truncated to fit in target size 16 [VERI-1209]
WARNING  : /home/fr/Program/FPGA/Iris/iris_ws/src/uart/uart_rx.v(106): expression size 2 truncated to fit in target size 1 [VERI-1209]
WARNING  : /home/fr/Program/FPGA/Iris/iris_ws/src/uart/uart_rx.v(108): expression size 2 truncated to fit in target size 1 [VERI-1209]
WARNING  : /home/fr/Program/FPGA/Iris/iris_ws/src/uart/uart_rx.v(188): net 'frame_error_r[1]' does not have a driver [VDB-1002]
INFO     : /home/fr/Program/FPGA/Iris/iris_ws/src/hdmi/reset.v(1): compiling module 'reset(OUT_RST_ACTIVE="LOW",CYCLE=3)' [VERI-1018]
INFO     : /home/fr/Program/FPGA/Iris/iris_ws/src/hdmi/color_bar_rgb.v(3): compiling module 'color_bar_rgb(SYMBOL_WIDTH=8,SYMBOL_NUM=3,PAR_PIXEL_NUM=1,HFP=8'b01111000,HST=8'b010,HACT=12'b011110000000,HBP=8'b01011000,VFP=8'b010100,VST=8'b010,VACT=12'b011000000000,VBP=8'b010100,TEST_MODE=2'b10)' [VERI-1018]
INFO     : /home/fr/Program/FPGA/Iris/iris_ws/src/hdmi/dvi_encoder.v(2): compiling module 'dvi_encoder' [VERI-1018]
INFO     : /home/fr/Program/FPGA/Iris/iris_ws/src/hdmi/encode.v(46): compiling module 'encode' [VERI-1018]
WARNING  : /home/fr/Program/FPGA/Iris/iris_ws/src/hdmi/encode.v(167): expression size 9 truncated to fit in target size 8 [VERI-1209]
WARNING  : /home/fr/Program/FPGA/Iris/iris_ws/src/top.v(157): input port 'i_cfg_vid[23]' is not connected on this instance [VDB-1013]
INFO     : Elaboration took 0.0268932 seconds [FlowMsg::StageDuration]
INFO     :     Elaboration took 0.02 seconds (approximately) in total CPU time [FlowMsg::StageDuration::CPUTime]
INFO     : Elaboration virtual memory usage: begin = 151.744 MB, end = 151.744 MB, delta = 0 MB [FlowMsg::VMUsage]
INFO     : Elaboration resident set memory usage: begin = 86.852 MB, end = 88.412 MB, delta = 1.56 MB [FlowMsg::RSSUsage]
INFO     :     Elaboration peak resident set memory usage = 88.412 MB [FlowMsg::RSSUsage::Peak]
INFO     : ***** Ending Elaboration ... *****
INFO     : ... Setting Synthesis Option: mode=speed
INFO     : ***** Beginning Reading Mapping Library ... *****
INFO     : Reading Mapping Library took 0.003770677 seconds [FlowMsg::StageDuration]
INFO     :     Reading Mapping Library took 0.01 seconds (approximately) in total CPU time [FlowMsg::StageDuration::CPUTime]
INFO     : Reading Mapping Library virtual memory usage: begin = 151.744 MB, end = 151.744 MB, delta = 0 MB [FlowMsg::VMUsage]
INFO     : Reading Mapping Library resident set memory usage: begin = 90.712 MB, end = 90.712 MB, delta = 0 MB [FlowMsg::RSSUsage]
INFO     :     Reading Mapping Library peak resident set memory usage = 90.712 MB [FlowMsg::RSSUsage::Peak]
INFO     : ***** Ending Reading Mapping Library ... *****
INFO     : ... Pre-synthesis checks begin
INFO     : Module Instance 'U1_AddrCnt' input pin 'SyncClr' is tied to constant (=0). [EFX-0266]
WARNING  : Removing redundant signal : i[31:0]. (/home/fr/Program/FPGA/Iris/iris_ws/src/uart/DC_FIFO_v3p7.v:785) [EFX-0200]
INFO     : ... Memory 'FifoBuff' is not initialized, assuming empty initial contents. (/home/fr/Program/FPGA/Iris/iris_ws/src/uart/DC_FIFO_v3p7.v:211) [EFX-0677]
WARNING  : Removing redundant signal : bit_cnt[3:0]. (/home/fr/Program/FPGA/Iris/iris_ws/src/uart/uart_tx.v:78) [EFX-0200]
WARNING  : Removing redundant signal : de_r1. (/home/fr/Program/FPGA/Iris/iris_ws/src/hdmi/color_bar_rgb.v:82) [EFX-0200]
WARNING  : Removing redundant signal : i_cfg_vid[23:0]. (/home/fr/Program/FPGA/Iris/iris_ws/src/hdmi/color_bar_rgb.v:23) [EFX-0200]
INFO     : Module Instance 'encr' input pin 'c0' is tied to constant (=0). [EFX-0266]
INFO     : Module Instance 'encr' input pin 'c1' is tied to constant (=0). [EFX-0266]
INFO     : Module Instance 'encg' input pin 'c0' is tied to constant (=0). [EFX-0266]
INFO     : Module Instance 'encg' input pin 'c1' is tied to constant (=0). [EFX-0266]
INFO     : Module Instance 'DC_FIFO_inst' input pin 'Reset' is tied to constant (=0). [EFX-0266]
INFO     : Module Instance 'uart_rx_tx_inst' input pin 'rst_n' is tied to constant (=1). [EFX-0266]
WARNING  : Re-wiring to GND non-driven net/port 'i_cfg_vid[23]' in module 'color_bar_rgb(SYMBOL_WIDTH=8,SYMBOL_NUM=3,PAR_PIXEL_NUM=1,HFP=8'b01111000,HST=8'b010,HACT=12'b011110000000,HBP=8'b01011000,VFP=8'b010100,VST=8'b010,VACT=12'b011000000000,VBP=8'b010100,TEST_MODE=2'b10)'. (/home/fr/Program/FPGA/Iris/iris_ws/src/top.v:157) [EFX-0201]
WARNING  : Re-wiring to GND non-driven net/port 'i_cfg_vid[22]' in module 'color_bar_rgb(SYMBOL_WIDTH=8,SYMBOL_NUM=3,PAR_PIXEL_NUM=1,HFP=8'b01111000,HST=8'b010,HACT=12'b011110000000,HBP=8'b01011000,VFP=8'b010100,VST=8'b010,VACT=12'b011000000000,VBP=8'b010100,TEST_MODE=2'b10)'. (/home/fr/Program/FPGA/Iris/iris_ws/src/top.v:157) [EFX-0201]
WARNING  : Re-wiring to GND non-driven net/port 'i_cfg_vid[21]' in module 'color_bar_rgb(SYMBOL_WIDTH=8,SYMBOL_NUM=3,PAR_PIXEL_NUM=1,HFP=8'b01111000,HST=8'b010,HACT=12'b011110000000,HBP=8'b01011000,VFP=8'b010100,VST=8'b010,VACT=12'b011000000000,VBP=8'b010100,TEST_MODE=2'b10)'. (/home/fr/Program/FPGA/Iris/iris_ws/src/top.v:157) [EFX-0201]
WARNING  : Re-wiring to GND non-driven net/port 'i_cfg_vid[20]' in module 'color_bar_rgb(SYMBOL_WIDTH=8,SYMBOL_NUM=3,PAR_PIXEL_NUM=1,HFP=8'b01111000,HST=8'b010,HACT=12'b011110000000,HBP=8'b01011000,VFP=8'b010100,VST=8'b010,VACT=12'b011000000000,VBP=8'b010100,TEST_MODE=2'b10)'. (/home/fr/Program/FPGA/Iris/iris_ws/src/top.v:157) [EFX-0201]
WARNING  : Re-wiring to GND non-driven net/port 'i_cfg_vid[19]' in module 'color_bar_rgb(SYMBOL_WIDTH=8,SYMBOL_NUM=3,PAR_PIXEL_NUM=1,HFP=8'b01111000,HST=8'b010,HACT=12'b011110000000,HBP=8'b01011000,VFP=8'b010100,VST=8'b010,VACT=12'b011000000000,VBP=8'b010100,TEST_MODE=2'b10)'. (/home/fr/Program/FPGA/Iris/iris_ws/src/top.v:157) [EFX-0201]
WARNING  : Re-wiring to GND non-driven net/port 'i_cfg_vid[18]' in module 'color_bar_rgb(SYMBOL_WIDTH=8,SYMBOL_NUM=3,PAR_PIXEL_NUM=1,HFP=8'b01111000,HST=8'b010,HACT=12'b011110000000,HBP=8'b01011000,VFP=8'b010100,VST=8'b010,VACT=12'b011000000000,VBP=8'b010100,TEST_MODE=2'b10)'. (/home/fr/Program/FPGA/Iris/iris_ws/src/top.v:157) [EFX-0201]
WARNING  : Re-wiring to GND non-driven net/port 'i_cfg_vid[17]' in module 'color_bar_rgb(SYMBOL_WIDTH=8,SYMBOL_NUM=3,PAR_PIXEL_NUM=1,HFP=8'b01111000,HST=8'b010,HACT=12'b011110000000,HBP=8'b01011000,VFP=8'b010100,VST=8'b010,VACT=12'b011000000000,VBP=8'b010100,TEST_MODE=2'b10)'. (/home/fr/Program/FPGA/Iris/iris_ws/src/top.v:157) [EFX-0201]
WARNING  : Re-wiring to GND non-driven net/port 'i_cfg_vid[16]' in module 'color_bar_rgb(SYMBOL_WIDTH=8,SYMBOL_NUM=3,PAR_PIXEL_NUM=1,HFP=8'b01111000,HST=8'b010,HACT=12'b011110000000,HBP=8'b01011000,VFP=8'b010100,VST=8'b010,VACT=12'b011000000000,VBP=8'b010100,TEST_MODE=2'b10)'. (/home/fr/Program/FPGA/Iris/iris_ws/src/top.v:157) [EFX-0201]
WARNING  : Re-wiring to GND non-driven net/port 'i_cfg_vid[15]' in module 'color_bar_rgb(SYMBOL_WIDTH=8,SYMBOL_NUM=3,PAR_PIXEL_NUM=1,HFP=8'b01111000,HST=8'b010,HACT=12'b011110000000,HBP=8'b01011000,VFP=8'b010100,VST=8'b010,VACT=12'b011000000000,VBP=8'b010100,TEST_MODE=2'b10)'. (/home/fr/Program/FPGA/Iris/iris_ws/src/top.v:157) [EFX-0201]
WARNING  : Re-wiring to GND non-driven net/port 'i_cfg_vid[14]' in module 'color_bar_rgb(SYMBOL_WIDTH=8,SYMBOL_NUM=3,PAR_PIXEL_NUM=1,HFP=8'b01111000,HST=8'b010,HACT=12'b011110000000,HBP=8'b01011000,VFP=8'b010100,VST=8'b010,VACT=12'b011000000000,VBP=8'b010100,TEST_MODE=2'b10)'. (/home/fr/Program/FPGA/Iris/iris_ws/src/top.v:157) [EFX-0201]
WARNING  : (The above message was generated too many times, subsequent similar messages will be muted.) [EFX-0201]
INFO     : ... Pre-synthesis checks end (Real time : 0s CPU user time : 0s CPU sys time : 0s MEM : 90968KB)
INFO     : ... NameSpace init begin
INFO     : ... NameSpace init end (Real time : 0s CPU user time : 0s CPU sys time : 0s MEM : 91096KB)
INFO     : ... Mapping design "top"
INFO     : ... Hierarchical pre-synthesis "GrayCnt(CounterWidth_C=7)" begin
INFO     : ... Hierarchical pre-synthesis "GrayCnt(CounterWidth_C=7)" end (Real time : 0s CPU user time : 0s CPU sys time : 0s MEM : 92248KB)
INFO     : ... Hierarchical pre-synthesis "FifoAddrCnt(CounterWidth_C=7)" begin
INFO     : ... Hierarchical pre-synthesis "FifoAddrCnt(CounterWidth_C=7)" end (Real time : 0s CPU user time : 0s CPU sys time : 0s MEM : 92248KB)
INFO     : ... Hierarchical pre-synthesis "GrayDecode(DataWidht_C=7)" begin
INFO     : ... Hierarchical pre-synthesis "GrayDecode(DataWidht_C=7)" end (Real time : 0s CPU user time : 0s CPU sys time : 0s MEM : 92248KB)
INFO     : ... Hierarchical pre-synthesis "DC_FIFO(DATA_WIDTH=8)" begin
INFO     : ... Hierarchical pre-synthesis "DC_FIFO(DATA_WIDTH=8)" end (Real time : 0s CPU user time : 0s CPU sys time : 0s MEM : 92760KB)
INFO     : ... Hierarchical pre-synthesis "uart_tx(BPS_CNT=234,STOP_BIT_W=1)" begin
INFO     : ... Hierarchical pre-synthesis "uart_tx(BPS_CNT=234,STOP_BIT_W=1)" end (Real time : 0s CPU user time : 0s CPU sys time : 0s MEM : 92760KB)
INFO     : ... Hierarchical pre-synthesis "uart_rx(BPS_CNT=234)" begin
INFO     : ... Hierarchical pre-synthesis "uart_rx(BPS_CNT=234)" end (Real time : 0s CPU user time : 0s CPU sys time : 0s MEM : 92760KB)
INFO     : ... Hierarchical pre-synthesis "uart_rx_tx(STOP_BIT_W=1)" begin
INFO     : ... Hierarchical pre-synthesis "uart_rx_tx(STOP_BIT_W=1)" end (Real time : 0s CPU user time : 0s CPU sys time : 0s MEM : 92760KB)
INFO     : ... Hierarchical pre-synthesis "reset(OUT_RST_ACTIVE="LOW",CYCLE=3)" begin
INFO     : ... Hierarchical pre-synthesis "reset(OUT_RST_ACTIVE="LOW",CYCLE=3)" end (Real time : 0s CPU user time : 0s CPU sys time : 0s MEM : 92760KB)
INFO     : ... Hierarchical pre-synthesis "color_bar_rgb(SYMBOL_WIDTH=8,SYMBOL_NUM=3,PAR_PIXEL_NUM=1,HFP=8'b01111000,HST=8'b010,HACT=12'b011110000000,HBP=8'b01011000,VFP=8'b010100,VST=8'b010,VACT=12'b011000000000,VBP=8'b010100,TEST_MODE=2'b10)" begin
INFO     : ... Hierarchical pre-synthesis "color_bar_rgb(SYMBOL_WIDTH=8,SYMBOL_NUM=3,PAR_PIXEL_NUM=1,HFP=8'b01111000,HST=8'b010,HACT=12'b011110000000,HBP=8'b01011000,VFP=8'b010100,VST=8'b010,VACT=12'b011000000000,VBP=8'b010100,TEST_MODE=2'b10)" end (Real time : 0s CPU user time : 0s CPU sys time : 0s MEM : 92888KB)
INFO     : ... Hierarchical pre-synthesis "encode" begin
INFO     : ... Hierarchical pre-synthesis "encode" end (Real time : 0s CPU user time : 0s CPU sys time : 0s MEM : 92888KB)
INFO     : ... Hierarchical pre-synthesis "dvi_encoder" begin
INFO     : ... Hierarchical pre-synthesis "dvi_encoder" end (Real time : 0s CPU user time : 0s CPU sys time : 0s MEM : 92888KB)
INFO     : ... Hierarchical pre-synthesis "top" begin
INFO     : ... Clock Enable Synthesis Performed on 46 flops.
INFO     : ... Hierarchical pre-synthesis "top" end (Real time : 0s CPU user time : 0s CPU sys time : 0s MEM : 94168KB)
INFO     : ... Flat optimizations begin
INFO     : ... Flat optimizations end (Real time : 0s CPU user time : 0s CPU sys time : 0s MEM : 94296KB)
INFO     : ... Flat synthesis begin
INFO     : ... Flat synthesis end (Real time : 0s CPU user time : 0s CPU sys time : 0s MEM : 94552KB)
INFO     : ... Flat optimizations begin
INFO     : ... Flat optimizations end (Real time : 0s CPU user time : 0s CPU sys time : 0s MEM : 94552KB)
INFO     : ... Check and break combinational loops begin
INFO     : ... Check and break combinational loops end (Real time : 0s CPU user time : 0s CPU sys time : 0s MEM : 94552KB)
INFO     : ... Sequential Optimization begin
INFO     : ... Clock Network 'gpio_clk_27m' with 192 loads will be considered for sequential optimization.
INFO     : ... Clock Network 'hdmi_tx_slow_clk' with 147 loads will be considered for sequential optimization.
INFO     : ... Sequential Optimization deduced 537 equivalent points.
INFO     : ... Sequential Optimization end (Real time : 0s CPU user time : 1s CPU sys time : 0s MEM : 107484KB)
INFO     : ... Setup for logic synthesis begin
INFO     : ... Setup for logic synthesis end (Real time : 0s CPU user time : 1s CPU sys time : 0s MEM : 107484KB)
INFO     : ... LUT mapping begin
INFO     : ... LS, strategy: 3, nd: 312, ed: 1022, lv: 4, pw: 754.04
INFO     : ... LUT mapping end (Real time : 2s CPU user time : 2s CPU sys time : 0s MEM : 150948KB)
INFO     : ... Post-synthesis Verific netlist creation begin
INFO     : ... Post-synthesis Verific netlist creation end (Real time : 0s CPU user time : 2s CPU sys time : 0s MEM : 151076KB)
INFO     : ... Postmap Retiming Optimization begin
INFO     : ... Using advanced retiming technique.
INFO     : ... Clock Network 'gpio_clk_27m~gpio_clk_27m' with 189 loads will be considered for retiming optimization.
INFO     : ... Clock Network 'hdmi_tx_slow_clk~hdmi_tx_slow_clk' with 105 loads will be considered for retiming optimization.
INFO     : ... Performed 2 retime moves.
INFO     : ... Postmap Retiming Optimization end (Real time : 0s CPU user time : 3s CPU sys time : 0s MEM : 151076KB)
INFO     : ***** Beginning VDB Netlist Checker ... *****
INFO     : VDB Netlist Checker took 0.00119751 seconds [FlowMsg::StageDuration]
INFO     :     VDB Netlist Checker took 0.01 seconds (approximately) in total CPU time [FlowMsg::StageDuration::CPUTime]
INFO     : VDB Netlist Checker virtual memory usage: begin = 260.088 MB, end = 260.088 MB, delta = 0 MB [FlowMsg::VMUsage]
INFO     : VDB Netlist Checker resident set memory usage: begin = 112.484 MB, end = 112.484 MB, delta = 0 MB [FlowMsg::RSSUsage]
INFO     :     VDB Netlist Checker peak resident set memory usage = 151.076 MB [FlowMsg::RSSUsage::Peak]
INFO     : ***** Ending VDB Netlist Checker ... *****
INFO     : Resource Summary 
INFO     : ======================================= 
INFO     : EFX_ADD                 : 	165
INFO     : EFX_LUT4                : 	325
INFO     : EFX_FF                  : 	274
INFO     : EFX_RAM10               : 	1
INFO     : ======================================= 
INFO     : ... Post-Map Verilog Writer begin
INFO     : Writing netlist 'top' to Verilog file 'outflow/iris_ws.map.v' [VDB-1030]
INFO     : ... Post-Map Verilog Writer end (Real time : 0s CPU user time : 3s CPU sys time : 0s MEM : 151076KB)
INFO     : The entire flow of EFX_MAP took 3.236278707 seconds [FlowMsg::StageDuration]
INFO     :     The entire flow of EFX_MAP took 3.21 seconds (approximately) in total CPU time [FlowMsg::StageDuration::CPUTime]
INFO     : The entire flow of EFX_MAP virtual memory usage: begin = 108.416 MB, end = 260.088 MB, delta = 151.672 MB [FlowMsg::VMUsage]
INFO     : The entire flow of EFX_MAP resident set memory usage: begin = 34.524 MB, end = 117.4 MB, delta = 82.876 MB [FlowMsg::RSSUsage]
INFO     :     The entire flow of EFX_MAP peak resident set memory usage = 151.076 MB [FlowMsg::RSSUsage::Peak]
