
Efinix Static Timing Analysis Report
Version: 2026.1.132.4.5
Date: Thu Sep 17 02:40:59 2026

Copyright (C) 2013 - 2026 Efinix, Inc. All rights reserved.

Top-level Entity Name: iris_ws

SDC Filename: iris_ws.pt.sdc

Timing Model: I3
	process : typical
	temperature : -40C to 100C
	voltage : 0.95 +/-30mV
	speedgrade : 3
	technology : t16ff
	status : final

---------- Table of Contents (begin) ----------
   1. Clock Frequency Summary
   2. Clock Relationship Summary
   3. Path Details for Max Critical Paths
   4. Path Details for Min Critical Paths
---------- Table of Contents (end) ------------

---------- 1. Clock Frequency Summary (begin) ----------

User target constrained clocks
 Clock Name  Period (ns)  Frequency (MHz)    Waveform       Targets
CLK_25M         40.000        25.000      {0.000 20.000} {CLK_25M}     
gpio_clk_27m    37.037        27.000      {0.000 18.518} {gpio_clk_27m}

Maximum possible analyzed clocks frequency
 Clock Name  Period (ns)  Frequency (MHz)     Edge
gpio_clk_27m    2.451        407.997         (R-R)

Geomean max period: 2.451

---------- Clock Frequency Summary (end) ---------------

---------- 2. Clock Relationship Summary (begin) ----------

Setup (Max) Clock Relationship
  Launch Clock    Capture Clock   Constraint (ns)     Slack (ns)          Edge
  gpio_clk_27m     gpio_clk_27m        37.037           34.586           (R-R)

Hold (Min) Clock Relationship
  Launch Clock    Capture Clock   Constraint (ns)     Slack (ns)          Edge
  gpio_clk_27m     gpio_clk_27m        0.000            0.085            (R-R)

NOTE: Values are in nanoseconds.

---------- Clock Relationship Summary (end) ---------------

---------- 3. Path Details for Max Critical Paths (begin) ----------

################################################################################
Path Detail Report (gpio_clk_27m vs gpio_clk_27m)
################################################################################


++++ Path 1 ++++++++++++++++++++++++++++++++++++++++++++++++++++++++++++++++++++

Path Begin    : uart_rx_tx_inst/uart_tx01/tx_cnt[6]~FF|CLK
Path End      : uart_rx_tx_inst/uart_tx01/tx_cnt[15]~FF|SR
Launch Clock  : gpio_clk_27m (RISE)                       
Capture Clock : gpio_clk_27m (RISE)                       
Slack         : 34.586 (required time - arrival time)     
Delay         : 2.091                                     

Logic Level             : 4
Non-global nets on path : 5
Global nets on path     : 0

Launch Clock Path Delay        : 2.095
+ Clock To Q + Data Path Delay : 2.325
--------------------------------------
End-of-path arrival time       : 4.420

Constraint                     : 37.037
+ Capture Clock Path Delay     :  2.095
- Clock Uncertainty            :  0.126
---------------------------------------
End-of-path required time      : 39.006

Launch Clock Path
                   name                     model name   delay (ns)  cumulative delay (ns) pins on net    location
====================================================================================================================
gpio_clk_27m                                  input        0.000             0.000               0        (0,159)
gpio_clk_27m                                  input        0.126             0.126             192        (0,159)
gpio_clk_27m                                  net          1.969             2.095             192        (0,159)
   Routing elements:
      Manhattan distance of X:67, Y:111
uart_rx_tx_inst/uart_tx01/tx_cnt[6]~FF|CLK    EFX_FF       0.000             2.095             192        (67,48)

Data Path
                   name                     model name   delay (ns)  cumulative delay (ns) pins on net    location
====================================================================================================================
uart_rx_tx_inst/uart_tx01/tx_cnt[6]~FF|Q     EFX_FF        0.130             0.130               3        (67,48)
uart_rx_tx_inst/uart_tx01/tx_cnt[6]          net           0.437             0.567               3        (67,48)
   Routing elements:
      Manhattan distance of X:2, Y:3
LUT__1983|in[3]                              EFX_LUT4      0.063             0.630               3        (69,51)
LUT__1983|out                                EFX_LUT4      0.000             0.630               2        (69,51)
n912                                         net           0.302             0.932               2        (69,51)
   Routing elements:
      Manhattan distance of X:0, Y:1
LUT__1985|in[1]                              EFX_LUT4      0.063             0.995               2        (69,52)
LUT__1985|out                                EFX_LUT4      0.000             0.995               3        (69,52)
n914                                         net           0.256             1.251               3        (69,52)
   Routing elements:
      Manhattan distance of X:4, Y:2
LUT__1986|in[2]                              EFX_LUT4      0.061             1.312               3        (65,50)
LUT__1986|out                                EFX_LUT4      0.000             1.312               6        (65,50)
uart_rx_tx_inst/uart_tx01/equal_21/n31       net           0.343             1.655               6        (65,50)
   Routing elements:
      Manhattan distance of X:3, Y:6
LUT__1987|in[0]                              EFX_LUT4      0.061             1.716               6        (62,56)
LUT__1987|out                                EFX_LUT4      0.000             1.716              17        (62,56)
uart_rx_tx_inst/uart_tx01/n227               net           0.505             2.221              17        (62,56)
   Routing elements:
      Manhattan distance of X:5, Y:1
uart_rx_tx_inst/uart_tx01/tx_cnt[15]~FF|SR   EFX_FF        0.104             2.325              17        (67,57)

Capture Clock Path
                   name                      model name   delay (ns)  cumulative delay (ns) pins on net    location
=====================================================================================================================
gpio_clk_27m                                   input        0.000             0.000               0        (0,159)
gpio_clk_27m                                   input        0.126             0.126             192        (0,159)
gpio_clk_27m                                   net          1.969             2.095             192        (0,159)
   Routing elements:
      Manhattan distance of X:67, Y:102
uart_rx_tx_inst/uart_tx01/tx_cnt[15]~FF|CLK    EFX_FF       0.000             2.095             192        (67,57)

++++ Path 2 ++++++++++++++++++++++++++++++++++++++++++++++++++++++++++++++++++++

Path Begin    : uart_rx_tx_inst/uart_tx01/tx_cnt[6]~FF|CLK
Path End      : uart_rx_tx_inst/uart_tx01/tx_cnt[13]~FF|SR
Launch Clock  : gpio_clk_27m (RISE)                       
Capture Clock : gpio_clk_27m (RISE)                       
Slack         : 34.586 (required time - arrival time)     
Delay         : 2.091                                     

Logic Level             : 4
Non-global nets on path : 5
Global nets on path     : 0

Launch Clock Path Delay        : 2.095
+ Clock To Q + Data Path Delay : 2.325
--------------------------------------
End-of-path arrival time       : 4.420

Constraint                     : 37.037
+ Capture Clock Path Delay     :  2.095
- Clock Uncertainty            :  0.126
---------------------------------------
End-of-path required time      : 39.006

Launch Clock Path
                   name                     model name   delay (ns)  cumulative delay (ns) pins on net    location
====================================================================================================================
gpio_clk_27m                                  input        0.000             0.000               0        (0,159)
gpio_clk_27m                                  input        0.126             0.126             192        (0,159)
gpio_clk_27m                                  net          1.969             2.095             192        (0,159)
   Routing elements:
      Manhattan distance of X:67, Y:111
uart_rx_tx_inst/uart_tx01/tx_cnt[6]~FF|CLK    EFX_FF       0.000             2.095             192        (67,48)

Data Path
                   name                     model name   delay (ns)  cumulative delay (ns) pins on net    location
====================================================================================================================
uart_rx_tx_inst/uart_tx01/tx_cnt[6]~FF|Q     EFX_FF        0.130             0.130               3        (67,48)
uart_rx_tx_inst/uart_tx01/tx_cnt[6]          net           0.437             0.567               3        (67,48)
   Routing elements:
      Manhattan distance of X:2, Y:3
LUT__1983|in[3]                              EFX_LUT4      0.063             0.630               3        (69,51)
LUT__1983|out                                EFX_LUT4      0.000             0.630               2        (69,51)
n912                                         net           0.302             0.932               2        (69,51)
   Routing elements:
      Manhattan distance of X:0, Y:1
LUT__1985|in[1]                              EFX_LUT4      0.063             0.995               2        (69,52)
LUT__1985|out                                EFX_LUT4      0.000             0.995               3        (69,52)
n914                                         net           0.256             1.251               3        (69,52)
   Routing elements:
      Manhattan distance of X:4, Y:2
LUT__1986|in[2]                              EFX_LUT4      0.061             1.312               3        (65,50)
LUT__1986|out                                EFX_LUT4      0.000             1.312               6        (65,50)
uart_rx_tx_inst/uart_tx01/equal_21/n31       net           0.343             1.655               6        (65,50)
   Routing elements:
      Manhattan distance of X:3, Y:6
LUT__1987|in[0]                              EFX_LUT4      0.061             1.716               6        (62,56)
LUT__1987|out                                EFX_LUT4      0.000             1.716              17        (62,56)
uart_rx_tx_inst/uart_tx01/n227               net           0.505             2.221              17        (62,56)
   Routing elements:
      Manhattan distance of X:5, Y:1
uart_rx_tx_inst/uart_tx01/tx_cnt[13]~FF|SR   EFX_FF        0.104             2.325              17        (67,55)

Capture Clock Path
                   name                      model name   delay (ns)  cumulative delay (ns) pins on net    location
=====================================================================================================================
gpio_clk_27m                                   input        0.000             0.000               0        (0,159)
gpio_clk_27m                                   input        0.126             0.126             192        (0,159)
gpio_clk_27m                                   net          1.969             2.095             192        (0,159)
   Routing elements:
      Manhattan distance of X:67, Y:104
uart_rx_tx_inst/uart_tx01/tx_cnt[13]~FF|CLK    EFX_FF       0.000             2.095             192        (67,55)

++++ Path 3 ++++++++++++++++++++++++++++++++++++++++++++++++++++++++++++++++++++

Path Begin    : uart_rx_tx_inst/uart_tx01/tx_cnt[6]~FF|CLK
Path End      : uart_rx_tx_inst/uart_tx01/tx_cnt[14]~FF|SR
Launch Clock  : gpio_clk_27m (RISE)                       
Capture Clock : gpio_clk_27m (RISE)                       
Slack         : 34.586 (required time - arrival time)     
Delay         : 2.091                                     

Logic Level             : 4
Non-global nets on path : 5
Global nets on path     : 0

Launch Clock Path Delay        : 2.095
+ Clock To Q + Data Path Delay : 2.325
--------------------------------------
End-of-path arrival time       : 4.420

Constraint                     : 37.037
+ Capture Clock Path Delay     :  2.095
- Clock Uncertainty            :  0.126
---------------------------------------
End-of-path required time      : 39.006

Launch Clock Path
                   name                     model name   delay (ns)  cumulative delay (ns) pins on net    location
====================================================================================================================
gpio_clk_27m                                  input        0.000             0.000               0        (0,159)
gpio_clk_27m                                  input        0.126             0.126             192        (0,159)
gpio_clk_27m                                  net          1.969             2.095             192        (0,159)
   Routing elements:
      Manhattan distance of X:67, Y:111
uart_rx_tx_inst/uart_tx01/tx_cnt[6]~FF|CLK    EFX_FF       0.000             2.095             192        (67,48)

Data Path
                   name                     model name   delay (ns)  cumulative delay (ns) pins on net    location
====================================================================================================================
uart_rx_tx_inst/uart_tx01/tx_cnt[6]~FF|Q     EFX_FF        0.130             0.130               3        (67,48)
uart_rx_tx_inst/uart_tx01/tx_cnt[6]          net           0.437             0.567               3        (67,48)
   Routing elements:
      Manhattan distance of X:2, Y:3
LUT__1983|in[3]                              EFX_LUT4      0.063             0.630               3        (69,51)
LUT__1983|out                                EFX_LUT4      0.000             0.630               2        (69,51)
n912                                         net           0.302             0.932               2        (69,51)
   Routing elements:
      Manhattan distance of X:0, Y:1
LUT__1985|in[1]                              EFX_LUT4      0.063             0.995               2        (69,52)
LUT__1985|out                                EFX_LUT4      0.000             0.995               3        (69,52)
n914                                         net           0.256             1.251               3        (69,52)
   Routing elements:
      Manhattan distance of X:4, Y:2
LUT__1986|in[2]                              EFX_LUT4      0.061             1.312               3        (65,50)
LUT__1986|out                                EFX_LUT4      0.000             1.312               6        (65,50)
uart_rx_tx_inst/uart_tx01/equal_21/n31       net           0.343             1.655               6        (65,50)
   Routing elements:
      Manhattan distance of X:3, Y:6
LUT__1987|in[0]                              EFX_LUT4      0.061             1.716               6        (62,56)
LUT__1987|out                                EFX_LUT4      0.000             1.716              17        (62,56)
uart_rx_tx_inst/uart_tx01/n227               net           0.505             2.221              17        (62,56)
   Routing elements:
      Manhattan distance of X:5, Y:0
uart_rx_tx_inst/uart_tx01/tx_cnt[14]~FF|SR   EFX_FF        0.104             2.325              17        (67,56)

Capture Clock Path
                   name                      model name   delay (ns)  cumulative delay (ns) pins on net    location
=====================================================================================================================
gpio_clk_27m                                   input        0.000             0.000               0        (0,159)
gpio_clk_27m                                   input        0.126             0.126             192        (0,159)
gpio_clk_27m                                   net          1.969             2.095             192        (0,159)
   Routing elements:
      Manhattan distance of X:67, Y:103
uart_rx_tx_inst/uart_tx01/tx_cnt[14]~FF|CLK    EFX_FF       0.000             2.095             192        (67,56)

++++ Path 4 ++++++++++++++++++++++++++++++++++++++++++++++++++++++++++++++++++++

Path Begin    : uart_rx_tx_inst/uart_tx01/tx_cnt[6]~FF|CLK
Path End      : uart_rx_tx_inst/uart_tx01/tx_cnt[0]~FF|SR 
Launch Clock  : gpio_clk_27m (RISE)                       
Capture Clock : gpio_clk_27m (RISE)                       
Slack         : 34.586 (required time - arrival time)     
Delay         : 2.091                                     

Logic Level             : 4
Non-global nets on path : 5
Global nets on path     : 0

Launch Clock Path Delay        : 2.095
+ Clock To Q + Data Path Delay : 2.325
--------------------------------------
End-of-path arrival time       : 4.420

Constraint                     : 37.037
+ Capture Clock Path Delay     :  2.095
- Clock Uncertainty            :  0.126
---------------------------------------
End-of-path required time      : 39.006

Launch Clock Path
                   name                     model name   delay (ns)  cumulative delay (ns) pins on net    location
====================================================================================================================
gpio_clk_27m                                  input        0.000             0.000               0        (0,159)
gpio_clk_27m                                  input        0.126             0.126             192        (0,159)
gpio_clk_27m                                  net          1.969             2.095             192        (0,159)
   Routing elements:
      Manhattan distance of X:67, Y:111
uart_rx_tx_inst/uart_tx01/tx_cnt[6]~FF|CLK    EFX_FF       0.000             2.095             192        (67,48)

Data Path
                  name                     model name   delay (ns)  cumulative delay (ns) pins on net    location
===================================================================================================================
uart_rx_tx_inst/uart_tx01/tx_cnt[6]~FF|Q    EFX_FF        0.130             0.130               3        (67,48)
uart_rx_tx_inst/uart_tx01/tx_cnt[6]         net           0.437             0.567               3        (67,48)
   Routing elements:
      Manhattan distance of X:2, Y:3
LUT__1983|in[3]                             EFX_LUT4      0.063             0.630               3        (69,51)
LUT__1983|out                               EFX_LUT4      0.000             0.630               2        (69,51)
n912                                        net           0.302             0.932               2        (69,51)
   Routing elements:
      Manhattan distance of X:0, Y:1
LUT__1985|in[1]                             EFX_LUT4      0.063             0.995               2        (69,52)
LUT__1985|out                               EFX_LUT4      0.000             0.995               3        (69,52)
n914                                        net           0.256             1.251               3        (69,52)
   Routing elements:
      Manhattan distance of X:4, Y:2
LUT__1986|in[2]                             EFX_LUT4      0.061             1.312               3        (65,50)
LUT__1986|out                               EFX_LUT4      0.000             1.312               6        (65,50)
uart_rx_tx_inst/uart_tx01/equal_21/n31      net           0.343             1.655               6        (65,50)
   Routing elements:
      Manhattan distance of X:3, Y:6
LUT__1987|in[0]                             EFX_LUT4      0.061             1.716               6        (62,56)
LUT__1987|out                               EFX_LUT4      0.000             1.716              17        (62,56)
uart_rx_tx_inst/uart_tx01/n227              net           0.505             2.221              17        (62,56)
   Routing elements:
      Manhattan distance of X:5, Y:14
uart_rx_tx_inst/uart_tx01/tx_cnt[0]~FF|SR   EFX_FF        0.104             2.325              17        (67,42)

Capture Clock Path
                   name                     model name   delay (ns)  cumulative delay (ns) pins on net    location
====================================================================================================================
gpio_clk_27m                                  input        0.000             0.000               0        (0,159)
gpio_clk_27m                                  input        0.126             0.126             192        (0,159)
gpio_clk_27m                                  net          1.969             2.095             192        (0,159)
   Routing elements:
      Manhattan distance of X:67, Y:117
uart_rx_tx_inst/uart_tx01/tx_cnt[0]~FF|CLK    EFX_FF       0.000             2.095             192        (67,42)

++++ Path 5 ++++++++++++++++++++++++++++++++++++++++++++++++++++++++++++++++++++

Path Begin    : uart_rx_tx_inst/uart_tx01/tx_cnt[6]~FF|CLK
Path End      : uart_rx_tx_inst/uart_tx01/tx_cnt[12]~FF|SR
Launch Clock  : gpio_clk_27m (RISE)                       
Capture Clock : gpio_clk_27m (RISE)                       
Slack         : 34.586 (required time - arrival time)     
Delay         : 2.091                                     

Logic Level             : 4
Non-global nets on path : 5
Global nets on path     : 0

Launch Clock Path Delay        : 2.095
+ Clock To Q + Data Path Delay : 2.325
--------------------------------------
End-of-path arrival time       : 4.420

Constraint                     : 37.037
+ Capture Clock Path Delay     :  2.095
- Clock Uncertainty            :  0.126
---------------------------------------
End-of-path required time      : 39.006

Launch Clock Path
                   name                     model name   delay (ns)  cumulative delay (ns) pins on net    location
====================================================================================================================
gpio_clk_27m                                  input        0.000             0.000               0        (0,159)
gpio_clk_27m                                  input        0.126             0.126             192        (0,159)
gpio_clk_27m                                  net          1.969             2.095             192        (0,159)
   Routing elements:
      Manhattan distance of X:67, Y:111
uart_rx_tx_inst/uart_tx01/tx_cnt[6]~FF|CLK    EFX_FF       0.000             2.095             192        (67,48)

Data Path
                   name                     model name   delay (ns)  cumulative delay (ns) pins on net    location
====================================================================================================================
uart_rx_tx_inst/uart_tx01/tx_cnt[6]~FF|Q     EFX_FF        0.130             0.130               3        (67,48)
uart_rx_tx_inst/uart_tx01/tx_cnt[6]          net           0.437             0.567               3        (67,48)
   Routing elements:
      Manhattan distance of X:2, Y:3
LUT__1983|in[3]                              EFX_LUT4      0.063             0.630               3        (69,51)
LUT__1983|out                                EFX_LUT4      0.000             0.630               2        (69,51)
n912                                         net           0.302             0.932               2        (69,51)
   Routing elements:
      Manhattan distance of X:0, Y:1
LUT__1985|in[1]                              EFX_LUT4      0.063             0.995               2        (69,52)
LUT__1985|out                                EFX_LUT4      0.000             0.995               3        (69,52)
n914                                         net           0.256             1.251               3        (69,52)
   Routing elements:
      Manhattan distance of X:4, Y:2
LUT__1986|in[2]                              EFX_LUT4      0.061             1.312               3        (65,50)
LUT__1986|out                                EFX_LUT4      0.000             1.312               6        (65,50)
uart_rx_tx_inst/uart_tx01/equal_21/n31       net           0.343             1.655               6        (65,50)
   Routing elements:
      Manhattan distance of X:3, Y:6
LUT__1987|in[0]                              EFX_LUT4      0.061             1.716               6        (62,56)
LUT__1987|out                                EFX_LUT4      0.000             1.716              17        (62,56)
uart_rx_tx_inst/uart_tx01/n227               net           0.505             2.221              17        (62,56)
   Routing elements:
      Manhattan distance of X:5, Y:2
uart_rx_tx_inst/uart_tx01/tx_cnt[12]~FF|SR   EFX_FF        0.104             2.325              17        (67,54)

Capture Clock Path
                   name                      model name   delay (ns)  cumulative delay (ns) pins on net    location
=====================================================================================================================
gpio_clk_27m                                   input        0.000             0.000               0        (0,159)
gpio_clk_27m                                   input        0.126             0.126             192        (0,159)
gpio_clk_27m                                   net          1.969             2.095             192        (0,159)
   Routing elements:
      Manhattan distance of X:67, Y:105
uart_rx_tx_inst/uart_tx01/tx_cnt[12]~FF|CLK    EFX_FF       0.000             2.095             192        (67,54)

++++ Path 6 ++++++++++++++++++++++++++++++++++++++++++++++++++++++++++++++++++++

Path Begin    : uart_rx_tx_inst/uart_tx01/tx_cnt[6]~FF|CLK
Path End      : uart_rx_tx_inst/uart_tx01/tx_cnt[1]~FF|SR 
Launch Clock  : gpio_clk_27m (RISE)                       
Capture Clock : gpio_clk_27m (RISE)                       
Slack         : 34.586 (required time - arrival time)     
Delay         : 2.091                                     

Logic Level             : 4
Non-global nets on path : 5
Global nets on path     : 0

Launch Clock Path Delay        : 2.095
+ Clock To Q + Data Path Delay : 2.325
--------------------------------------
End-of-path arrival time       : 4.420

Constraint                     : 37.037
+ Capture Clock Path Delay     :  2.095
- Clock Uncertainty            :  0.126
---------------------------------------
End-of-path required time      : 39.006

Launch Clock Path
                   name                     model name   delay (ns)  cumulative delay (ns) pins on net    location
====================================================================================================================
gpio_clk_27m                                  input        0.000             0.000               0        (0,159)
gpio_clk_27m                                  input        0.126             0.126             192        (0,159)
gpio_clk_27m                                  net          1.969             2.095             192        (0,159)
   Routing elements:
      Manhattan distance of X:67, Y:111
uart_rx_tx_inst/uart_tx01/tx_cnt[6]~FF|CLK    EFX_FF       0.000             2.095             192        (67,48)

Data Path
                  name                     model name   delay (ns)  cumulative delay (ns) pins on net    location
===================================================================================================================
uart_rx_tx_inst/uart_tx01/tx_cnt[6]~FF|Q    EFX_FF        0.130             0.130               3        (67,48)
uart_rx_tx_inst/uart_tx01/tx_cnt[6]         net           0.437             0.567               3        (67,48)
   Routing elements:
      Manhattan distance of X:2, Y:3
LUT__1983|in[3]                             EFX_LUT4      0.063             0.630               3        (69,51)
LUT__1983|out                               EFX_LUT4      0.000             0.630               2        (69,51)
n912                                        net           0.302             0.932               2        (69,51)
   Routing elements:
      Manhattan distance of X:0, Y:1
LUT__1985|in[1]                             EFX_LUT4      0.063             0.995               2        (69,52)
LUT__1985|out                               EFX_LUT4      0.000             0.995               3        (69,52)
n914                                        net           0.256             1.251               3        (69,52)
   Routing elements:
      Manhattan distance of X:4, Y:2
LUT__1986|in[2]                             EFX_LUT4      0.061             1.312               3        (65,50)
LUT__1986|out                               EFX_LUT4      0.000             1.312               6        (65,50)
uart_rx_tx_inst/uart_tx01/equal_21/n31      net           0.343             1.655               6        (65,50)
   Routing elements:
      Manhattan distance of X:3, Y:6
LUT__1987|in[0]                             EFX_LUT4      0.061             1.716               6        (62,56)
LUT__1987|out                               EFX_LUT4      0.000             1.716              17        (62,56)
uart_rx_tx_inst/uart_tx01/n227              net           0.505             2.221              17        (62,56)
   Routing elements:
      Manhattan distance of X:5, Y:13
uart_rx_tx_inst/uart_tx01/tx_cnt[1]~FF|SR   EFX_FF        0.104             2.325              17        (67,43)

Capture Clock Path
                   name                     model name   delay (ns)  cumulative delay (ns) pins on net    location
====================================================================================================================
gpio_clk_27m                                  input        0.000             0.000               0        (0,159)
gpio_clk_27m                                  input        0.126             0.126             192        (0,159)
gpio_clk_27m                                  net          1.969             2.095             192        (0,159)
   Routing elements:
      Manhattan distance of X:67, Y:116
uart_rx_tx_inst/uart_tx01/tx_cnt[1]~FF|CLK    EFX_FF       0.000             2.095             192        (67,43)

++++ Path 7 ++++++++++++++++++++++++++++++++++++++++++++++++++++++++++++++++++++

Path Begin    : uart_rx_tx_inst/uart_tx01/tx_cnt[6]~FF|CLK
Path End      : uart_rx_tx_inst/uart_tx01/tx_cnt[2]~FF|SR 
Launch Clock  : gpio_clk_27m (RISE)                       
Capture Clock : gpio_clk_27m (RISE)                       
Slack         : 34.586 (required time - arrival time)     
Delay         : 2.091                                     

Logic Level             : 4
Non-global nets on path : 5
Global nets on path     : 0

Launch Clock Path Delay        : 2.095
+ Clock To Q + Data Path Delay : 2.325
--------------------------------------
End-of-path arrival time       : 4.420

Constraint                     : 37.037
+ Capture Clock Path Delay     :  2.095
- Clock Uncertainty            :  0.126
---------------------------------------
End-of-path required time      : 39.006

Launch Clock Path
                   name                     model name   delay (ns)  cumulative delay (ns) pins on net    location
====================================================================================================================
gpio_clk_27m                                  input        0.000             0.000               0        (0,159)
gpio_clk_27m                                  input        0.126             0.126             192        (0,159)
gpio_clk_27m                                  net          1.969             2.095             192        (0,159)
   Routing elements:
      Manhattan distance of X:67, Y:111
uart_rx_tx_inst/uart_tx01/tx_cnt[6]~FF|CLK    EFX_FF       0.000             2.095             192        (67,48)

Data Path
                  name                     model name   delay (ns)  cumulative delay (ns) pins on net    location
===================================================================================================================
uart_rx_tx_inst/uart_tx01/tx_cnt[6]~FF|Q    EFX_FF        0.130             0.130               3        (67,48)
uart_rx_tx_inst/uart_tx01/tx_cnt[6]         net           0.437             0.567               3        (67,48)
   Routing elements:
      Manhattan distance of X:2, Y:3
LUT__1983|in[3]                             EFX_LUT4      0.063             0.630               3        (69,51)
LUT__1983|out                               EFX_LUT4      0.000             0.630               2        (69,51)
n912                                        net           0.302             0.932               2        (69,51)
   Routing elements:
      Manhattan distance of X:0, Y:1
LUT__1985|in[1]                             EFX_LUT4      0.063             0.995               2        (69,52)
LUT__1985|out                               EFX_LUT4      0.000             0.995               3        (69,52)
n914                                        net           0.256             1.251               3        (69,52)
   Routing elements:
      Manhattan distance of X:4, Y:2
LUT__1986|in[2]                             EFX_LUT4      0.061             1.312               3        (65,50)
LUT__1986|out                               EFX_LUT4      0.000             1.312               6        (65,50)
uart_rx_tx_inst/uart_tx01/equal_21/n31      net           0.343             1.655               6        (65,50)
   Routing elements:
      Manhattan distance of X:3, Y:6
LUT__1987|in[0]                             EFX_LUT4      0.061             1.716               6        (62,56)
LUT__1987|out                               EFX_LUT4      0.000             1.716              17        (62,56)
uart_rx_tx_inst/uart_tx01/n227              net           0.505             2.221              17        (62,56)
   Routing elements:
      Manhattan distance of X:5, Y:12
uart_rx_tx_inst/uart_tx01/tx_cnt[2]~FF|SR   EFX_FF        0.104             2.325              17        (67,44)

Capture Clock Path
                   name                     model name   delay (ns)  cumulative delay (ns) pins on net    location
====================================================================================================================
gpio_clk_27m                                  input        0.000             0.000               0        (0,159)
gpio_clk_27m                                  input        0.126             0.126             192        (0,159)
gpio_clk_27m                                  net          1.969             2.095             192        (0,159)
   Routing elements:
      Manhattan distance of X:67, Y:115
uart_rx_tx_inst/uart_tx01/tx_cnt[2]~FF|CLK    EFX_FF       0.000             2.095             192        (67,44)

++++ Path 8 ++++++++++++++++++++++++++++++++++++++++++++++++++++++++++++++++++++

Path Begin    : uart_rx_tx_inst/uart_tx01/tx_cnt[6]~FF|CLK
Path End      : uart_rx_tx_inst/uart_tx01/tx_cnt[3]~FF|SR 
Launch Clock  : gpio_clk_27m (RISE)                       
Capture Clock : gpio_clk_27m (RISE)                       
Slack         : 34.586 (required time - arrival time)     
Delay         : 2.091                                     

Logic Level             : 4
Non-global nets on path : 5
Global nets on path     : 0

Launch Clock Path Delay        : 2.095
+ Clock To Q + Data Path Delay : 2.325
--------------------------------------
End-of-path arrival time       : 4.420

Constraint                     : 37.037
+ Capture Clock Path Delay     :  2.095
- Clock Uncertainty            :  0.126
---------------------------------------
End-of-path required time      : 39.006

Launch Clock Path
                   name                     model name   delay (ns)  cumulative delay (ns) pins on net    location
====================================================================================================================
gpio_clk_27m                                  input        0.000             0.000               0        (0,159)
gpio_clk_27m                                  input        0.126             0.126             192        (0,159)
gpio_clk_27m                                  net          1.969             2.095             192        (0,159)
   Routing elements:
      Manhattan distance of X:67, Y:111
uart_rx_tx_inst/uart_tx01/tx_cnt[6]~FF|CLK    EFX_FF       0.000             2.095             192        (67,48)

Data Path
                  name                     model name   delay (ns)  cumulative delay (ns) pins on net    location
===================================================================================================================
uart_rx_tx_inst/uart_tx01/tx_cnt[6]~FF|Q    EFX_FF        0.130             0.130               3        (67,48)
uart_rx_tx_inst/uart_tx01/tx_cnt[6]         net           0.437             0.567               3        (67,48)
   Routing elements:
      Manhattan distance of X:2, Y:3
LUT__1983|in[3]                             EFX_LUT4      0.063             0.630               3        (69,51)
LUT__1983|out                               EFX_LUT4      0.000             0.630               2        (69,51)
n912                                        net           0.302             0.932               2        (69,51)
   Routing elements:
      Manhattan distance of X:0, Y:1
LUT__1985|in[1]                             EFX_LUT4      0.063             0.995               2        (69,52)
LUT__1985|out                               EFX_LUT4      0.000             0.995               3        (69,52)
n914                                        net           0.256             1.251               3        (69,52)
   Routing elements:
      Manhattan distance of X:4, Y:2
LUT__1986|in[2]                             EFX_LUT4      0.061             1.312               3        (65,50)
LUT__1986|out                               EFX_LUT4      0.000             1.312               6        (65,50)
uart_rx_tx_inst/uart_tx01/equal_21/n31      net           0.343             1.655               6        (65,50)
   Routing elements:
      Manhattan distance of X:3, Y:6
LUT__1987|in[0]                             EFX_LUT4      0.061             1.716               6        (62,56)
LUT__1987|out                               EFX_LUT4      0.000             1.716              17        (62,56)
uart_rx_tx_inst/uart_tx01/n227              net           0.505             2.221              17        (62,56)
   Routing elements:
      Manhattan distance of X:5, Y:11
uart_rx_tx_inst/uart_tx01/tx_cnt[3]~FF|SR   EFX_FF        0.104             2.325              17        (67,45)

Capture Clock Path
                   name                     model name   delay (ns)  cumulative delay (ns) pins on net    location
====================================================================================================================
gpio_clk_27m                                  input        0.000             0.000               0        (0,159)
gpio_clk_27m                                  input        0.126             0.126             192        (0,159)
gpio_clk_27m                                  net          1.969             2.095             192        (0,159)
   Routing elements:
      Manhattan distance of X:67, Y:114
uart_rx_tx_inst/uart_tx01/tx_cnt[3]~FF|CLK    EFX_FF       0.000             2.095             192        (67,45)

++++ Path 9 ++++++++++++++++++++++++++++++++++++++++++++++++++++++++++++++++++++

Path Begin    : uart_rx_tx_inst/uart_tx01/tx_cnt[6]~FF|CLK
Path End      : uart_rx_tx_inst/uart_tx01/tx_cnt[11]~FF|SR
Launch Clock  : gpio_clk_27m (RISE)                       
Capture Clock : gpio_clk_27m (RISE)                       
Slack         : 34.586 (required time - arrival time)     
Delay         : 2.091                                     

Logic Level             : 4
Non-global nets on path : 5
Global nets on path     : 0

Launch Clock Path Delay        : 2.095
+ Clock To Q + Data Path Delay : 2.325
--------------------------------------
End-of-path arrival time       : 4.420

Constraint                     : 37.037
+ Capture Clock Path Delay     :  2.095
- Clock Uncertainty            :  0.126
---------------------------------------
End-of-path required time      : 39.006

Launch Clock Path
                   name                     model name   delay (ns)  cumulative delay (ns) pins on net    location
====================================================================================================================
gpio_clk_27m                                  input        0.000             0.000               0        (0,159)
gpio_clk_27m                                  input        0.126             0.126             192        (0,159)
gpio_clk_27m                                  net          1.969             2.095             192        (0,159)
   Routing elements:
      Manhattan distance of X:67, Y:111
uart_rx_tx_inst/uart_tx01/tx_cnt[6]~FF|CLK    EFX_FF       0.000             2.095             192        (67,48)

Data Path
                   name                     model name   delay (ns)  cumulative delay (ns) pins on net    location
====================================================================================================================
uart_rx_tx_inst/uart_tx01/tx_cnt[6]~FF|Q     EFX_FF        0.130             0.130               3        (67,48)
uart_rx_tx_inst/uart_tx01/tx_cnt[6]          net           0.437             0.567               3        (67,48)
   Routing elements:
      Manhattan distance of X:2, Y:3
LUT__1983|in[3]                              EFX_LUT4      0.063             0.630               3        (69,51)
LUT__1983|out                                EFX_LUT4      0.000             0.630               2        (69,51)
n912                                         net           0.302             0.932               2        (69,51)
   Routing elements:
      Manhattan distance of X:0, Y:1
LUT__1985|in[1]                              EFX_LUT4      0.063             0.995               2        (69,52)
LUT__1985|out                                EFX_LUT4      0.000             0.995               3        (69,52)
n914                                         net           0.256             1.251               3        (69,52)
   Routing elements:
      Manhattan distance of X:4, Y:2
LUT__1986|in[2]                              EFX_LUT4      0.061             1.312               3        (65,50)
LUT__1986|out                                EFX_LUT4      0.000             1.312               6        (65,50)
uart_rx_tx_inst/uart_tx01/equal_21/n31       net           0.343             1.655               6        (65,50)
   Routing elements:
      Manhattan distance of X:3, Y:6
LUT__1987|in[0]                              EFX_LUT4      0.061             1.716               6        (62,56)
LUT__1987|out                                EFX_LUT4      0.000             1.716              17        (62,56)
uart_rx_tx_inst/uart_tx01/n227               net           0.505             2.221              17        (62,56)
   Routing elements:
      Manhattan distance of X:5, Y:3
uart_rx_tx_inst/uart_tx01/tx_cnt[11]~FF|SR   EFX_FF        0.104             2.325              17        (67,53)

Capture Clock Path
                   name                      model name   delay (ns)  cumulative delay (ns) pins on net    location
=====================================================================================================================
gpio_clk_27m                                   input        0.000             0.000               0        (0,159)
gpio_clk_27m                                   input        0.126             0.126             192        (0,159)
gpio_clk_27m                                   net          1.969             2.095             192        (0,159)
   Routing elements:
      Manhattan distance of X:67, Y:106
uart_rx_tx_inst/uart_tx01/tx_cnt[11]~FF|CLK    EFX_FF       0.000             2.095             192        (67,53)

++++ Path 10 +++++++++++++++++++++++++++++++++++++++++++++++++++++++++++++++++++

Path Begin    : uart_rx_tx_inst/uart_tx01/tx_cnt[6]~FF|CLK
Path End      : uart_rx_tx_inst/uart_tx01/tx_cnt[10]~FF|SR
Launch Clock  : gpio_clk_27m (RISE)                       
Capture Clock : gpio_clk_27m (RISE)                       
Slack         : 34.586 (required time - arrival time)     
Delay         : 2.091                                     

Logic Level             : 4
Non-global nets on path : 5
Global nets on path     : 0

Launch Clock Path Delay        : 2.095
+ Clock To Q + Data Path Delay : 2.325
--------------------------------------
End-of-path arrival time       : 4.420

Constraint                     : 37.037
+ Capture Clock Path Delay     :  2.095
- Clock Uncertainty            :  0.126
---------------------------------------
End-of-path required time      : 39.006

Launch Clock Path
                   name                     model name   delay (ns)  cumulative delay (ns) pins on net    location
====================================================================================================================
gpio_clk_27m                                  input        0.000             0.000               0        (0,159)
gpio_clk_27m                                  input        0.126             0.126             192        (0,159)
gpio_clk_27m                                  net          1.969             2.095             192        (0,159)
   Routing elements:
      Manhattan distance of X:67, Y:111
uart_rx_tx_inst/uart_tx01/tx_cnt[6]~FF|CLK    EFX_FF       0.000             2.095             192        (67,48)

Data Path
                   name                     model name   delay (ns)  cumulative delay (ns) pins on net    location
====================================================================================================================
uart_rx_tx_inst/uart_tx01/tx_cnt[6]~FF|Q     EFX_FF        0.130             0.130               3        (67,48)
uart_rx_tx_inst/uart_tx01/tx_cnt[6]          net           0.437             0.567               3        (67,48)
   Routing elements:
      Manhattan distance of X:2, Y:3
LUT__1983|in[3]                              EFX_LUT4      0.063             0.630               3        (69,51)
LUT__1983|out                                EFX_LUT4      0.000             0.630               2        (69,51)
n912                                         net           0.302             0.932               2        (69,51)
   Routing elements:
      Manhattan distance of X:0, Y:1
LUT__1985|in[1]                              EFX_LUT4      0.063             0.995               2        (69,52)
LUT__1985|out                                EFX_LUT4      0.000             0.995               3        (69,52)
n914                                         net           0.256             1.251               3        (69,52)
   Routing elements:
      Manhattan distance of X:4, Y:2
LUT__1986|in[2]                              EFX_LUT4      0.061             1.312               3        (65,50)
LUT__1986|out                                EFX_LUT4      0.000             1.312               6        (65,50)
uart_rx_tx_inst/uart_tx01/equal_21/n31       net           0.343             1.655               6        (65,50)
   Routing elements:
      Manhattan distance of X:3, Y:6
LUT__1987|in[0]                              EFX_LUT4      0.061             1.716               6        (62,56)
LUT__1987|out                                EFX_LUT4      0.000             1.716              17        (62,56)
uart_rx_tx_inst/uart_tx01/n227               net           0.505             2.221              17        (62,56)
   Routing elements:
      Manhattan distance of X:5, Y:4
uart_rx_tx_inst/uart_tx01/tx_cnt[10]~FF|SR   EFX_FF        0.104             2.325              17        (67,52)

Capture Clock Path
                   name                      model name   delay (ns)  cumulative delay (ns) pins on net    location
=====================================================================================================================
gpio_clk_27m                                   input        0.000             0.000               0        (0,159)
gpio_clk_27m                                   input        0.126             0.126             192        (0,159)
gpio_clk_27m                                   net          1.969             2.095             192        (0,159)
   Routing elements:
      Manhattan distance of X:67, Y:107
uart_rx_tx_inst/uart_tx01/tx_cnt[10]~FF|CLK    EFX_FF       0.000             2.095             192        (67,52)

---------- Path Details for Max Critical Paths (end) ---------------

---------- 4. Path Details for Min Critical Paths (begin) ----------

################################################################################
Path Detail Report (gpio_clk_27m vs gpio_clk_27m)
################################################################################


++++ Path 1 ++++++++++++++++++++++++++++++++++++++++++++++++++++++++++++++++++++

Path Begin    : rx_data[3]~FF|CLK                   
Path End      : DC_FIFO_inst/FifoBuff|WDATA[3]      
Launch Clock  : gpio_clk_27m (RISE)                 
Capture Clock : gpio_clk_27m (RISE)                 
Slack         : 0.085 (arrival time - required time)
Delay         : 0.194                               

Logic Level             : 0
Non-global nets on path : 1
Global nets on path     : 0

Launch Clock Path Delay        : 1.184
+ Clock To Q + Data Path Delay : 0.155
--------------------------------------
End-of-path arrival time       : 1.339

Constraint                     : 0.000
+ Capture Clock Path Delay     : 1.184
+ Clock Uncertainty            : 0.070
--------------------------------------
End-of-path required time      : 1.254

Launch Clock Path
      name         model name   delay (ns)  cumulative delay (ns) pins on net    location
===========================================================================================
gpio_clk_27m         input        0.000             0.000               0        (0,159)
gpio_clk_27m         input        0.070             0.070             192        (0,159)
gpio_clk_27m         net          1.114             1.184             192        (0,159)
   Routing elements:
      Manhattan distance of X:47, Y:119
rx_data[3]~FF|CLK    EFX_FF       0.000             1.184             192        (47,40)

Data Path
             name               model name   delay (ns)  cumulative delay (ns) pins on net    location
========================================================================================================
rx_data[3]~FF|Q                 EFX_FF          0.072            0.072              2         (47,40)
rx_data[3]                      net             0.194            0.266              2         (47,40)
   Routing elements:
      Manhattan distance of X:1, Y:2
DC_FIFO_inst/FifoBuff|WDATA[3]  EFX_RAM10      -0.111            0.155              2         (48,42)

Capture Clock Path
           name             model name   delay (ns)  cumulative delay (ns) pins on net    location
====================================================================================================
gpio_clk_27m                input          0.000             0.000               0        (0,159)
gpio_clk_27m                input          0.070             0.070             192        (0,159)
gpio_clk_27m                net            1.114             1.184             192        (0,159)
   Routing elements:
      Manhattan distance of X:48, Y:117
DC_FIFO_inst/FifoBuff|WCLK  EFX_RAM10      0.000             1.184             192        (48,42)

++++ Path 2 ++++++++++++++++++++++++++++++++++++++++++++++++++++++++++++++++++++

Path Begin    : DC_FIFO_inst/WrRdAddr[0]~FF|CLK     
Path End      : DC_FIFO_inst/WrRdAddrReg[0]~FF|D    
Launch Clock  : gpio_clk_27m (RISE)                 
Capture Clock : gpio_clk_27m (RISE)                 
Slack         : 0.096 (arrival time - required time)
Delay         : 0.094                               

Logic Level             : 0
Non-global nets on path : 1
Global nets on path     : 0

Launch Clock Path Delay        : 1.184
+ Clock To Q + Data Path Delay : 0.166
--------------------------------------
End-of-path arrival time       : 1.350

Constraint                     : 0.000
+ Capture Clock Path Delay     : 1.184
+ Clock Uncertainty            : 0.070
--------------------------------------
End-of-path required time      : 1.254

Launch Clock Path
             name                model name   delay (ns)  cumulative delay (ns) pins on net    location
=========================================================================================================
gpio_clk_27m                       input        0.000             0.000               0        (0,159)
gpio_clk_27m                       input        0.070             0.070             192        (0,159)
gpio_clk_27m                       net          1.114             1.184             192        (0,159)
   Routing elements:
      Manhattan distance of X:51, Y:111
DC_FIFO_inst/WrRdAddr[0]~FF|CLK    EFX_FF       0.000             1.184             192        (51,48)

Data Path
              name                model name   delay (ns)  cumulative delay (ns) pins on net    location
==========================================================================================================
DC_FIFO_inst/WrRdAddr[0]~FF|Q       EFX_FF       0.072             0.072              4         (51,48)
DC_FIFO_inst/WrRdAddr[0]            net          0.094             0.166              4         (51,48)
   Routing elements:
      Manhattan distance of X:1, Y:0
DC_FIFO_inst/WrRdAddrReg[0]~FF|D    EFX_FF       0.000             0.166              4         (52,48)

Capture Clock Path
               name                 model name   delay (ns)  cumulative delay (ns) pins on net    location
============================================================================================================
gpio_clk_27m                          input        0.000             0.000               0        (0,159)
gpio_clk_27m                          input        0.070             0.070             192        (0,159)
gpio_clk_27m                          net          1.114             1.184             192        (0,159)
   Routing elements:
      Manhattan distance of X:52, Y:111
DC_FIFO_inst/WrRdAddrReg[0]~FF|CLK    EFX_FF       0.000             1.184             192        (52,48)

++++ Path 3 ++++++++++++++++++++++++++++++++++++++++++++++++++++++++++++++++++++

Path Begin    : uart_rx_tx_inst/uart01_rx/bw_cnt_r[13]~FF|CLK
Path End      : uart_rx_tx_inst/uart01_rx/bw_cnt_r[15]~FF|D  
Launch Clock  : gpio_clk_27m (RISE)                          
Capture Clock : gpio_clk_27m (RISE)                          
Slack         : 0.097 (arrival time - required time)         
Delay         : 0.095                                        

Logic Level             : 1
Non-global nets on path : 2
Global nets on path     : 0

Launch Clock Path Delay        : 1.184
+ Clock To Q + Data Path Delay : 0.167
--------------------------------------
End-of-path arrival time       : 1.351

Constraint                     : 0.000
+ Capture Clock Path Delay     : 1.184
+ Clock Uncertainty            : 0.070
--------------------------------------
End-of-path required time      : 1.254

Launch Clock Path
                    name                       model name   delay (ns)  cumulative delay (ns) pins on net    location
=======================================================================================================================
gpio_clk_27m                                     input        0.000             0.000               0        (0,159)
gpio_clk_27m                                     input        0.070             0.070             192        (0,159)
gpio_clk_27m                                     net          1.114             1.184             192        (0,159)
   Routing elements:
      Manhattan distance of X:44, Y:132
uart_rx_tx_inst/uart01_rx/bw_cnt_r[13]~FF|CLK    EFX_FF       0.000             1.184             192        (44,27)

Data Path
                   name                      model name   delay (ns)  cumulative delay (ns) pins on net    location
=====================================================================================================================
uart_rx_tx_inst/uart01_rx/bw_cnt_r[13]~FF|Q   EFX_FF        0.072             0.072              6         (44,27)
uart_rx_tx_inst/uart01_rx/bw_cnt_r[13]        net           0.061             0.133              6         (44,27)
   Routing elements:
      Manhattan distance of X:0, Y:2
LUT__1925|in[2]                               EFX_LUT4      0.034             0.167              6         (44,25)
LUT__1925|out                                 EFX_LUT4      0.000             0.167              2         (44,25)
uart_rx_tx_inst/uart01_rx/n440                net           0.000             0.167              2         (44,25)
uart_rx_tx_inst/uart01_rx/bw_cnt_r[15]~FF|D   EFX_FF        0.000             0.167              2         (44,25)

Capture Clock Path
                    name                       model name   delay (ns)  cumulative delay (ns) pins on net    location
=======================================================================================================================
gpio_clk_27m                                     input        0.000             0.000               0        (0,159)
gpio_clk_27m                                     input        0.070             0.070             192        (0,159)
gpio_clk_27m                                     net          1.114             1.184             192        (0,159)
   Routing elements:
      Manhattan distance of X:44, Y:134
uart_rx_tx_inst/uart01_rx/bw_cnt_r[15]~FF|CLK    EFX_FF       0.000             1.184             192        (44,25)

++++ Path 4 ++++++++++++++++++++++++++++++++++++++++++++++++++++++++++++++++++++

Path Begin    : uart_rx_tx_inst/uart_tx01/bite_cnt[0]~FF|CLK
Path End      : uart_rx_tx_inst/uart_tx01/bite_cnt[3]~FF|D  
Launch Clock  : gpio_clk_27m (RISE)                         
Capture Clock : gpio_clk_27m (RISE)                         
Slack         : 0.098 (arrival time - required time)        
Delay         : 0.096                                       

Logic Level             : 1
Non-global nets on path : 2
Global nets on path     : 0

Launch Clock Path Delay        : 1.184
+ Clock To Q + Data Path Delay : 0.168
--------------------------------------
End-of-path arrival time       : 1.352

Constraint                     : 0.000
+ Capture Clock Path Delay     : 1.184
+ Clock Uncertainty            : 0.070
--------------------------------------
End-of-path required time      : 1.254

Launch Clock Path
                    name                      model name   delay (ns)  cumulative delay (ns) pins on net    location
======================================================================================================================
gpio_clk_27m                                    input        0.000             0.000               0        (0,159)
gpio_clk_27m                                    input        0.070             0.070             192        (0,159)
gpio_clk_27m                                    net          1.114             1.184             192        (0,159)
   Routing elements:
      Manhattan distance of X:55, Y:103
uart_rx_tx_inst/uart_tx01/bite_cnt[0]~FF|CLK    EFX_FF       0.000             1.184             192        (55,56)

Data Path
                   name                     model name   delay (ns)  cumulative delay (ns) pins on net    location
====================================================================================================================
uart_rx_tx_inst/uart_tx01/bite_cnt[0]~FF|Q   EFX_FF        0.072             0.072              11        (55,56)
uart_rx_tx_inst/uart_tx01/bite_cnt[0]        net           0.062             0.134              11        (55,56)
   Routing elements:
      Manhattan distance of X:0, Y:2
LUT__2006|in[0]                              EFX_LUT4      0.034             0.168              11        (55,54)
LUT__2006|out                                EFX_LUT4      0.000             0.168               2        (55,54)
uart_rx_tx_inst/uart_tx01/n264               net           0.000             0.168               2        (55,54)
uart_rx_tx_inst/uart_tx01/bite_cnt[3]~FF|D   EFX_FF        0.000             0.168               2        (55,54)

Capture Clock Path
                    name                      model name   delay (ns)  cumulative delay (ns) pins on net    location
======================================================================================================================
gpio_clk_27m                                    input        0.000             0.000               0        (0,159)
gpio_clk_27m                                    input        0.070             0.070             192        (0,159)
gpio_clk_27m                                    net          1.114             1.184             192        (0,159)
   Routing elements:
      Manhattan distance of X:55, Y:105
uart_rx_tx_inst/uart_tx01/bite_cnt[3]~FF|CLK    EFX_FF       0.000             1.184             192        (55,54)

++++ Path 5 ++++++++++++++++++++++++++++++++++++++++++++++++++++++++++++++++++++

Path Begin    : uart_rx_tx_inst/uart01_rx/temp_cap_r[1]~FF|CLK
Path End      : rx_data[4]~FF|D                               
Launch Clock  : gpio_clk_27m (RISE)                           
Capture Clock : gpio_clk_27m (RISE)                           
Slack         : 0.101 (arrival time - required time)          
Delay         : 0.099                                         

Logic Level             : 0
Non-global nets on path : 1
Global nets on path     : 0

Launch Clock Path Delay        : 1.184
+ Clock To Q + Data Path Delay : 0.171
--------------------------------------
End-of-path arrival time       : 1.355

Constraint                     : 0.000
+ Capture Clock Path Delay     : 1.184
+ Clock Uncertainty            : 0.070
--------------------------------------
End-of-path required time      : 1.254

Launch Clock Path
                     name                       model name   delay (ns)  cumulative delay (ns) pins on net    location
========================================================================================================================
gpio_clk_27m                                      input        0.000             0.000               0        (0,159)
gpio_clk_27m                                      input        0.070             0.070             192        (0,159)
gpio_clk_27m                                      net          1.114             1.184             192        (0,159)
   Routing elements:
      Manhattan distance of X:44, Y:124
uart_rx_tx_inst/uart01_rx/temp_cap_r[1]~FF|CLK    EFX_FF       0.000             1.184             192        (44,35)

Data Path
                    name                      model name   delay (ns)  cumulative delay (ns) pins on net    location
======================================================================================================================
uart_rx_tx_inst/uart01_rx/temp_cap_r[1]~FF|Q    EFX_FF       0.072             0.072              9         (44,35)
uart_rx_tx_inst/uart01_rx/temp_cap_r[1]         net          0.099             0.171              9         (44,35)
   Routing elements:
      Manhattan distance of X:0, Y:4
rx_data[4]~FF|D                                 EFX_FF       0.000             0.171              9         (44,39)

Capture Clock Path
      name         model name   delay (ns)  cumulative delay (ns) pins on net    location
===========================================================================================
gpio_clk_27m         input        0.000             0.000               0        (0,159)
gpio_clk_27m         input        0.070             0.070             192        (0,159)
gpio_clk_27m         net          1.114             1.184             192        (0,159)
   Routing elements:
      Manhattan distance of X:44, Y:120
rx_data[4]~FF|CLK    EFX_FF       0.000             1.184             192        (44,39)

++++ Path 6 ++++++++++++++++++++++++++++++++++++++++++++++++++++++++++++++++++++

Path Begin    : DC_FIFO_inst/RdNextAddr[0]~FF|CLK   
Path End      : DC_FIFO_inst/RdNextAddr[1]~FF|D     
Launch Clock  : gpio_clk_27m (RISE)                 
Capture Clock : gpio_clk_27m (RISE)                 
Slack         : 0.102 (arrival time - required time)
Delay         : 0.100                               

Logic Level             : 1
Non-global nets on path : 2
Global nets on path     : 0

Launch Clock Path Delay        : 1.184
+ Clock To Q + Data Path Delay : 0.172
--------------------------------------
End-of-path arrival time       : 1.356

Constraint                     : 0.000
+ Capture Clock Path Delay     : 1.184
+ Clock Uncertainty            : 0.070
--------------------------------------
End-of-path required time      : 1.254

Launch Clock Path
              name                 model name   delay (ns)  cumulative delay (ns) pins on net    location
===========================================================================================================
gpio_clk_27m                         input        0.000             0.000               0        (0,159)
gpio_clk_27m                         input        0.070             0.070             192        (0,159)
gpio_clk_27m                         net          1.114             1.184             192        (0,159)
   Routing elements:
      Manhattan distance of X:41, Y:112
DC_FIFO_inst/RdNextAddr[0]~FF|CLK    EFX_FF       0.000             1.184             192        (41,47)

Data Path
                  name                     model name   delay (ns)  cumulative delay (ns) pins on net    location
===================================================================================================================
DC_FIFO_inst/RdNextAddr[0]~FF|Q             EFX_FF        0.072             0.072              7         (41,47)
DC_FIFO_inst/RdNextAddr[0]                  net           0.066             0.138              7         (41,47)
   Routing elements:
      Manhattan distance of X:4, Y:0
LUT__1908|in[1]                             EFX_LUT4      0.034             0.172              7         (37,47)
LUT__1908|out                               EFX_LUT4      0.000             0.172              2         (37,47)
DC_FIFO_inst/U2_RdAddrCnt/U1_AddrCnt/n124   net           0.000             0.172              2         (37,47)
DC_FIFO_inst/RdNextAddr[1]~FF|D             EFX_FF        0.000             0.172              2         (37,47)

Capture Clock Path
              name                 model name   delay (ns)  cumulative delay (ns) pins on net    location
===========================================================================================================
gpio_clk_27m                         input        0.000             0.000               0        (0,159)
gpio_clk_27m                         input        0.070             0.070             192        (0,159)
gpio_clk_27m                         net          1.114             1.184             192        (0,159)
   Routing elements:
      Manhattan distance of X:37, Y:112
DC_FIFO_inst/RdNextAddr[1]~FF|CLK    EFX_FF       0.000             1.184             192        (37,47)

++++ Path 7 ++++++++++++++++++++++++++++++++++++++++++++++++++++++++++++++++++++

Path Begin    : uart_rx_tx_inst/uart01_rx/capture_p1_en_dly[0]~FF|CLK
Path End      : uart_rx_tx_inst/uart01_rx/capture_p1_en_dly[1]~FF|D  
Launch Clock  : gpio_clk_27m (RISE)                                  
Capture Clock : gpio_clk_27m (RISE)                                  
Slack         : 0.102 (arrival time - required time)                 
Delay         : 0.100                                                

Logic Level             : 0
Non-global nets on path : 1
Global nets on path     : 0

Launch Clock Path Delay        : 1.184
+ Clock To Q + Data Path Delay : 0.172
--------------------------------------
End-of-path arrival time       : 1.356

Constraint                     : 0.000
+ Capture Clock Path Delay     : 1.184
+ Clock Uncertainty            : 0.070
--------------------------------------
End-of-path required time      : 1.254

Launch Clock Path
                        name                           model name   delay (ns)  cumulative delay (ns) pins on net    location
===============================================================================================================================
gpio_clk_27m                                             input        0.000             0.000               0        (0,159)
gpio_clk_27m                                             input        0.070             0.070             192        (0,159)
gpio_clk_27m                                             net          1.114             1.184             192        (0,159)
   Routing elements:
      Manhattan distance of X:44, Y:131
uart_rx_tx_inst/uart01_rx/capture_p1_en_dly[0]~FF|CLK    EFX_FF       0.000             1.184             192        (44,28)

Data Path
                       name                          model name   delay (ns)  cumulative delay (ns) pins on net    location
=============================================================================================================================
uart_rx_tx_inst/uart01_rx/capture_p1_en_dly[0]~FF|Q    EFX_FF       0.072             0.072              2         (44,28)
uart_rx_tx_inst/uart01_rx/capture_p1_en_dly[0]         net          0.100             0.172              2         (44,28)
   Routing elements:
      Manhattan distance of X:0, Y:2
uart_rx_tx_inst/uart01_rx/capture_p1_en_dly[1]~FF|D    EFX_FF       0.000             0.172              2         (44,30)

Capture Clock Path
                        name                           model name   delay (ns)  cumulative delay (ns) pins on net    location
===============================================================================================================================
gpio_clk_27m                                             input        0.000             0.000               0        (0,159)
gpio_clk_27m                                             input        0.070             0.070             192        (0,159)
gpio_clk_27m                                             net          1.114             1.184             192        (0,159)
   Routing elements:
      Manhattan distance of X:44, Y:129
uart_rx_tx_inst/uart01_rx/capture_p1_en_dly[1]~FF|CLK    EFX_FF       0.000             1.184             192        (44,30)

++++ Path 8 ++++++++++++++++++++++++++++++++++++++++++++++++++++++++++++++++++++

Path Begin    : DC_FIFO_inst/WrRdAddr[2]~FF|CLK     
Path End      : DC_FIFO_inst/WrRdAddrReg[2]~FF|D    
Launch Clock  : gpio_clk_27m (RISE)                 
Capture Clock : gpio_clk_27m (RISE)                 
Slack         : 0.102 (arrival time - required time)
Delay         : 0.100                               

Logic Level             : 0
Non-global nets on path : 1
Global nets on path     : 0

Launch Clock Path Delay        : 1.184
+ Clock To Q + Data Path Delay : 0.172
--------------------------------------
End-of-path arrival time       : 1.356

Constraint                     : 0.000
+ Capture Clock Path Delay     : 1.184
+ Clock Uncertainty            : 0.070
--------------------------------------
End-of-path required time      : 1.254

Launch Clock Path
             name                model name   delay (ns)  cumulative delay (ns) pins on net    location
=========================================================================================================
gpio_clk_27m                       input        0.000             0.000               0        (0,159)
gpio_clk_27m                       input        0.070             0.070             192        (0,159)
gpio_clk_27m                       net          1.114             1.184             192        (0,159)
   Routing elements:
      Manhattan distance of X:49, Y:105
DC_FIFO_inst/WrRdAddr[2]~FF|CLK    EFX_FF       0.000             1.184             192        (49,54)

Data Path
              name                model name   delay (ns)  cumulative delay (ns) pins on net    location
==========================================================================================================
DC_FIFO_inst/WrRdAddr[2]~FF|Q       EFX_FF       0.072             0.072              4         (49,54)
DC_FIFO_inst/WrRdAddr[2]            net          0.100             0.172              4         (49,54)
   Routing elements:
      Manhattan distance of X:0, Y:2
DC_FIFO_inst/WrRdAddrReg[2]~FF|D    EFX_FF       0.000             0.172              4         (49,56)

Capture Clock Path
               name                 model name   delay (ns)  cumulative delay (ns) pins on net    location
============================================================================================================
gpio_clk_27m                          input        0.000             0.000               0        (0,159)
gpio_clk_27m                          input        0.070             0.070             192        (0,159)
gpio_clk_27m                          net          1.114             1.184             192        (0,159)
   Routing elements:
      Manhattan distance of X:49, Y:103
DC_FIFO_inst/WrRdAddrReg[2]~FF|CLK    EFX_FF       0.000             1.184             192        (49,56)

++++ Path 9 ++++++++++++++++++++++++++++++++++++++++++++++++++++++++++++++++++++

Path Begin    : uart_rx_tx_inst/uart01_rx/bit_cnt_r[1]~FF|CLK
Path End      : uart_rx_tx_inst/uart01_rx/bit_cnt_r[2]~FF|D  
Launch Clock  : gpio_clk_27m (RISE)                          
Capture Clock : gpio_clk_27m (RISE)                          
Slack         : 0.103 (arrival time - required time)         
Delay         : 0.101                                        

Logic Level             : 1
Non-global nets on path : 2
Global nets on path     : 0

Launch Clock Path Delay        : 1.184
+ Clock To Q + Data Path Delay : 0.173
--------------------------------------
End-of-path arrival time       : 1.357

Constraint                     : 0.000
+ Capture Clock Path Delay     : 1.184
+ Clock Uncertainty            : 0.070
--------------------------------------
End-of-path required time      : 1.254

Launch Clock Path
                    name                       model name   delay (ns)  cumulative delay (ns) pins on net    location
=======================================================================================================================
gpio_clk_27m                                     input        0.000             0.000               0        (0,159)
gpio_clk_27m                                     input        0.070             0.070             192        (0,159)
gpio_clk_27m                                     net          1.114             1.184             192        (0,159)
   Routing elements:
      Manhattan distance of X:47, Y:129
uart_rx_tx_inst/uart01_rx/bit_cnt_r[1]~FF|CLK    EFX_FF       0.000             1.184             192        (47,30)

Data Path
                   name                      model name   delay (ns)  cumulative delay (ns) pins on net    location
=====================================================================================================================
uart_rx_tx_inst/uart01_rx/bit_cnt_r[1]~FF|Q   EFX_FF        0.072             0.072              13        (47,30)
uart_rx_tx_inst/uart01_rx/bit_cnt_r[1]        net           0.067             0.139              13        (47,30)
   Routing elements:
      Manhattan distance of X:0, Y:2
LUT__1978|in[1]                               EFX_LUT4      0.034             0.173              13        (47,32)
LUT__1978|out                                 EFX_LUT4      0.000             0.173               2        (47,32)
uart_rx_tx_inst/uart01_rx/n495                net           0.000             0.173               2        (47,32)
uart_rx_tx_inst/uart01_rx/bit_cnt_r[2]~FF|D   EFX_FF        0.000             0.173               2        (47,32)

Capture Clock Path
                    name                       model name   delay (ns)  cumulative delay (ns) pins on net    location
=======================================================================================================================
gpio_clk_27m                                     input        0.000             0.000               0        (0,159)
gpio_clk_27m                                     input        0.070             0.070             192        (0,159)
gpio_clk_27m                                     net          1.114             1.184             192        (0,159)
   Routing elements:
      Manhattan distance of X:47, Y:127
uart_rx_tx_inst/uart01_rx/bit_cnt_r[2]~FF|CLK    EFX_FF       0.000             1.184             192        (47,32)

++++ Path 10 +++++++++++++++++++++++++++++++++++++++++++++++++++++++++++++++++++

Path Begin    : DC_FIFO_inst/U2_RdAddrCnt/n4~FF|CLK                 
Path End      : DC_FIFO_inst/U2_RdAddrCnt/U1_AddrCnt/GrayCnt[0]~FF|D
Launch Clock  : gpio_clk_27m (RISE)                                 
Capture Clock : gpio_clk_27m (RISE)                                 
Slack         : 0.103 (arrival time - required time)                
Delay         : 0.101                                               

Logic Level             : 1
Non-global nets on path : 2
Global nets on path     : 0

Launch Clock Path Delay        : 1.184
+ Clock To Q + Data Path Delay : 0.173
--------------------------------------
End-of-path arrival time       : 1.357

Constraint                     : 0.000
+ Capture Clock Path Delay     : 1.184
+ Clock Uncertainty            : 0.070
--------------------------------------
End-of-path required time      : 1.254

Launch Clock Path
               name                  model name   delay (ns)  cumulative delay (ns) pins on net    location
=============================================================================================================
gpio_clk_27m                           input        0.000             0.000               0        (0,159)
gpio_clk_27m                           input        0.070             0.070             192        (0,159)
gpio_clk_27m                           net          1.114             1.184             192        (0,159)
   Routing elements:
      Manhattan distance of X:41, Y:107
DC_FIFO_inst/U2_RdAddrCnt/n4~FF|CLK    EFX_FF       0.000             1.184             192        (41,52)

Data Path
                        name                          model name   delay (ns)  cumulative delay (ns) pins on net    location
==============================================================================================================================
DC_FIFO_inst/U2_RdAddrCnt/n4~FF|Q                      EFX_FF        0.072             0.072              10        (41,52)
DC_FIFO_inst/U2_RdAddrCnt/n4                           net           0.067             0.139              10        (41,52)
   Routing elements:
      Manhattan distance of X:0, Y:2
LUT__1920|in[0]                                        EFX_LUT4      0.034             0.173              10        (41,54)
LUT__1920|out                                          EFX_LUT4      0.000             0.173               2        (41,54)
DC_FIFO_inst/U2_RdAddrCnt/U1_AddrCnt/n114              net           0.000             0.173               2        (41,54)
DC_FIFO_inst/U2_RdAddrCnt/U1_AddrCnt/GrayCnt[0]~FF|D   EFX_FF        0.000             0.173               2        (41,54)

Capture Clock Path
                         name                           model name   delay (ns)  cumulative delay (ns) pins on net    location
================================================================================================================================
gpio_clk_27m                                              input        0.000             0.000               0        (0,159)
gpio_clk_27m                                              input        0.070             0.070             192        (0,159)
gpio_clk_27m                                              net          1.114             1.184             192        (0,159)
   Routing elements:
      Manhattan distance of X:41, Y:105
DC_FIFO_inst/U2_RdAddrCnt/U1_AddrCnt/GrayCnt[0]~FF|CLK    EFX_FF       0.000             1.184             192        (41,54)

---------- Path Details for Min Critical Paths (end) ---------------

