
---------- Module Resource Usage Distribution Estimates (begin) ----------

+-------------------+-------------+------+------+----------+-----------------+-----------+------------------+-----------+------------------+----------+-----------------+--------+
|     inst_name     |     xlr     | mem  | dsp  | xlr_lut4 | xlr_lut4_and_ff | xlr_comb4 | xlr_comb4_and_ff | xlr_adder | xlr_adder_and_ff | xlr_srl8 | xlr_srl8_and_ff | xlr_ff |
+-------------------+-------------+------+------+----------+-----------------+-----------+------------------+-----------+------------------+----------+-----------------+--------+
| +top              |  614(39.5)  | 1(0) | 0(0) | 214(14)  |    113(0.5)     |   0(0)    |       0(0)       |  126(0)   |      39(24)      |   0(0)   |      0(0)       | 122(1) |
|  +DC_FIFO_inst    | 126.5(84.5) | 1(1) | 0(0) |  35(27)  |    23.5(5.5)    |   0(0)    |       0(0)       |   0(0)    |       0(0)       |   0(0)   |      0(0)       | 68(52) |
|   +U1_WrAddrCnt   |   21(10)    | 0(0) | 0(0) |   4(1)   |      9(1)       |   0(0)    |       0(0)       |   0(0)    |       0(0)       |   0(0)   |      0(0)       |  8(8)  |
|    +U1_AddrCnt    |   11(11)    | 0(0) | 0(0) |   3(3)   |      8(8)       |   0(0)    |       0(0)       |   0(0)    |       0(0)       |   0(0)   |      0(0)       |  0(0)  |
|   +U2_RdAddrCnt   |   21(10)    | 0(0) | 0(0) |   4(1)   |      9(1)       |   0(0)    |       0(0)       |   0(0)    |       0(0)       |   0(0)   |      0(0)       |  8(8)  |
|    +U1_AddrCnt    |   11(11)    | 0(0) | 0(0) |   3(3)   |      8(8)       |   0(0)    |       0(0)       |   0(0)    |       0(0)       |   0(0)   |      0(0)       |  0(0)  |
|  +dvi_encoder_m0  |   220(0)    | 0(0) | 0(0) |  52(0)   |      27(0)      |   0(0)    |       0(0)       |  126(0)   |       0(0)       |   0(0)   |      0(0)       | 15(0)  |
|   +encb           |   78(78)    | 0(0) | 0(0) |  18(18)  |      9(9)       |   0(0)    |       0(0)       |  42(42)   |       0(0)       |   0(0)   |      0(0)       |  9(9)  |
|   +encg           |   71(71)    | 0(0) | 0(0) |  17(17)  |      9(9)       |   0(0)    |       0(0)       |  42(42)   |       0(0)       |   0(0)   |      0(0)       |  3(3)  |
|   +encr           |   71(71)    | 0(0) | 0(0) |  17(17)  |      9(9)       |   0(0)    |       0(0)       |  42(42)   |       0(0)       |   0(0)   |      0(0)       |  3(3)  |
|  +inst_rst        |    3(3)     | 0(0) | 0(0) |   0(0)   |      0(0)       |   0(0)    |       0(0)       |   0(0)    |       0(0)       |   0(0)   |      0(0)       |  3(3)  |
|  +uart_rx_tx_inst |   121(0)    | 0(0) | 0(0) |  51(0)   |      27(0)      |   0(0)    |       0(0)       |   0(0)    |      15(0)       |   0(0)   |      0(0)       | 28(0)  |
|   +uart01_rx      |   69(69)    | 0(0) | 0(0) |  33(33)  |     21(21)      |   0(0)    |       0(0)       |   0(0)    |       0(0)       |   0(0)   |      0(0)       | 15(15) |
|   +uart_tx01      |   52(52)    | 0(0) | 0(0) |  18(18)  |      6(6)       |   0(0)    |       0(0)       |   0(0)    |      15(15)      |   0(0)   |      0(0)       | 13(13) |
|  +u_color_bar_rgb |  104(104)   | 0(0) | 0(0) |  62(62)  |     35(35)      |   0(0)    |       0(0)       |   0(0)    |       0(0)       |   0(0)   |      0(0)       |  7(7)  |
+-------------------+-------------+------+------+----------+-----------------+-----------+------------------+-----------+------------------+----------+-----------------+--------+

----------- Module Resource Usage Distribution Estimates (end) ----------

