
Efinity Interface Designer Report
Version: 2026.1.132.4.5
Date: 2026-09-17 02:40

Copyright (C) 2013 - 2026 Efinix Inc. All rights reserved.

Device: Ti60F225
Project: iris_ws

Package: 225-ball FBGA (final)
Timing Model: I3 (final)
Configuration Mode: active (x1)

---------- Table of Contents (begin) ----------
   1. Periphery Usage Summary
   2. Generated Output Files
   3. I/O Banks Summary
   4. Global Connection Summary
   5. Clock Region Usage Summary
   6. Dual-Function Configuration Pin Usage
   7. GPIO Usage Summary
   8. PLL Usage Summary
   9. Oscillator Usage Summary
   10. Clock Mux Usage Summary
   11. Configuration Control Usage Summary
   12. Configuration SEU Detection Usage Summary
   13. JTAG Usage Summary
   14. LVDS Rx Usage Summary
   15. LVDS Tx Usage Summary
   16. Bidirectional LVDS Usage Summary
   17. MIPI RX Lane Usage Summary
   18. MIPI TX Lane Usage Summary
---------- Table of Contents (end) ------------

---------- 1. Periphery Usage Summary (begin) ----------
clkmux: 4 / 4 (100.0%)
control: 0 / 1 (0.0%)
gpio: 2 / 23 (8.7%)
hsio: 7.0 / 70 (10.0%)
	gpio: 6
	lvds or mipi lane: 4
hsio_bg: 0 / 8 (0.0%)
hvio_poc: 0 / 4 (0.0%)
jtag: 0 / 4 (0.0%)
osc: 0 / 1 (0.0%)
pll: 1 / 4 (25.0%)
seu: 0 / 1 (0.0%)
---------- Periphery Usage Summary (end) ----------

---------- 2. Generated Output Files (begin) ----------
Interface Configuration: iris_ws.interface.csv
Peripheral Block Configuration: iris_ws.lpf
Pinout Report: iris_ws.pinout.rpt
Pinout CSV: iris_ws.pinout.csv
Timing Report: iris_ws.pt_timing.rpt
Timing SDC Template: iris_ws.pt.sdc
Verilog Template: iris_ws_template.v
Option Register File: iris_ws_or.ini
---------- Generated Output Files (end) ----------

---------- 3. I/O Banks Summary (begin) ----------

+----------+-------------+
| I/O Bank | I/O Voltage |
+----------+-------------+
|    1A    |    1.8 V    |
|    1B    |    1.8 V    |
|    2A    |    1.8 V    |
|    2B    |    1.8 V    |
|    3A    |    1.8 V    |
|    3B    |    1.8 V    |
|    4A    |    1.8 V    |
|    4B    |    1.8 V    |
|    BL    |    3.3 V    |
|    BR    |    3.3 V    |
|    TL    |    3.3 V    |
|    TR    |    3.3 V    |
+----------+-------------+

---------- I/O Banks Summary (end) ----------

---------- 4. Global Connection Summary (begin) ----------

+------------------+-----------------+------+
|     Pin Name     |     Resource    | Type |
+------------------+-----------------+------+
|     CLK_25M      |  GPIOL_P_08.ALT | GCLK |
|        FB        | PLL_BR0.CLKOUT0 | GCLK |
|   gpio_clk_27m   |  GPIOL_P_10.ALT | GCLK |
| hdmi_tx_fast_clk | PLL_BR0.CLKOUT2 | GCLK |
| hdmi_tx_slow_clk | PLL_BR0.CLKOUT1 | GCLK |
+------------------+-----------------+------+

---------- Global Connection Summary (end) ----------

---------- 5. Clock Region Usage Summary (begin) ----------

+--------------+----------------+
| Clock Region | Used/Available |
+--------------+----------------+
|      B0      |      1/14      |
|      B1      |      2/14      |
|      L0      |      0/4       |
|      L1      |      0/4       |
|      L2      |      0/4       |
|      L3      |      0/4       |
|      L4      |      0/4       |
|      L5      |      0/4       |
|      L6      |      0/4       |
|      L7      |      0/4       |
|      R0      |      0/4       |
|      R1      |      0/4       |
|      R2      |      0/4       |
|      R3      |      0/4       |
|      R4      |      2/4       |
|      R5      |      2/4       |
|      R6      |      0/4       |
|      R7      |      0/4       |
|      T0      |      0/14      |
|      T1      |      0/14      |
+--------------+----------------+

---------- Clock Region Usage Summary (end) ----------

---------- 6. Dual-Function Configuration Pin Usage (begin) ----------

+---------------+--------------+
| Instance Name |   Function   |
+---------------+--------------+
|  gpio_clk_27m | PCR_READBACK |
|     led[1]    |     CSI      |
|     led[3]    |   NSTATUS    |
+---------------+--------------+

---------- Dual-Function Configuration Pin Usage (end) ----------

---------- 7. GPIO Usage Summary (begin) ----------

Global Unused Setting: input with weak pulldown

+---------------+------------+--------+----------+--------------+----------+--------------+--------------------+-------------+
| Instance Name |  Resource  |  Mode  | Register | Clock Region | I/O Bank | I/O Standard |      Pad Name      | Package Pin |
+---------------+------------+--------+----------+--------------+----------+--------------+--------------------+-------------+
|    CLK_25M    | GPIOL_P_08 | input  |          |              |    1A    | 1.8 V LVCMOS | GPIOL_P_08_CLK1_P  |      J2     |
|  gpio_clk_27m | GPIOL_P_10 | input  |          |              |    1B    | 1.8 V LVCMOS | GPIOL_P_10_CLK3_P  |      H2     |
|     led[0]    | GPIOL_P_12 | output |          |              |    1B    | 1.8 V LVCMOS |     GPIOL_P_12     |      G3     |
|     led[1]    | GPIOL_P_02 | output |          |              |    1A    | 1.8 V LVCMOS |   GPIOL_P_02_CSI   |      N2     |
|     led[2]    | GPIOL_N_12 | output |          |              |    1B    | 1.8 V LVCMOS |     GPIOL_N_12     |      G4     |
|     led[3]    | GPIOL_P_15 | output |          |              |    1B    | 1.8 V LVCMOS | GPIOL_P_15_NSTATUS |      E1     |
|      rxd      |  GPIOL_02  | input  |   I(R)   |      B0      |    BL    | 3.3 V LVCMOS |      GPIOL_02      |      R4     |
|      txd      |  GPIOR_28  | output |   O(R)   |      B1      |    BR    | 3.3 V LVCMOS |      GPIOR_28      |     R14     |
+---------------+------------+--------+----------+--------------+----------+--------------+--------------------+-------------+

*NOTE
R: Register Path


Input GPIO Configuration:
=========================

+---------------+-----------+---------------------+-----------------+------+-----------------+--------------+---------------------+-----------------+----------+------------+-------+
| Instance Name | Input Pin | Alternate Input Pin | Input Clock Pin | DDIO | Deserialization | Pull Up/Down | Dynamic Pull Up Pin | Schmitt Trigger | Bus Hold | Delay Mode | Delay |
+---------------+-----------+---------------------+-----------------+------+-----------------+--------------+---------------------+-----------------+----------+------------+-------+
|    CLK_25M    |           |       CLK_25M       |                 |      |     Disable     |     none     |                     |     Disable     | Disable  |  Disable   |   0   |
|  gpio_clk_27m |           |     gpio_clk_27m    |                 |      |     Disable     |     none     |                     |     Disable     | Disable  |  Disable   |   0   |
|      rxd      |    rxd    |                     |   gpio_clk_27m  |      |     Disable     | weak pullup  |                     |     Disable     | Disable  |  Disable   |   0   |
+---------------+-----------+---------------------+-----------------+------+-----------------+--------------+---------------------+-----------------+----------+------------+-------+

Output GPIO Configuration:
==========================

+---------------+------------+------------------+------+---------------+----------------+-----------+-------+
| Instance Name | Output Pin | Output Clock Pin | DDIO | Serialization | Drive Strength | Slew Rate | Delay |
+---------------+------------+------------------+------+---------------+----------------+-----------+-------+
|     led[0]    |   led[0]   |                  |      |    Disable    |       4        |  Disable  |   0   |
|     led[1]    |   led[1]   |                  |      |    Disable    |       4        |  Disable  |   0   |
|     led[2]    |   led[2]   |                  |      |    Disable    |       4        |  Disable  |   0   |
|     led[3]    |   led[3]   |                  |      |    Disable    |       4        |  Disable  |   0   |
|      txd      |    txd     |   gpio_clk_27m   |      |    Disable    |       8        |  Disable  |   0   |
+---------------+------------+------------------+------+---------------+----------------+-----------+-------+

---------- GPIO Usage Summary (end) ----------

---------- 8. PLL Usage Summary (begin) ----------

+---------------+----------+--------------+--------------+-----------------+---------------+----------------+---------+------------------+------------------+---------+---------+
| Instance Name | Resource | Clock Region | Clock Source | Reference Clock | Feedback Mode | Feedback Clock | Clkout0 |     Clkout1      |     Clkout2      | Clkout3 | Clkout4 |
+---------------+----------+--------------+--------------+-----------------+---------------+----------------+---------+------------------+------------------+---------+---------+
|    pll_hdmi   | PLL_BR0  |    B1,R0     |     core     |     CLK_25M     |     local     |       FB       |    FB   | hdmi_tx_slow_clk | hdmi_tx_fast_clk |         |         |
+---------------+----------+--------------+--------------+-----------------+---------------+----------------+---------+------------------+------------------+---------+---------+

Instance Name                 : pll_hdmi
Resource                      : PLL_BR0
Locked Pin Name               : hdmi_tx_locked
Clock Source                  : core
Reference Clock               : CLK_25M
Feedback Mode                 : local
Feedback Clock                : FB

Reference Clock Frequency     : 25.0000 MHz
Reference Clock Period        : 40.0000 ns
Multiplier (M)                : 1
Pre-Divider (N)               : 1
VCO Frequency                 : 2975.0000 MHz
Post-Divider (O)              : 1
PLL Frequency                 : 2975.0000 MHz

Output Clock 0
Clock Pin Name                : FB
Output Divider                : 119
Dynamic Phase Shift           : Disable
Phase Setting                 : 0
Phase Degree                  : 0.0000
Invert Output                 : false
Output Frequency              : 25.0000 MHz
Output Period                 : 40.000 ns

Output Clock 1
Clock Pin Name                : hdmi_tx_slow_clk
Output Divider                : 20
Dynamic Phase Shift           : Disable
Phase Setting                 : 0
Phase Degree                  : 0.0000
Invert Output                 : false
Output Frequency              : 148.7500 MHz
Output Period                 : 6.723 ns

Output Clock 2
Clock Pin Name                : hdmi_tx_fast_clk
Output Divider                : 4
Dynamic Phase Shift           : Disable
Phase Setting                 : 2
Phase Degree                  : 90.0000
Invert Output                 : false
Output Frequency              : 743.7500 MHz
Output Period                 : 1.345 ns

Frequency calculations:
	VCO = REFCLK * ((M * FBK) /N)
	    = 25.0000 MHz * ((1*119) /1)
	    = 2975.0000 MHz
	PLL = VCO / O
	    = 2975.0000 MHz / 1
	    = 2975.0000 MHz

	CLKOUT0 = PLL / CLKOUT0_DIV
	        = 2975.0000 MHz / 119
	        = 25.0000 MHz
	CLKOUT1 = PLL / CLKOUT1_DIV
	        = 2975.0000 MHz / 20
	        = 148.7500 MHz
	CLKOUT2 = PLL / CLKOUT2_DIV
	        = 2975.0000 MHz / 4
	        = 743.7500 MHz

SDC Constraints:
	create_clock -period 40.000 -name FB [get_ports {FB}]
	create_clock -period 6.723 -name hdmi_tx_slow_clk [get_ports {hdmi_tx_slow_clk}]
	create_clock -waveform {0.336 1.009} -period 1.345 -name hdmi_tx_fast_clk [get_ports {hdmi_tx_fast_clk}]

---------- PLL Usage Summary (end) ----------

---------- 9. Oscillator Usage Summary (begin) ----------

No Oscillator was configured

---------- Oscillator Usage Summary (end) ----------

---------- 10. Clock Mux Usage Summary (begin) ----------

+----------+-----------------+
| Resource | Output Assigned |
+----------+-----------------+
| CLKMUX_B |        3        |
| CLKMUX_L |        2        |
| CLKMUX_R |        0        |
| CLKMUX_T |        0        |
+----------+-----------------+

***** CLOCKMUX 0 *****

Resource: CLKMUX_B

Clock mux assignment:

+------------------+---------+--------------+-----------------+--------+
|      Input       | Mux Pin | Top Mux: Sel | Bottom Mux: Sel | Output |
+------------------+---------+--------------+-----------------+--------+
| hdmi_tx_slow_clk | PLL1[1] |              |     BOT_1: 2    | OUT[1] |
|        FB        | PLL1[0] |              |     BOT_4: 2    | OUT[4] |
| hdmi_tx_fast_clk | PLL1[2] |              |     BOT_5: 2    | OUT[5] |
+------------------+---------+--------------+-----------------+--------+

Dynamic Muxes
Dynamic Mux 0                       : Disable
Dynamic Mux 7                       : Disable

***** CLOCKMUX 1 *****

Resource: CLKMUX_L

Clock mux assignment:

+--------------+---------+--------------+-----------------+--------+
|    Input     | Mux Pin | Top Mux: Sel | Bottom Mux: Sel | Output |
+--------------+---------+--------------+-----------------+--------+
| gpio_clk_27m | GPIO[3] |              |     BOT_1: 3    | OUT[1] |
|   CLK_25M    | GPIO[1] |              |     BOT_6: 1    | OUT[6] |
+--------------+---------+--------------+-----------------+--------+

Dynamic Muxes
Dynamic Mux 0                       : Disable
Dynamic Mux 7                       : Disable

***** CLOCKMUX 2 *****

Resource: CLKMUX_R

Dynamic Muxes
Dynamic Mux 0                       : Disable
Dynamic Mux 7                       : Disable

***** CLOCKMUX 3 *****

Resource: CLKMUX_T

Dynamic Muxes
Dynamic Mux 0                       : Disable
Dynamic Mux 7                       : Disable

---------- Clock Mux Usage Summary (end) ----------

---------- 11. Configuration Control Usage Summary (begin) ----------

No Configuration Control was configured

---------- Configuration Control Usage Summary (end) ----------

---------- 12. Configuration SEU Detection Usage Summary (begin) ----------

No Configuration SEU Detection was configured

---------- Configuration SEU Detection Usage Summary (end) ----------

---------- 13. JTAG Usage Summary (begin) ----------

No JTAG was configured

---------- JTAG Usage Summary (end) ----------

---------- 14. LVDS Rx Usage Summary (begin) ----------

No LVDS Rx was configured

---------- LVDS Rx Usage Summary (end) ----------

---------- 15. LVDS Tx Usage Summary (begin) ----------

+---------------+-------------+-------------------------------------+--------------+--------------+------+--------------+------------------+---------------+-----------+------------------+------------------+-------------------+-------------------+-------------------+--------------+-------+
| Instance Name |   Resource  |              Pad Names              | Package Pins | Clock Region | Mode |    Output    |        OE        | Serialization | Half Rate |   Serial Clock   |  Parallel Clock  |       Reset       | Differential Type | Differential, VOD | Pre-Emphasis | Delay |
+---------------+-------------+-------------------------------------+--------------+--------------+------+--------------+------------------+---------------+-----------+------------------+------------------+-------------------+-------------------+-------------------+--------------+-------+
|    tmds_clk   | GPIOR_PN_10 | GPIOR_N_10_CLK9_N,GPIOR_P_10_CLK9_P |   H12,H13    |      R4      | out  |  tmds_clk_o  |  tmds_clk_TX_OE  |       10      |   Enable  | hdmi_tx_fast_clk | hdmi_tx_slow_clk |  tmds_clk_TX_RST  |        lvds       |       large       |  medium low  |   0   |
|   tmds_data0  | GPIOR_PN_13 |        GPIOR_N_13,GPIOR_P_13        |   F15,G15    |      R5      | out  | tmds_data0_o | tmds_data0_TX_OE |       10      |   Enable  | hdmi_tx_fast_clk | hdmi_tx_slow_clk | tmds_data0_TX_RST |        lvds       |       large       |  medium low  |   0   |
|   tmds_data1  | GPIOR_PN_11 | GPIOR_N_11_CLK8_N,GPIOR_P_11_CLK8_P |   G14,H14    |      R4      | out  | tmds_data1_o | tmds_data1_TX_OE |       10      |   Enable  | hdmi_tx_fast_clk | hdmi_tx_slow_clk | tmds_data1_TX_RST |        lvds       |       large       |  medium low  |   0   |
|   tmds_data2  | GPIOR_PN_12 |        GPIOR_N_12,GPIOR_P_12        |   F13,G13    |      R4      | out  | tmds_data2_o | tmds_data2_TX_OE |       10      |   Enable  | hdmi_tx_fast_clk | hdmi_tx_slow_clk | tmds_data2_TX_RST |        lvds       |       large       |  medium low  |   0   |
+---------------+-------------+-------------------------------------+--------------+--------------+------+--------------+------------------+---------------+-----------+------------------+------------------+-------------------+-------------------+-------------------+--------------+-------+

---------- LVDS Tx Usage Summary (end) ----------

---------- 16. Bidirectional LVDS Usage Summary (begin) ----------

No Bidirectional LVDS was configured

---------- Bidirectional LVDS Usage Summary (end) ----------

---------- 17. MIPI RX Lane Usage Summary (begin) ----------

No MIPI RX Lane was configured

---------- MIPI RX Lane Usage Summary (end) ----------

---------- 18. MIPI TX Lane Usage Summary (begin) ----------

No MIPI TX Lane was configured

---------- MIPI TX Lane Usage Summary (end) ----------
