
Efinity Interface Designer Timing Report
Version: 2026.1.132.4.5
Date: 2026-09-17 02:40

Copyright (C) 2013 - 2026 Efinix Inc. All rights reserved.

Device: Ti60F225
Project: iris_ws
Timing Model: I3 (final)

---------- 1. PLL Timing Report (begin) ----------

+--------------+----------+-----------------+--------------------------+---------+-------------------+---------------------------------+---------------------------------+
| PLL Instance | Resource | Reference Clock | Core Clock Reference Pin | FB Mode | Core Feedback Pin | PLL Compensation Delay Max (ns) | PLL Compensation Delay Min (ns) |
+--------------+----------+-----------------+--------------------------+---------+-------------------+---------------------------------+---------------------------------+
|   pll_hdmi   | PLL_BR0  |       core      |   CLK_25M~CLKOUT~202~1   |  local  |                   |              0.000              |              0.000              |
+--------------+----------+-----------------+--------------------------+---------+-------------------+---------------------------------+---------------------------------+

+------------------+-------------+----------------------------+-----------------------+----------+
|      Clock       | Period (ns) | Enable Dynamic Phase Shift | Phase Shift (degrees) | Inverted |
+------------------+-------------+----------------------------+-----------------------+----------+
|        FB        |    40.000   |           false            |         0.000         |  false   |
| hdmi_tx_slow_clk |    6.723    |           false            |         0.000         |  false   |
| hdmi_tx_fast_clk |    1.345    |           false            |         90.000        |  false   |
+------------------+-------------+----------------------------+-----------------------+----------+

---------- PLL Timing Report (end) ----------

---------- 2. GPIO Timing Report (begin) ----------

Registered GPIO Configuration:
===============================

+---------------+--------------+----------------+----------------+---------------+---------------+-----------------------+-----------------------+
| Instance Name |  Clock Pin   | Max Setup (ns) | Min Setup (ns) | Max Hold (ns) | Min Hold (ns) | Max Clock To Out (ns) | Min Clock To Out (ns) |
+---------------+--------------+----------------+----------------+---------------+---------------+-----------------------+-----------------------+
|      rxd      | gpio_clk_27m |     1.646      |     0.954      |     -0.417    |     -0.242    |                       |                       |
|      txd      | gpio_clk_27m |                |                |               |               |         5.411         |         2.557         |
+---------------+--------------+----------------+----------------+---------------+---------------+-----------------------+-----------------------+

---------- GPIO Timing Report (end) ----------

---------- 3.1 HSIO GPIO Timing Report (begin) ----------

Non-registered HSIO GPIO Configuration:
========================================

+---------------+--------------+-------------+----------+----------+
| Instance Name |   Pin Name   |  Parameter  | Max (ns) | Min (ns) |
+---------------+--------------+-------------+----------+----------+
|    CLK_25M    |   CLK_25M    | GPIO_CLK_IN |  0.953   |  0.552   |
|  gpio_clk_27m | gpio_clk_27m | GPIO_CLK_IN |  0.953   |  0.552   |
|     led[0]    |    led[0]    |   GPIO_OUT  |  2.536   |  1.470   |
|     led[1]    |    led[1]    |   GPIO_OUT  |  2.536   |  1.470   |
|     led[2]    |    led[2]    |   GPIO_OUT  |  2.536   |  1.470   |
|     led[3]    |    led[3]    |   GPIO_OUT  |  2.536   |  1.470   |
+---------------+--------------+-------------+----------+----------+

---------- HSIO GPIO Timing Report (end) ----------

---------- 3.2.1 LVDS Tx Timing Report (begin) ----------

---------- LVDS Tx Timing Report (end) ----------

---------- 4. Clock Network Delay Report (begin) ----------

+------------------+----------+----------+
|    Clock Pin     | Max (ns) | Min (ns) |
+------------------+----------+----------+
|     CLK_25M      |  2.054   |  1.161   |
|   gpio_clk_27m   |  2.084   |  1.178   |
| hdmi_tx_fast_clk |  2.179   |  1.231   |
| hdmi_tx_slow_clk |  2.244   |  1.268   |
+------------------+----------+----------+

---------- Clock Network Delay Report (end) ----------
