
Elitestek FPGA Placement and Routing.
Version: 2026.1.132.4.5 
Date: Thu Sep 17 02:40:32 2026

Copyright (C) 2013 - 2026 Efinix, Inc. All rights reserved.
 
Family: Titanium 
Device: Ti60F225
Top-level Entity Name: iris_ws

---------- IO Interface Summary (begin) ----------

+------------------------+--------------+
| Missing Interface Pins | Input/Output |
+------------------------+--------------+
|           FB           |    Input     |
+------------------------+--------------+

----------- IO Interface Summary (end) ----------


---------- Module Resource Usage Distribution Estimates (begin) ----------

'Module Resource Usage Distribution Estimates' table printed in: outflow/iris_ws.hier_util.rpt

----------- Module Resource Usage Distribution Estimates (end) ----------

Elapsed time for packing: 0 hours 0 minutes 0 seconds
---------- Resource Summary (begin) ----------
Inputs: 6 / 1703 (0.35%)
Outputs: 64 / 2267 (2.82%)
Global Clocks (GBUF): 4 / 32 (12.50%)
Regional Clocks (RBUF): 0 / 32 (0.00%)
	RBUF: Core: 0 / 16 (0.00%)
	RBUF: Periphery: 0 / 8 (0.00%)
	RBUF: Multi-Region: 0 / 8 (0.00%)
XLRs: 614 / 60800 (1.01%)
	XLRs needed for LUT4: 214 / 60800 (0.35%)
	XLRs needed for LUT4 + FF: 113 / 60800 (0.19%)
	XLRs needed for COMB4: 0 / 60800 (0.00%)
	XLRs needed for COMB4 + FF: 0 / 60800 (0.00%)
	XLRs needed for Adder: 126 / 60800 (0.21%)
	XLRs needed for Adder + FF: 39 / 60800 (0.06%)
	XLRs needed for SRL8: 0 / 14720 (0.00%)
	XLRs needed for SRL8 + FF: 0 / 14720 (0.00%)
	XLRs needed for FF: 122 / 60800 (0.20%)
	XLRs needed for Routing: 0 / 60800 (0.00%)
Memory Blocks: 1 / 256 (0.39%)
DSP Blocks: 0 / 160 (0.00%)
---------- Resource Summary (end) ----------

Elapsed time for placement: 0 hours 0 minutes 7 seconds
