Efinity Synthesis report for project iris_ws
Version: 2026.1.132.4.5
Generated at: Sep 17, 2026 02:37:35
Copyright (C) 2013 - 2026  All rights reserved.

Top-level Entity Name : top

family : Titanium
device : Ti60F225
project : iris_ws
root : top
binary-db : outflow/iris_ws.vdb
insert-ios : 0
insert-gclk : 0
max-carry-cascade : 320
max-dsp-cascade : 16
max_mult : -1
max_ram : -1
mode : speed
num_srl : -1
output-dir : outflow
proj_curr_path : /home/fr/Program/FPGA/Iris/iris_ws
project : iris_ws
project-xml : /home/fr/Program/FPGA/Iris/iris_ws/iris_ws.xml
root : top
work-dir : work_syn
write-efx-verilog : outflow/iris_ws.map.v

File List:

/home/fr/Program/FPGA/Iris/iris_ws/src/top.v
/home/fr/Program/FPGA/Iris/iris_ws/src/hdmi/color_bar_rgb.v
/home/fr/Program/FPGA/Iris/iris_ws/src/hdmi/dvi_encoder.v
/home/fr/Program/FPGA/Iris/iris_ws/src/hdmi/encode.v
/home/fr/Program/FPGA/Iris/iris_ws/src/hdmi/reset.v
/home/fr/Program/FPGA/Iris/iris_ws/src/uart/uart_rx.v
/home/fr/Program/FPGA/Iris/iris_ws/src/uart/uart_tx.v
/home/fr/Program/FPGA/Iris/iris_ws/src/uart/uart_rx_tx.v
/home/fr/Program/FPGA/Iris/iris_ws/src/uart/DC_FIFO_v3p7.v

### ### Report Section Start ### ###

"MEM|SYN-0677" : ... Memory 'FifoBuff' is not initialized, assuming empty initial contents. (/home/fr/Program/FPGA/Iris/iris_ws/src/uart/DC_FIFO_v3p7.v:211)

### ### EFX_FF CE enables (begin) ### ### ###

Total number of enable signals: 25
Total number of FFs with enable signals: 88
+--------------------------------------+------------------+
|CE Signal                             |Number of FF loads|
+--------------------------------------+------------------+
|n76                                   |               17 |
|DC_FIFO_inst/FifoWrEn                 |               17 |
|ceg_net39                             |               16 |
|tx_valid                              |                8 |
|uart_rx_tx_inst/uart01_rx/bit_over_r  |                4 |
|uart_rx_tx_inst/uart_tx01/equal_21/n31|                4 |
|ceg_net40                             |                2 |
|DC_FIFO_inst/n21                      |                2 |
|ceg_net41                             |                2 |
|uart_rx_tx_inst/uart01_rx/n592        |                1 |
|uart_rx_tx_inst/uart01_rx/n602        |                1 |
|uart_rx_tx_inst/uart01_rx/n620        |                1 |
|rx_valid                              |                1 |
|uart_rx_tx_inst/uart01_rx/n615        |                1 |
|ceg_net26                             |                1 |
|sys_rst_n                             |                1 |
|uart_rx_tx_inst/uart01_rx/n604        |                1 |
|ceg_net24                             |                1 |
|DC_FIFO_inst/WrAHighRise              |                1 |
|uart_rx_tx_inst/uart01_rx/n622        |                1 |
|uart_rx_tx_inst/uart01_rx/n617        |                1 |
|DC_FIFO_inst/RdAHighRise              |                1 |
|uart_rx_tx_inst/tx_over               |                1 |
|uart_rx_tx_inst/uart01_rx/n607        |                1 |
|uart_rx_tx_inst/uart01_rx/n612        |                1 |
+--------------------------------------+------------------+

### ### EFX_FF CE enables (end) ### ### ###

### ### EFX_FF SR set/reset (begin) ### ### ###

Total number of set/reset signals: 10
Total number of FFs with set/reset signals: 203
+-----------------------------------------+------------------+
|SR Signal                                |Number of FF loads|
+-----------------------------------------+------------------+
|DC_FIFO_inst/WrClkRst                    |               88 |
|sys_rst_n                                |               68 |
|uart_rx_tx_inst/uart01_rx/n562           |               16 |
|uart_rx_tx_inst/uart_tx01/n227           |               16 |
|uart_rx_tx_inst/tx_busy                  |                4 |
|uart_rx_tx_inst/uart01_rx/cnt_en         |                4 |
|hdmi_tx_locked                           |                3 |
|DC_FIFO_inst/n21                         |                2 |
|uart_rx_tx_inst/uart_tx01/tx_valid_dly[0]|                1 |
|uart_rx_tx_inst/uart01_rx/equal_9/n3     |                1 |
+-----------------------------------------+------------------+

### ### EFX_FF SR set/reset (end) ### ### ###

### ### Sequential Elements/Signals Trimming Report (begin) ### ### ### 
'DC_FIFO_inst/RdFirst' (src/uart/DC_FIFO_v3p7.v:520) (optimized to 0)
'uart_rx_tx_inst/uart01_rx/capture_p0_r[2]' (src/uart/uart_rx.v:90) (optimized to 0)
'uart_rx_tx_inst/uart01_rx/capture_p0_r[6]' (src/uart/uart_rx.v:90) (optimized to 0)
'uart_rx_tx_inst/uart01_rx/capture_p0_r[7]' (src/uart/uart_rx.v:90) (optimized to 0)
'uart_rx_tx_inst/uart01_rx/capture_p0_r[8]' (src/uart/uart_rx.v:90) (optimized to 0)
'uart_rx_tx_inst/uart01_rx/capture_p0_r[9]' (src/uart/uart_rx.v:90) (optimized to 0)
'uart_rx_tx_inst/uart01_rx/capture_p0_r[10]' (src/uart/uart_rx.v:90) (optimized to 0)
'uart_rx_tx_inst/uart01_rx/capture_p0_r[11]' (src/uart/uart_rx.v:90) (optimized to 0)
'uart_rx_tx_inst/uart01_rx/capture_p0_r[12]' (src/uart/uart_rx.v:90) (optimized to 0)
'uart_rx_tx_inst/uart01_rx/capture_p0_r[13]' (src/uart/uart_rx.v:90) (optimized to 0)
'uart_rx_tx_inst/uart01_rx/capture_p0_r[14]' (src/uart/uart_rx.v:90) (optimized to 0)
'uart_rx_tx_inst/uart01_rx/capture_p0_r[15]' (src/uart/uart_rx.v:90) (optimized to 0)
'uart_rx_tx_inst/uart01_rx/capture_p1_r[4]' (src/uart/uart_rx.v:91) (optimized to 0)
'uart_rx_tx_inst/uart01_rx/capture_p1_r[6]' (src/uart/uart_rx.v:91) (optimized to 0)
'uart_rx_tx_inst/uart01_rx/capture_p1_r[8]' (src/uart/uart_rx.v:91) (optimized to 0)
'uart_rx_tx_inst/uart01_rx/capture_p1_r[9]' (src/uart/uart_rx.v:91) (optimized to 0)
'uart_rx_tx_inst/uart01_rx/capture_p1_r[10]' (src/uart/uart_rx.v:91) (optimized to 0)
'uart_rx_tx_inst/uart01_rx/capture_p1_r[11]' (src/uart/uart_rx.v:91) (optimized to 0)
'uart_rx_tx_inst/uart01_rx/capture_p1_r[12]' (src/uart/uart_rx.v:91) (optimized to 0)
'uart_rx_tx_inst/uart01_rx/capture_p1_r[13]' (src/uart/uart_rx.v:91) (optimized to 0)
'uart_rx_tx_inst/uart01_rx/capture_p1_r[14]' (src/uart/uart_rx.v:91) (optimized to 0)
'uart_rx_tx_inst/uart01_rx/capture_p1_r[15]' (src/uart/uart_rx.v:91) (optimized to 0)
'uart_rx_tx_inst/uart01_rx/BIT_NUM[1]' (src/uart/uart_rx.v:19) (optimized to 0)
'uart_rx_tx_inst/uart01_rx/BIT_NUM[2]' (src/uart/uart_rx.v:19) (optimized to 0)
'uart_rx_tx_inst/uart_tx01/BIT_NUM[1]' (src/uart/uart_tx.v:32) (optimized to 0)
'uart_rx_tx_inst/uart_tx01/BIT_NUM[2]' (src/uart/uart_tx.v:32) (optimized to 0)
'uart_rx_tx_inst/uart_tx01/BIT_NUM[0]' (src/uart/uart_tx.v:32) (merged to equivalence)
'uart_rx_tx_inst/uart01_rx/BIT_NUM[3]' (src/uart/uart_rx.v:19) (merged to equivalence)
'uart_rx_tx_inst/uart01_rx/BIT_NUM[0]' (src/uart/uart_rx.v:19) (merged to equivalence)
'uart_rx_tx_inst/uart01_rx/capture_p1_r[7]' (src/uart/uart_rx.v:91) (merged to equivalence)
'uart_rx_tx_inst/uart01_rx/capture_p1_r[5]' (src/uart/uart_rx.v:91) (merged to equivalence)
'uart_rx_tx_inst/uart01_rx/capture_p1_r[3]' (src/uart/uart_rx.v:91) (merged to equivalence)
'uart_rx_tx_inst/uart01_rx/capture_p1_r[2]' (src/uart/uart_rx.v:91) (merged to equivalence)
'uart_rx_tx_inst/uart01_rx/capture_p1_r[1]' (src/uart/uart_rx.v:91) (merged to equivalence)
'uart_rx_tx_inst/uart01_rx/capture_p1_r[0]' (src/uart/uart_rx.v:91) (merged to equivalence)
'uart_rx_tx_inst/uart01_rx/capture_p0_r[5]' (src/uart/uart_rx.v:90) (merged to equivalence)
'uart_rx_tx_inst/uart01_rx/capture_p0_r[4]' (src/uart/uart_rx.v:90) (merged to equivalence)
'uart_rx_tx_inst/uart01_rx/capture_p0_r[3]' (src/uart/uart_rx.v:90) (merged to equivalence)
'uart_rx_tx_inst/uart01_rx/capture_p0_r[1]' (src/uart/uart_rx.v:90) (merged to equivalence)
'uart_rx_tx_inst/uart01_rx/capture_p0_r[0]' (src/uart/uart_rx.v:90) (merged to equivalence)
'video_b[1]' (src/top.v:111) (merged to equivalence)
'video_b[2]' (src/top.v:111) (merged to equivalence)
'video_b[3]' (src/top.v:111) (merged to equivalence)
'video_b[4]' (src/top.v:111) (merged to equivalence)
'video_b[6]' (src/top.v:111) (merged to equivalence)
'video_b[5]' (src/top.v:111) (merged to equivalence)
'video_b[7]' (src/top.v:111) (merged to equivalence)
'dvi_encoder_m0/encb/din_q[1]' (src/hdmi/encode.v:63) (merged to equivalence)
'dvi_encoder_m0/encb/din_q[2]' (src/hdmi/encode.v:63) (merged to equivalence)
'dvi_encoder_m0/encb/din_q[3]' (src/hdmi/encode.v:63) (merged to equivalence)
'dvi_encoder_m0/encb/din_q[4]' (src/hdmi/encode.v:63) (merged to equivalence)
'dvi_encoder_m0/encb/din_q[6]' (src/hdmi/encode.v:63) (merged to equivalence)
'dvi_encoder_m0/encb/din_q[5]' (src/hdmi/encode.v:63) (merged to equivalence)
'dvi_encoder_m0/encb/din_q[7]' (src/hdmi/encode.v:63) (merged to equivalence)
'dvi_encoder_m0/encb/n1q_m[0]' (src/hdmi/encode.v:107) (merged to equivalence)
'dvi_encoder_m0/encr/de_q' (src/hdmi/encode.v:130) (merged to equivalence)
'dvi_encoder_m0/encr/de_reg' (src/hdmi/encode.v:130) (merged to equivalence)
'video_g[1]' (src/top.v:110) (merged to equivalence)
'video_g[2]' (src/top.v:110) (merged to equivalence)
'video_g[3]' (src/top.v:110) (merged to equivalence)
'video_g[4]' (src/top.v:110) (merged to equivalence)
'video_g[6]' (src/top.v:110) (merged to equivalence)
'video_g[5]' (src/top.v:110) (merged to equivalence)
'video_g[7]' (src/top.v:110) (merged to equivalence)
'dvi_encoder_m0/encr/din_q[1]' (src/hdmi/encode.v:63) (merged to equivalence)
'dvi_encoder_m0/encr/din_q[2]' (src/hdmi/encode.v:63) (merged to equivalence)
'dvi_encoder_m0/encr/din_q[3]' (src/hdmi/encode.v:63) (merged to equivalence)
'dvi_encoder_m0/encr/din_q[4]' (src/hdmi/encode.v:63) (merged to equivalence)
'dvi_encoder_m0/encr/din_q[6]' (src/hdmi/encode.v:63) (merged to equivalence)
'dvi_encoder_m0/encr/din_q[5]' (src/hdmi/encode.v:63) (merged to equivalence)
'dvi_encoder_m0/encr/din_q[7]' (src/hdmi/encode.v:63) (merged to equivalence)
'dvi_encoder_m0/encr/n1q_m[0]' (src/hdmi/encode.v:107) (merged to equivalence)
'dvi_encoder_m0/encg/de_q' (src/hdmi/encode.v:130) (merged to equivalence)
'dvi_encoder_m0/encg/de_reg' (src/hdmi/encode.v:130) (merged to equivalence)
'video_r[1]' (src/top.v:109) (merged to equivalence)
'video_r[2]' (src/top.v:109) (merged to equivalence)
'video_r[3]' (src/top.v:109) (merged to equivalence)
'video_r[4]' (src/top.v:109) (merged to equivalence)
'video_r[6]' (src/top.v:109) (merged to equivalence)
'video_r[5]' (src/top.v:109) (merged to equivalence)
'video_r[7]' (src/top.v:109) (merged to equivalence)
'dvi_encoder_m0/encg/din_q[1]' (src/hdmi/encode.v:63) (merged to equivalence)
'dvi_encoder_m0/encg/din_q[2]' (src/hdmi/encode.v:63) (merged to equivalence)
'dvi_encoder_m0/encg/din_q[3]' (src/hdmi/encode.v:63) (merged to equivalence)
'dvi_encoder_m0/encg/din_q[4]' (src/hdmi/encode.v:63) (merged to equivalence)
'dvi_encoder_m0/encg/din_q[6]' (src/hdmi/encode.v:63) (merged to equivalence)
'dvi_encoder_m0/encg/din_q[5]' (src/hdmi/encode.v:63) (merged to equivalence)
'dvi_encoder_m0/encg/din_q[7]' (src/hdmi/encode.v:63) (merged to equivalence)
'dvi_encoder_m0/encg/n1q_m[0]' (src/hdmi/encode.v:107) (merged to equivalence)
'dvi_encoder_m0/encb/n1d[3]' (src/hdmi/encode.v:62) (merged to equivalence)
'dvi_encoder_m0/encb/n1d[1]' (src/hdmi/encode.v:62) (merged to equivalence)
'dvi_encoder_m0/encb/n1d[0]' (src/hdmi/encode.v:62) (merged to equivalence)
'dvi_encoder_m0/encr/n1d[3]' (src/hdmi/encode.v:62) (merged to equivalence)
'dvi_encoder_m0/encr/n1d[2]' (src/hdmi/encode.v:62) (merged to equivalence)
'dvi_encoder_m0/encr/n1d[1]' (src/hdmi/encode.v:62) (merged to equivalence)
'dvi_encoder_m0/encr/n1d[0]' (src/hdmi/encode.v:62) (merged to equivalence)
'dvi_encoder_m0/encg/n1d[3]' (src/hdmi/encode.v:62) (merged to equivalence)
'dvi_encoder_m0/encg/n1d[2]' (src/hdmi/encode.v:62) (merged to equivalence)
'dvi_encoder_m0/encg/n1d[1]' (src/hdmi/encode.v:62) (merged to equivalence)
'dvi_encoder_m0/encg/n1d[0]' (src/hdmi/encode.v:62) (merged to equivalence)
'dvi_encoder_m0/encb/n1d[2]' (src/hdmi/encode.v:62) (optimized to 0)
### ### Sequential Elements Trimming Report (end) ### ### ### 

### ### Module Resource Usage Distribution Estimates (begin) ### ###

**Note: some resources maybe grouped under different hierarchy due to optimization and LUT mapping

Module                                                             FFs      SRLs      ADDs      LUTs    COMB4s      RAMs DSP/MULTs
------------------------------------------------------------       ---      ----      ----      ----      ----      ---- ---------
top:top                                                        274(25)      0(0)   165(24)   325(13)      0(0)      1(0)      0(0)
 +DC_FIFO_inst:DC_FIFO(DATA_WIDTH=8)                            92(58)      0(0)      0(0)    58(32)      0(0)      1(1)      0(0)
  +U1_WrAddrCnt:FifoAddrCnt(CounterWidth_C=7)                    17(9)      0(0)      0(0)     13(2)      0(0)      0(0)      0(0)
   +U1_AddrCnt:GrayCnt(CounterWidth_C=7)                          8(8)      0(0)      0(0)    11(11)      0(0)      0(0)      0(0)
  +U2_RdAddrCnt:FifoAddrCnt(CounterWidth_C=7)                    17(9)      0(0)      0(0)     13(2)      0(0)      0(0)      0(0)
   +U1_AddrCnt:GrayCnt(CounterWidth_C=7)                          8(8)      0(0)      0(0)    11(11)      0(0)      0(0)      0(0)
 +uart_rx_tx_inst:uart_rx_tx(STOP_BIT_W=1)                       70(0)      0(0)     15(0)     78(0)      0(0)      0(0)      0(0)
  +uart_tx01:uart_tx(BPS_CNT=234,STOP_BIT_W=1)                  34(34)      0(0)    15(15)    24(24)      0(0)      0(0)      0(0)
  +uart01_rx:uart_rx(BPS_CNT=234)                               36(36)      0(0)      0(0)    54(54)      0(0)      0(0)      0(0)
 +inst_rst:reset(OUT_RST_ACTIVE="LOW",CYCLE=3)                    3(3)      0(0)      0(0)      0(0)      0(0)      0(0)      0(0)
 +u_color_bar_rgb:color_bar_rgb(SYMBOL_WIDTH=8,SYMBOL_NUM...    42(42)      0(0)      0(0)    97(97)      0(0)      0(0)      0(0)
 +dvi_encoder_m0:dvi_encoder                                     42(0)      0(0)    126(0)     79(0)      0(0)      0(0)      0(0)
  +encb:encode                                                  18(18)      0(0)    42(42)    27(27)      0(0)      0(0)      0(0)
  +encr:encode                                                  12(12)      0(0)    42(42)    26(26)      0(0)      0(0)      0(0)
  +encg:encode                                                  12(12)      0(0)    42(42)    26(26)      0(0)      0(0)      0(0)

### ### Module Resource Usage Distribution Estimates (end) ### ###


### ### DSP Usage Report (begin) ### ### ### 

 No DSP in design

### ### Clock Load Distribution Report (begin) ### ###

+----------------+----------+----------+------------+----------------+
|Clock           |Flip-Flops|Shift-Regs|Memory Ports|Multipliers/DSPs|
+----------------+----------+----------+------------+----------------+
|hdmi_tx_slow_clk|       87 |        0 |          0 |              0 |
|gpio_clk_27m    |      187 |        0 |          2 |              0 |
+----------------+----------+----------+------------+----------------+

### ### Clock Load Distribution Report (end) ### ###

### ### Resource Summary (begin) ### ### ### 

INPUT  PORTS    : 	4
OUTPUT PORTS    : 	53

EFX_ADD                 : 	165
EFX_LUT4                : 	325
   1-2  Inputs          : 	72
   3    Inputs          : 	108
   4    Inputs          : 	145
EFX_FF                  : 	274
EFX_RAM10               : 	1
### ### Resource Summary (end) ### ### ###

Plain synthesis (without verilog dump and post-map checks) time : 2s
Elapsed synthesis time : 2s
