
///////////////////////////////////
// Efinity Synthesis Started 
// Sep 17, 2026 02:37:07
///////////////////////////////////

[EFX-0012 VERI-INFO] default VHDL library search path is now "/home/fr/efinity/2026.1/sim_models/vhdl/packages/vhdl_2008" (VHDL-1504) 
[EFX-0012 VERI-INFO] undeclared symbol 'tx_over', assumed default net type 'wire' (VERI-2561) (/home/fr/Program/FPGA/Iris/iris_ws/src/uart/uart_rx_tx.v:35)
[EFX-0012 VERI-INFO] undeclared symbol 'tx_busy', assumed default net type 'wire' (VERI-2561) (/home/fr/Program/FPGA/Iris/iris_ws/src/uart/uart_rx_tx.v:36)
[EFX-0012 VERI-INFO] undeclared symbol 'frame_error', assumed default net type 'wire' (VERI-2561) (/home/fr/Program/FPGA/Iris/iris_ws/src/uart/uart_rx_tx.v:53)
[EFX-0012 VERI-INFO] undeclared symbol 'checksum_error', assumed default net type 'wire' (VERI-2561) (/home/fr/Program/FPGA/Iris/iris_ws/src/uart/uart_rx_tx.v:54)
[EFX-0011 VERI-WARNING] parameter 'TCo_C' becomes localparam in 'GrayDecode' with formal parameter declaration list (VERI-1199) (/home/fr/Program/FPGA/Iris/iris_ws/src/uart/DC_FIFO_v3p7.v:778)
[EFX-0011 VERI-WARNING] port 'i_cfg_vid' remains unconnected for this instance (VERI-1927) (/home/fr/Program/FPGA/Iris/iris_ws/src/top.v:164)
[EFX-0012 VERI-INFO] compiling module 'top' (VERI-1018) (/home/fr/Program/FPGA/Iris/iris_ws/src/top.v:5)
[EFX-0012 VERI-INFO] compiling module 'DC_FIFO(DATA_WIDTH=8)' (VERI-1018) (/home/fr/Program/FPGA/Iris/iris_ws/src/uart/DC_FIFO_v3p7.v:114)
[EFX-0012 VERI-INFO] extracting RAM for identifier 'FifoBuff' (VERI-2571) (/home/fr/Program/FPGA/Iris/iris_ws/src/uart/DC_FIFO_v3p7.v:211)
[EFX-0012 VERI-INFO] compiling module 'FifoAddrCnt(CounterWidth_C=7)' (VERI-1018) (/home/fr/Program/FPGA/Iris/iris_ws/src/uart/DC_FIFO_v3p7.v:571)
[EFX-0012 VERI-INFO] compiling module 'GrayCnt(CounterWidth_C=7)' (VERI-1018) (/home/fr/Program/FPGA/Iris/iris_ws/src/uart/DC_FIFO_v3p7.v:663)
[EFX-0012 VERI-INFO] compiling module 'GrayDecode(DataWidht_C=7)' (VERI-1018) (/home/fr/Program/FPGA/Iris/iris_ws/src/uart/DC_FIFO_v3p7.v:767)
[EFX-0012 VERI-INFO] compiling module 'uart_rx_tx(STOP_BIT_W=1)' (VERI-1018) (/home/fr/Program/FPGA/Iris/iris_ws/src/uart/uart_rx_tx.v:1)
[EFX-0012 VERI-INFO] compiling module 'uart_tx(BPS_CNT=234,STOP_BIT_W=1)' (VERI-1018) (/home/fr/Program/FPGA/Iris/iris_ws/src/uart/uart_tx.v:3)
[EFX-0012 VERI-INFO] compiling module 'uart_rx(BPS_CNT=234)' (VERI-1018) (/home/fr/Program/FPGA/Iris/iris_ws/src/uart/uart_rx.v:3)
[EFX-0011 VERI-WARNING] expression size 17 truncated to fit in target size 16 (VERI-1209) (/home/fr/Program/FPGA/Iris/iris_ws/src/uart/uart_rx.v:68)
[EFX-0011 VERI-WARNING] expression size 2 truncated to fit in target size 1 (VERI-1209) (/home/fr/Program/FPGA/Iris/iris_ws/src/uart/uart_rx.v:106)
[EFX-0011 VERI-WARNING] expression size 2 truncated to fit in target size 1 (VERI-1209) (/home/fr/Program/FPGA/Iris/iris_ws/src/uart/uart_rx.v:108)
[EFX-0011 VERI-WARNING] net 'frame_error_r[1]' does not have a driver (VDB-1002) (/home/fr/Program/FPGA/Iris/iris_ws/src/uart/uart_rx.v:188)
[EFX-0012 VERI-INFO] compiling module 'reset(OUT_RST_ACTIVE="LOW",CYCLE=3)' (VERI-1018) (/home/fr/Program/FPGA/Iris/iris_ws/src/hdmi/reset.v:1)
[EFX-0012 VERI-INFO] compiling module 'color_bar_rgb(SYMBOL_WIDTH=8,SYMBOL_NUM=3,PAR_PIXEL_NUM=1,HFP=8'b01111000,HST=8'b010,HACT=12'b011110000000,HBP=8'b01011000,VFP=8'b010100,VST=8'b010,VACT=12'b011000000000,VBP=8'b010100,TEST_MODE=2'b10)' (VERI-1018) (/home/fr/Program/FPGA/Iris/iris_ws/src/hdmi/color_bar_rgb.v:3)
[EFX-0012 VERI-INFO] compiling module 'dvi_encoder' (VERI-1018) (/home/fr/Program/FPGA/Iris/iris_ws/src/hdmi/dvi_encoder.v:2)
[EFX-0012 VERI-INFO] compiling module 'encode' (VERI-1018) (/home/fr/Program/FPGA/Iris/iris_ws/src/hdmi/encode.v:46)
[EFX-0011 VERI-WARNING] expression size 9 truncated to fit in target size 8 (VERI-1209) (/home/fr/Program/FPGA/Iris/iris_ws/src/hdmi/encode.v:167)
[EFX-0011 VERI-WARNING] input port 'i_cfg_vid[23]' is not connected on this instance (VDB-1013) (/home/fr/Program/FPGA/Iris/iris_ws/src/top.v:157)
[EFX-0000 INFO] ... Setting Synthesis Option: mode=speed
[EFX-0000 INFO] ... Pre-synthesis checks begin
[EFX-0266 INFO] Module Instance 'U1_AddrCnt' input pin 'SyncClr' is tied to constant (=0).
[EFX-0200 WARNING] Removing redundant signal : i[31:0]. (/home/fr/Program/FPGA/Iris/iris_ws/src/uart/DC_FIFO_v3p7.v:785)
[EFX-0677 INFO] ... Memory 'FifoBuff' is not initialized, assuming empty initial contents. (/home/fr/Program/FPGA/Iris/iris_ws/src/uart/DC_FIFO_v3p7.v:211)
[EFX-0200 WARNING] Removing redundant signal : bit_cnt[3:0]. (/home/fr/Program/FPGA/Iris/iris_ws/src/uart/uart_tx.v:78)
[EFX-0200 WARNING] Removing redundant signal : de_r1. (/home/fr/Program/FPGA/Iris/iris_ws/src/hdmi/color_bar_rgb.v:82)
[EFX-0200 WARNING] Removing redundant signal : i_cfg_vid[23:0]. (/home/fr/Program/FPGA/Iris/iris_ws/src/hdmi/color_bar_rgb.v:23)
[EFX-0266 INFO] Module Instance 'encr' input pin 'c0' is tied to constant (=0).
[EFX-0266 INFO] Module Instance 'encr' input pin 'c1' is tied to constant (=0).
[EFX-0266 INFO] Module Instance 'encg' input pin 'c0' is tied to constant (=0).
[EFX-0266 INFO] Module Instance 'encg' input pin 'c1' is tied to constant (=0).
[EFX-0266 INFO] Module Instance 'DC_FIFO_inst' input pin 'Reset' is tied to constant (=0).
[EFX-0266 INFO] Module Instance 'uart_rx_tx_inst' input pin 'rst_n' is tied to constant (=1).
[EFX-0201 WARNING] Re-wiring to GND non-driven net/port 'i_cfg_vid[23]' in module 'color_bar_rgb(SYMBOL_WIDTH=8,SYMBOL_NUM=3,PAR_PIXEL_NUM=1,HFP=8'b01111000,HST=8'b010,HACT=12'b011110000000,HBP=8'b01011000,VFP=8'b010100,VST=8'b010,VACT=12'b011000000000,VBP=8'b010100,TEST_MODE=2'b10)'. (/home/fr/Program/FPGA/Iris/iris_ws/src/top.v:157)
[EFX-0201 WARNING] Re-wiring to GND non-driven net/port 'i_cfg_vid[22]' in module 'color_bar_rgb(SYMBOL_WIDTH=8,SYMBOL_NUM=3,PAR_PIXEL_NUM=1,HFP=8'b01111000,HST=8'b010,HACT=12'b011110000000,HBP=8'b01011000,VFP=8'b010100,VST=8'b010,VACT=12'b011000000000,VBP=8'b010100,TEST_MODE=2'b10)'. (/home/fr/Program/FPGA/Iris/iris_ws/src/top.v:157)
[EFX-0201 WARNING] Re-wiring to GND non-driven net/port 'i_cfg_vid[21]' in module 'color_bar_rgb(SYMBOL_WIDTH=8,SYMBOL_NUM=3,PAR_PIXEL_NUM=1,HFP=8'b01111000,HST=8'b010,HACT=12'b011110000000,HBP=8'b01011000,VFP=8'b010100,VST=8'b010,VACT=12'b011000000000,VBP=8'b010100,TEST_MODE=2'b10)'. (/home/fr/Program/FPGA/Iris/iris_ws/src/top.v:157)
[EFX-0201 WARNING] Re-wiring to GND non-driven net/port 'i_cfg_vid[20]' in module 'color_bar_rgb(SYMBOL_WIDTH=8,SYMBOL_NUM=3,PAR_PIXEL_NUM=1,HFP=8'b01111000,HST=8'b010,HACT=12'b011110000000,HBP=8'b01011000,VFP=8'b010100,VST=8'b010,VACT=12'b011000000000,VBP=8'b010100,TEST_MODE=2'b10)'. (/home/fr/Program/FPGA/Iris/iris_ws/src/top.v:157)
[EFX-0201 WARNING] Re-wiring to GND non-driven net/port 'i_cfg_vid[19]' in module 'color_bar_rgb(SYMBOL_WIDTH=8,SYMBOL_NUM=3,PAR_PIXEL_NUM=1,HFP=8'b01111000,HST=8'b010,HACT=12'b011110000000,HBP=8'b01011000,VFP=8'b010100,VST=8'b010,VACT=12'b011000000000,VBP=8'b010100,TEST_MODE=2'b10)'. (/home/fr/Program/FPGA/Iris/iris_ws/src/top.v:157)
[EFX-0201 WARNING] Re-wiring to GND non-driven net/port 'i_cfg_vid[18]' in module 'color_bar_rgb(SYMBOL_WIDTH=8,SYMBOL_NUM=3,PAR_PIXEL_NUM=1,HFP=8'b01111000,HST=8'b010,HACT=12'b011110000000,HBP=8'b01011000,VFP=8'b010100,VST=8'b010,VACT=12'b011000000000,VBP=8'b010100,TEST_MODE=2'b10)'. (/home/fr/Program/FPGA/Iris/iris_ws/src/top.v:157)
[EFX-0201 WARNING] Re-wiring to GND non-driven net/port 'i_cfg_vid[17]' in module 'color_bar_rgb(SYMBOL_WIDTH=8,SYMBOL_NUM=3,PAR_PIXEL_NUM=1,HFP=8'b01111000,HST=8'b010,HACT=12'b011110000000,HBP=8'b01011000,VFP=8'b010100,VST=8'b010,VACT=12'b011000000000,VBP=8'b010100,TEST_MODE=2'b10)'. (/home/fr/Program/FPGA/Iris/iris_ws/src/top.v:157)
[EFX-0201 WARNING] Re-wiring to GND non-driven net/port 'i_cfg_vid[16]' in module 'color_bar_rgb(SYMBOL_WIDTH=8,SYMBOL_NUM=3,PAR_PIXEL_NUM=1,HFP=8'b01111000,HST=8'b010,HACT=12'b011110000000,HBP=8'b01011000,VFP=8'b010100,VST=8'b010,VACT=12'b011000000000,VBP=8'b010100,TEST_MODE=2'b10)'. (/home/fr/Program/FPGA/Iris/iris_ws/src/top.v:157)
[EFX-0201 WARNING] Re-wiring to GND non-driven net/port 'i_cfg_vid[15]' in module 'color_bar_rgb(SYMBOL_WIDTH=8,SYMBOL_NUM=3,PAR_PIXEL_NUM=1,HFP=8'b01111000,HST=8'b010,HACT=12'b011110000000,HBP=8'b01011000,VFP=8'b010100,VST=8'b010,VACT=12'b011000000000,VBP=8'b010100,TEST_MODE=2'b10)'. (/home/fr/Program/FPGA/Iris/iris_ws/src/top.v:157)
[EFX-0201 WARNING] Re-wiring to GND non-driven net/port 'i_cfg_vid[14]' in module 'color_bar_rgb(SYMBOL_WIDTH=8,SYMBOL_NUM=3,PAR_PIXEL_NUM=1,HFP=8'b01111000,HST=8'b010,HACT=12'b011110000000,HBP=8'b01011000,VFP=8'b010100,VST=8'b010,VACT=12'b011000000000,VBP=8'b010100,TEST_MODE=2'b10)'. (/home/fr/Program/FPGA/Iris/iris_ws/src/top.v:157)
[EFX-0000 INFO] ... Pre-synthesis checks end (Real time : 0s CPU user time : 0s CPU sys time : 0s MEM : 90944KB)
[EFX-0000 INFO] ... NameSpace init begin
[EFX-0000 INFO] ... NameSpace init end (Real time : 0s CPU user time : 0s CPU sys time : 0s MEM : 91072KB)
[EFX-0000 INFO] ... Mapping design "top"
[EFX-0000 INFO] ... Hierarchical pre-synthesis "GrayCnt(CounterWidth_C=7)" begin
[EFX-0000 INFO] ... Hierarchical pre-synthesis "GrayCnt(CounterWidth_C=7)" end (Real time : 0s CPU user time : 0s CPU sys time : 0s MEM : 92352KB)
[EFX-0000 INFO] ... Hierarchical pre-synthesis "FifoAddrCnt(CounterWidth_C=7)" begin
[EFX-0000 INFO] ... Hierarchical pre-synthesis "FifoAddrCnt(CounterWidth_C=7)" end (Real time : 0s CPU user time : 0s CPU sys time : 0s MEM : 92352KB)
[EFX-0000 INFO] ... Hierarchical pre-synthesis "GrayDecode(DataWidht_C=7)" begin
[EFX-0000 INFO] ... Hierarchical pre-synthesis "GrayDecode(DataWidht_C=7)" end (Real time : 0s CPU user time : 0s CPU sys time : 0s MEM : 92352KB)
[EFX-0000 INFO] ... Hierarchical pre-synthesis "DC_FIFO(DATA_WIDTH=8)" begin
[EFX-0000 INFO] ... Hierarchical pre-synthesis "DC_FIFO(DATA_WIDTH=8)" end (Real time : 0s CPU user time : 0s CPU sys time : 0s MEM : 92864KB)
[EFX-0000 INFO] ... Hierarchical pre-synthesis "uart_tx(BPS_CNT=234,STOP_BIT_W=1)" begin
[EFX-0000 INFO] ... Hierarchical pre-synthesis "uart_tx(BPS_CNT=234,STOP_BIT_W=1)" end (Real time : 0s CPU user time : 0s CPU sys time : 0s MEM : 92864KB)
[EFX-0000 INFO] ... Hierarchical pre-synthesis "uart_rx(BPS_CNT=234)" begin
[EFX-0000 INFO] ... Hierarchical pre-synthesis "uart_rx(BPS_CNT=234)" end (Real time : 0s CPU user time : 0s CPU sys time : 0s MEM : 92864KB)
[EFX-0000 INFO] ... Hierarchical pre-synthesis "uart_rx_tx(STOP_BIT_W=1)" begin
[EFX-0000 INFO] ... Hierarchical pre-synthesis "uart_rx_tx(STOP_BIT_W=1)" end (Real time : 0s CPU user time : 0s CPU sys time : 0s MEM : 92864KB)
[EFX-0000 INFO] ... Hierarchical pre-synthesis "reset(OUT_RST_ACTIVE="LOW",CYCLE=3)" begin
[EFX-0000 INFO] ... Hierarchical pre-synthesis "reset(OUT_RST_ACTIVE="LOW",CYCLE=3)" end (Real time : 0s CPU user time : 0s CPU sys time : 0s MEM : 92864KB)
[EFX-0000 INFO] ... Hierarchical pre-synthesis "color_bar_rgb(SYMBOL_WIDTH=8,SYMBOL_NUM=3,PAR_PIXEL_NUM=1,HFP=8'b01111000,HST=8'b010,HACT=12'b011110000000,HBP=8'b01011000,VFP=8'b010100,VST=8'b010,VACT=12'b011000000000,VBP=8'b010100,TEST_MODE=2'b10)" begin
[EFX-0000 INFO] ... Hierarchical pre-synthesis "color_bar_rgb(SYMBOL_WIDTH=8,SYMBOL_NUM=3,PAR_PIXEL_NUM=1,HFP=8'b01111000,HST=8'b010,HACT=12'b011110000000,HBP=8'b01011000,VFP=8'b010100,VST=8'b010,VACT=12'b011000000000,VBP=8'b010100,TEST_MODE=2'b10)" end (Real time : 0s CPU user time : 0s CPU sys time : 0s MEM : 92992KB)
[EFX-0000 INFO] ... Hierarchical pre-synthesis "encode" begin
[EFX-0000 INFO] ... Hierarchical pre-synthesis "encode" end (Real time : 0s CPU user time : 0s CPU sys time : 0s MEM : 92992KB)
[EFX-0000 INFO] ... Hierarchical pre-synthesis "dvi_encoder" begin
[EFX-0000 INFO] ... Hierarchical pre-synthesis "dvi_encoder" end (Real time : 0s CPU user time : 0s CPU sys time : 0s MEM : 92992KB)
[EFX-0000 INFO] ... Hierarchical pre-synthesis "top" begin
[EFX-0000 INFO] ... Clock Enable Synthesis Performed on 46 flops.
[EFX-0000 INFO] ... Hierarchical pre-synthesis "top" end (Real time : 1s CPU user time : 0s CPU sys time : 0s MEM : 94272KB)
[EFX-0000 INFO] ... Flat optimizations begin
[EFX-0000 INFO] ... Flat optimizations end (Real time : 0s CPU user time : 0s CPU sys time : 0s MEM : 94272KB)
[EFX-0000 INFO] ... Flat synthesis begin
[EFX-0000 INFO] ... Flat synthesis end (Real time : 0s CPU user time : 0s CPU sys time : 0s MEM : 94400KB)
[EFX-0000 INFO] ... Flat optimizations begin
[EFX-0000 INFO] ... Flat optimizations end (Real time : 0s CPU user time : 0s CPU sys time : 0s MEM : 94400KB)
[EFX-0000 INFO] ... Check and break combinational loops begin
[EFX-0000 INFO] ... Check and break combinational loops end (Real time : 0s CPU user time : 0s CPU sys time : 0s MEM : 94528KB)
[EFX-0000 INFO] ... Sequential Optimization begin
[EFX-0000 INFO] ... Clock Network 'gpio_clk_27m' with 192 loads will be considered for sequential optimization.
[EFX-0000 INFO] ... Clock Network 'hdmi_tx_slow_clk' with 147 loads will be considered for sequential optimization.
[EFX-0000 INFO] ... Sequential Optimization deduced 537 equivalent points.
[EFX-0000 INFO] ... Sequential Optimization end (Real time : 0s CPU user time : 1s CPU sys time : 0s MEM : 107180KB)
[EFX-0000 INFO] ... Setup for logic synthesis begin
[EFX-0000 INFO] ... Setup for logic synthesis end (Real time : 0s CPU user time : 1s CPU sys time : 0s MEM : 107180KB)
[EFX-0000 INFO] ... LUT mapping begin
[EFX-0000 INFO] ... LS, strategy: 3, nd: 312, ed: 1022, lv: 4, pw: 754.04
[EFX-0000 INFO] ... LUT mapping end (Real time : 2s CPU user time : 2s CPU sys time : 0s MEM : 150212KB)
[EFX-0000 INFO] ... Post-synthesis Verific netlist creation begin
[EFX-0000 INFO] ... Post-synthesis Verific netlist creation end (Real time : 0s CPU user time : 2s CPU sys time : 0s MEM : 150212KB)
[EFX-0000 INFO] ... Postmap Retiming Optimization begin
[EFX-0000 INFO] ... Using advanced retiming technique.
[EFX-0000 INFO] ... Clock Network 'gpio_clk_27m~gpio_clk_27m' with 189 loads will be considered for retiming optimization.
[EFX-0000 INFO] ... Clock Network 'hdmi_tx_slow_clk~hdmi_tx_slow_clk' with 105 loads will be considered for retiming optimization.
[EFX-0000 INFO] ... Performed 2 retime moves.
[EFX-0000 INFO] ... Postmap Retiming Optimization end (Real time : 0s CPU user time : 2s CPU sys time : 0s MEM : 150212KB)
[EFX-0000 INFO] Resource Summary 
[EFX-0000 INFO] ======================================= 
[EFX-0000 INFO] EFX_ADD                 : 	165
[EFX-0000 INFO] EFX_LUT4                : 	325
[EFX-0000 INFO] EFX_FF                  : 	274
[EFX-0000 INFO] EFX_RAM10               : 	1
[EFX-0000 INFO] ======================================= 
[EFX-0000 INFO] ... Post-Map Verilog Writer begin
[EFX-0000 INFO] ... Post-Map Verilog Writer end (Real time : 0s CPU user time : 3s CPU sys time : 0s MEM : 150212KB)

///////////////////////////////////
// Efinity Synthesis Started 
// Sep 17, 2026 02:37:35
///////////////////////////////////

[EFX-0012 VERI-INFO] default VHDL library search path is now "/home/fr/efinity/2026.1/sim_models/vhdl/packages/vhdl_2008" (VHDL-1504) 
[EFX-0012 VERI-INFO] undeclared symbol 'tx_over', assumed default net type 'wire' (VERI-2561) (/home/fr/Program/FPGA/Iris/iris_ws/src/uart/uart_rx_tx.v:35)
[EFX-0012 VERI-INFO] undeclared symbol 'tx_busy', assumed default net type 'wire' (VERI-2561) (/home/fr/Program/FPGA/Iris/iris_ws/src/uart/uart_rx_tx.v:36)
[EFX-0012 VERI-INFO] undeclared symbol 'frame_error', assumed default net type 'wire' (VERI-2561) (/home/fr/Program/FPGA/Iris/iris_ws/src/uart/uart_rx_tx.v:53)
[EFX-0012 VERI-INFO] undeclared symbol 'checksum_error', assumed default net type 'wire' (VERI-2561) (/home/fr/Program/FPGA/Iris/iris_ws/src/uart/uart_rx_tx.v:54)
[EFX-0011 VERI-WARNING] parameter 'TCo_C' becomes localparam in 'GrayDecode' with formal parameter declaration list (VERI-1199) (/home/fr/Program/FPGA/Iris/iris_ws/src/uart/DC_FIFO_v3p7.v:778)
[EFX-0011 VERI-WARNING] port 'i_cfg_vid' remains unconnected for this instance (VERI-1927) (/home/fr/Program/FPGA/Iris/iris_ws/src/top.v:164)
[EFX-0012 VERI-INFO] compiling module 'top' (VERI-1018) (/home/fr/Program/FPGA/Iris/iris_ws/src/top.v:5)
[EFX-0012 VERI-INFO] compiling module 'DC_FIFO(DATA_WIDTH=8)' (VERI-1018) (/home/fr/Program/FPGA/Iris/iris_ws/src/uart/DC_FIFO_v3p7.v:114)
[EFX-0012 VERI-INFO] extracting RAM for identifier 'FifoBuff' (VERI-2571) (/home/fr/Program/FPGA/Iris/iris_ws/src/uart/DC_FIFO_v3p7.v:211)
[EFX-0012 VERI-INFO] compiling module 'FifoAddrCnt(CounterWidth_C=7)' (VERI-1018) (/home/fr/Program/FPGA/Iris/iris_ws/src/uart/DC_FIFO_v3p7.v:571)
[EFX-0012 VERI-INFO] compiling module 'GrayCnt(CounterWidth_C=7)' (VERI-1018) (/home/fr/Program/FPGA/Iris/iris_ws/src/uart/DC_FIFO_v3p7.v:663)
[EFX-0012 VERI-INFO] compiling module 'GrayDecode(DataWidht_C=7)' (VERI-1018) (/home/fr/Program/FPGA/Iris/iris_ws/src/uart/DC_FIFO_v3p7.v:767)
[EFX-0012 VERI-INFO] compiling module 'uart_rx_tx(STOP_BIT_W=1)' (VERI-1018) (/home/fr/Program/FPGA/Iris/iris_ws/src/uart/uart_rx_tx.v:1)
[EFX-0012 VERI-INFO] compiling module 'uart_tx(BPS_CNT=234,STOP_BIT_W=1)' (VERI-1018) (/home/fr/Program/FPGA/Iris/iris_ws/src/uart/uart_tx.v:3)
[EFX-0012 VERI-INFO] compiling module 'uart_rx(BPS_CNT=234)' (VERI-1018) (/home/fr/Program/FPGA/Iris/iris_ws/src/uart/uart_rx.v:3)
[EFX-0011 VERI-WARNING] expression size 17 truncated to fit in target size 16 (VERI-1209) (/home/fr/Program/FPGA/Iris/iris_ws/src/uart/uart_rx.v:68)
[EFX-0011 VERI-WARNING] expression size 2 truncated to fit in target size 1 (VERI-1209) (/home/fr/Program/FPGA/Iris/iris_ws/src/uart/uart_rx.v:106)
[EFX-0011 VERI-WARNING] expression size 2 truncated to fit in target size 1 (VERI-1209) (/home/fr/Program/FPGA/Iris/iris_ws/src/uart/uart_rx.v:108)
[EFX-0011 VERI-WARNING] net 'frame_error_r[1]' does not have a driver (VDB-1002) (/home/fr/Program/FPGA/Iris/iris_ws/src/uart/uart_rx.v:188)
[EFX-0012 VERI-INFO] compiling module 'reset(OUT_RST_ACTIVE="LOW",CYCLE=3)' (VERI-1018) (/home/fr/Program/FPGA/Iris/iris_ws/src/hdmi/reset.v:1)
[EFX-0012 VERI-INFO] compiling module 'color_bar_rgb(SYMBOL_WIDTH=8,SYMBOL_NUM=3,PAR_PIXEL_NUM=1,HFP=8'b01111000,HST=8'b010,HACT=12'b011110000000,HBP=8'b01011000,VFP=8'b010100,VST=8'b010,VACT=12'b011000000000,VBP=8'b010100,TEST_MODE=2'b10)' (VERI-1018) (/home/fr/Program/FPGA/Iris/iris_ws/src/hdmi/color_bar_rgb.v:3)
[EFX-0012 VERI-INFO] compiling module 'dvi_encoder' (VERI-1018) (/home/fr/Program/FPGA/Iris/iris_ws/src/hdmi/dvi_encoder.v:2)
[EFX-0012 VERI-INFO] compiling module 'encode' (VERI-1018) (/home/fr/Program/FPGA/Iris/iris_ws/src/hdmi/encode.v:46)
[EFX-0011 VERI-WARNING] expression size 9 truncated to fit in target size 8 (VERI-1209) (/home/fr/Program/FPGA/Iris/iris_ws/src/hdmi/encode.v:167)
[EFX-0011 VERI-WARNING] input port 'i_cfg_vid[23]' is not connected on this instance (VDB-1013) (/home/fr/Program/FPGA/Iris/iris_ws/src/top.v:157)
[EFX-0000 INFO] ... Setting Synthesis Option: mode=speed
[EFX-0000 INFO] ... Pre-synthesis checks begin
[EFX-0266 INFO] Module Instance 'U1_AddrCnt' input pin 'SyncClr' is tied to constant (=0).
[EFX-0200 WARNING] Removing redundant signal : i[31:0]. (/home/fr/Program/FPGA/Iris/iris_ws/src/uart/DC_FIFO_v3p7.v:785)
[EFX-0677 INFO] ... Memory 'FifoBuff' is not initialized, assuming empty initial contents. (/home/fr/Program/FPGA/Iris/iris_ws/src/uart/DC_FIFO_v3p7.v:211)
[EFX-0200 WARNING] Removing redundant signal : bit_cnt[3:0]. (/home/fr/Program/FPGA/Iris/iris_ws/src/uart/uart_tx.v:78)
[EFX-0200 WARNING] Removing redundant signal : de_r1. (/home/fr/Program/FPGA/Iris/iris_ws/src/hdmi/color_bar_rgb.v:82)
[EFX-0200 WARNING] Removing redundant signal : i_cfg_vid[23:0]. (/home/fr/Program/FPGA/Iris/iris_ws/src/hdmi/color_bar_rgb.v:23)
[EFX-0266 INFO] Module Instance 'encr' input pin 'c0' is tied to constant (=0).
[EFX-0266 INFO] Module Instance 'encr' input pin 'c1' is tied to constant (=0).
[EFX-0266 INFO] Module Instance 'encg' input pin 'c0' is tied to constant (=0).
[EFX-0266 INFO] Module Instance 'encg' input pin 'c1' is tied to constant (=0).
[EFX-0266 INFO] Module Instance 'DC_FIFO_inst' input pin 'Reset' is tied to constant (=0).
[EFX-0266 INFO] Module Instance 'uart_rx_tx_inst' input pin 'rst_n' is tied to constant (=1).
[EFX-0201 WARNING] Re-wiring to GND non-driven net/port 'i_cfg_vid[23]' in module 'color_bar_rgb(SYMBOL_WIDTH=8,SYMBOL_NUM=3,PAR_PIXEL_NUM=1,HFP=8'b01111000,HST=8'b010,HACT=12'b011110000000,HBP=8'b01011000,VFP=8'b010100,VST=8'b010,VACT=12'b011000000000,VBP=8'b010100,TEST_MODE=2'b10)'. (/home/fr/Program/FPGA/Iris/iris_ws/src/top.v:157)
[EFX-0201 WARNING] Re-wiring to GND non-driven net/port 'i_cfg_vid[22]' in module 'color_bar_rgb(SYMBOL_WIDTH=8,SYMBOL_NUM=3,PAR_PIXEL_NUM=1,HFP=8'b01111000,HST=8'b010,HACT=12'b011110000000,HBP=8'b01011000,VFP=8'b010100,VST=8'b010,VACT=12'b011000000000,VBP=8'b010100,TEST_MODE=2'b10)'. (/home/fr/Program/FPGA/Iris/iris_ws/src/top.v:157)
[EFX-0201 WARNING] Re-wiring to GND non-driven net/port 'i_cfg_vid[21]' in module 'color_bar_rgb(SYMBOL_WIDTH=8,SYMBOL_NUM=3,PAR_PIXEL_NUM=1,HFP=8'b01111000,HST=8'b010,HACT=12'b011110000000,HBP=8'b01011000,VFP=8'b010100,VST=8'b010,VACT=12'b011000000000,VBP=8'b010100,TEST_MODE=2'b10)'. (/home/fr/Program/FPGA/Iris/iris_ws/src/top.v:157)
[EFX-0201 WARNING] Re-wiring to GND non-driven net/port 'i_cfg_vid[20]' in module 'color_bar_rgb(SYMBOL_WIDTH=8,SYMBOL_NUM=3,PAR_PIXEL_NUM=1,HFP=8'b01111000,HST=8'b010,HACT=12'b011110000000,HBP=8'b01011000,VFP=8'b010100,VST=8'b010,VACT=12'b011000000000,VBP=8'b010100,TEST_MODE=2'b10)'. (/home/fr/Program/FPGA/Iris/iris_ws/src/top.v:157)
[EFX-0201 WARNING] Re-wiring to GND non-driven net/port 'i_cfg_vid[19]' in module 'color_bar_rgb(SYMBOL_WIDTH=8,SYMBOL_NUM=3,PAR_PIXEL_NUM=1,HFP=8'b01111000,HST=8'b010,HACT=12'b011110000000,HBP=8'b01011000,VFP=8'b010100,VST=8'b010,VACT=12'b011000000000,VBP=8'b010100,TEST_MODE=2'b10)'. (/home/fr/Program/FPGA/Iris/iris_ws/src/top.v:157)
[EFX-0201 WARNING] Re-wiring to GND non-driven net/port 'i_cfg_vid[18]' in module 'color_bar_rgb(SYMBOL_WIDTH=8,SYMBOL_NUM=3,PAR_PIXEL_NUM=1,HFP=8'b01111000,HST=8'b010,HACT=12'b011110000000,HBP=8'b01011000,VFP=8'b010100,VST=8'b010,VACT=12'b011000000000,VBP=8'b010100,TEST_MODE=2'b10)'. (/home/fr/Program/FPGA/Iris/iris_ws/src/top.v:157)
[EFX-0201 WARNING] Re-wiring to GND non-driven net/port 'i_cfg_vid[17]' in module 'color_bar_rgb(SYMBOL_WIDTH=8,SYMBOL_NUM=3,PAR_PIXEL_NUM=1,HFP=8'b01111000,HST=8'b010,HACT=12'b011110000000,HBP=8'b01011000,VFP=8'b010100,VST=8'b010,VACT=12'b011000000000,VBP=8'b010100,TEST_MODE=2'b10)'. (/home/fr/Program/FPGA/Iris/iris_ws/src/top.v:157)
[EFX-0201 WARNING] Re-wiring to GND non-driven net/port 'i_cfg_vid[16]' in module 'color_bar_rgb(SYMBOL_WIDTH=8,SYMBOL_NUM=3,PAR_PIXEL_NUM=1,HFP=8'b01111000,HST=8'b010,HACT=12'b011110000000,HBP=8'b01011000,VFP=8'b010100,VST=8'b010,VACT=12'b011000000000,VBP=8'b010100,TEST_MODE=2'b10)'. (/home/fr/Program/FPGA/Iris/iris_ws/src/top.v:157)
[EFX-0201 WARNING] Re-wiring to GND non-driven net/port 'i_cfg_vid[15]' in module 'color_bar_rgb(SYMBOL_WIDTH=8,SYMBOL_NUM=3,PAR_PIXEL_NUM=1,HFP=8'b01111000,HST=8'b010,HACT=12'b011110000000,HBP=8'b01011000,VFP=8'b010100,VST=8'b010,VACT=12'b011000000000,VBP=8'b010100,TEST_MODE=2'b10)'. (/home/fr/Program/FPGA/Iris/iris_ws/src/top.v:157)
[EFX-0201 WARNING] Re-wiring to GND non-driven net/port 'i_cfg_vid[14]' in module 'color_bar_rgb(SYMBOL_WIDTH=8,SYMBOL_NUM=3,PAR_PIXEL_NUM=1,HFP=8'b01111000,HST=8'b010,HACT=12'b011110000000,HBP=8'b01011000,VFP=8'b010100,VST=8'b010,VACT=12'b011000000000,VBP=8'b010100,TEST_MODE=2'b10)'. (/home/fr/Program/FPGA/Iris/iris_ws/src/top.v:157)
[EFX-0000 INFO] ... Pre-synthesis checks end (Real time : 0s CPU user time : 0s CPU sys time : 0s MEM : 90968KB)
[EFX-0000 INFO] ... NameSpace init begin
[EFX-0000 INFO] ... NameSpace init end (Real time : 0s CPU user time : 0s CPU sys time : 0s MEM : 91096KB)
[EFX-0000 INFO] ... Mapping design "top"
[EFX-0000 INFO] ... Hierarchical pre-synthesis "GrayCnt(CounterWidth_C=7)" begin
[EFX-0000 INFO] ... Hierarchical pre-synthesis "GrayCnt(CounterWidth_C=7)" end (Real time : 0s CPU user time : 0s CPU sys time : 0s MEM : 92248KB)
[EFX-0000 INFO] ... Hierarchical pre-synthesis "FifoAddrCnt(CounterWidth_C=7)" begin
[EFX-0000 INFO] ... Hierarchical pre-synthesis "FifoAddrCnt(CounterWidth_C=7)" end (Real time : 0s CPU user time : 0s CPU sys time : 0s MEM : 92248KB)
[EFX-0000 INFO] ... Hierarchical pre-synthesis "GrayDecode(DataWidht_C=7)" begin
[EFX-0000 INFO] ... Hierarchical pre-synthesis "GrayDecode(DataWidht_C=7)" end (Real time : 0s CPU user time : 0s CPU sys time : 0s MEM : 92248KB)
[EFX-0000 INFO] ... Hierarchical pre-synthesis "DC_FIFO(DATA_WIDTH=8)" begin
[EFX-0000 INFO] ... Hierarchical pre-synthesis "DC_FIFO(DATA_WIDTH=8)" end (Real time : 0s CPU user time : 0s CPU sys time : 0s MEM : 92760KB)
[EFX-0000 INFO] ... Hierarchical pre-synthesis "uart_tx(BPS_CNT=234,STOP_BIT_W=1)" begin
[EFX-0000 INFO] ... Hierarchical pre-synthesis "uart_tx(BPS_CNT=234,STOP_BIT_W=1)" end (Real time : 0s CPU user time : 0s CPU sys time : 0s MEM : 92760KB)
[EFX-0000 INFO] ... Hierarchical pre-synthesis "uart_rx(BPS_CNT=234)" begin
[EFX-0000 INFO] ... Hierarchical pre-synthesis "uart_rx(BPS_CNT=234)" end (Real time : 0s CPU user time : 0s CPU sys time : 0s MEM : 92760KB)
[EFX-0000 INFO] ... Hierarchical pre-synthesis "uart_rx_tx(STOP_BIT_W=1)" begin
[EFX-0000 INFO] ... Hierarchical pre-synthesis "uart_rx_tx(STOP_BIT_W=1)" end (Real time : 0s CPU user time : 0s CPU sys time : 0s MEM : 92760KB)
[EFX-0000 INFO] ... Hierarchical pre-synthesis "reset(OUT_RST_ACTIVE="LOW",CYCLE=3)" begin
[EFX-0000 INFO] ... Hierarchical pre-synthesis "reset(OUT_RST_ACTIVE="LOW",CYCLE=3)" end (Real time : 0s CPU user time : 0s CPU sys time : 0s MEM : 92760KB)
[EFX-0000 INFO] ... Hierarchical pre-synthesis "color_bar_rgb(SYMBOL_WIDTH=8,SYMBOL_NUM=3,PAR_PIXEL_NUM=1,HFP=8'b01111000,HST=8'b010,HACT=12'b011110000000,HBP=8'b01011000,VFP=8'b010100,VST=8'b010,VACT=12'b011000000000,VBP=8'b010100,TEST_MODE=2'b10)" begin
[EFX-0000 INFO] ... Hierarchical pre-synthesis "color_bar_rgb(SYMBOL_WIDTH=8,SYMBOL_NUM=3,PAR_PIXEL_NUM=1,HFP=8'b01111000,HST=8'b010,HACT=12'b011110000000,HBP=8'b01011000,VFP=8'b010100,VST=8'b010,VACT=12'b011000000000,VBP=8'b010100,TEST_MODE=2'b10)" end (Real time : 0s CPU user time : 0s CPU sys time : 0s MEM : 92888KB)
[EFX-0000 INFO] ... Hierarchical pre-synthesis "encode" begin
[EFX-0000 INFO] ... Hierarchical pre-synthesis "encode" end (Real time : 0s CPU user time : 0s CPU sys time : 0s MEM : 92888KB)
[EFX-0000 INFO] ... Hierarchical pre-synthesis "dvi_encoder" begin
[EFX-0000 INFO] ... Hierarchical pre-synthesis "dvi_encoder" end (Real time : 0s CPU user time : 0s CPU sys time : 0s MEM : 92888KB)
[EFX-0000 INFO] ... Hierarchical pre-synthesis "top" begin
[EFX-0000 INFO] ... Clock Enable Synthesis Performed on 46 flops.
[EFX-0000 INFO] ... Hierarchical pre-synthesis "top" end (Real time : 0s CPU user time : 0s CPU sys time : 0s MEM : 94168KB)
[EFX-0000 INFO] ... Flat optimizations begin
[EFX-0000 INFO] ... Flat optimizations end (Real time : 0s CPU user time : 0s CPU sys time : 0s MEM : 94296KB)
[EFX-0000 INFO] ... Flat synthesis begin
[EFX-0000 INFO] ... Flat synthesis end (Real time : 0s CPU user time : 0s CPU sys time : 0s MEM : 94552KB)
[EFX-0000 INFO] ... Flat optimizations begin
[EFX-0000 INFO] ... Flat optimizations end (Real time : 0s CPU user time : 0s CPU sys time : 0s MEM : 94552KB)
[EFX-0000 INFO] ... Check and break combinational loops begin
[EFX-0000 INFO] ... Check and break combinational loops end (Real time : 0s CPU user time : 0s CPU sys time : 0s MEM : 94552KB)
[EFX-0000 INFO] ... Sequential Optimization begin
[EFX-0000 INFO] ... Clock Network 'gpio_clk_27m' with 192 loads will be considered for sequential optimization.
[EFX-0000 INFO] ... Clock Network 'hdmi_tx_slow_clk' with 147 loads will be considered for sequential optimization.
[EFX-0000 INFO] ... Sequential Optimization deduced 537 equivalent points.
[EFX-0000 INFO] ... Sequential Optimization end (Real time : 0s CPU user time : 1s CPU sys time : 0s MEM : 107484KB)
[EFX-0000 INFO] ... Setup for logic synthesis begin
[EFX-0000 INFO] ... Setup for logic synthesis end (Real time : 0s CPU user time : 1s CPU sys time : 0s MEM : 107484KB)
[EFX-0000 INFO] ... LUT mapping begin
[EFX-0000 INFO] ... LS, strategy: 3, nd: 312, ed: 1022, lv: 4, pw: 754.04
[EFX-0000 INFO] ... LUT mapping end (Real time : 2s CPU user time : 2s CPU sys time : 0s MEM : 150948KB)
[EFX-0000 INFO] ... Post-synthesis Verific netlist creation begin
[EFX-0000 INFO] ... Post-synthesis Verific netlist creation end (Real time : 0s CPU user time : 2s CPU sys time : 0s MEM : 151076KB)
[EFX-0000 INFO] ... Postmap Retiming Optimization begin
[EFX-0000 INFO] ... Using advanced retiming technique.
[EFX-0000 INFO] ... Clock Network 'gpio_clk_27m~gpio_clk_27m' with 189 loads will be considered for retiming optimization.
[EFX-0000 INFO] ... Clock Network 'hdmi_tx_slow_clk~hdmi_tx_slow_clk' with 105 loads will be considered for retiming optimization.
[EFX-0000 INFO] ... Performed 2 retime moves.
[EFX-0000 INFO] ... Postmap Retiming Optimization end (Real time : 0s CPU user time : 3s CPU sys time : 0s MEM : 151076KB)
[EFX-0000 INFO] Resource Summary 
[EFX-0000 INFO] ======================================= 
[EFX-0000 INFO] EFX_ADD                 : 	165
[EFX-0000 INFO] EFX_LUT4                : 	325
[EFX-0000 INFO] EFX_FF                  : 	274
[EFX-0000 INFO] EFX_RAM10               : 	1
[EFX-0000 INFO] ======================================= 
[EFX-0000 INFO] ... Post-Map Verilog Writer begin
[EFX-0000 INFO] ... Post-Map Verilog Writer end (Real time : 0s CPU user time : 3s CPU sys time : 0s MEM : 151076KB)
